Archive member included to satisfy reference by file (symbol)

/home/mritunjya/rooms/cryptography/crypto-hack/crackmes-one/glibc-2.34/build/libc_pic.a(check_fds.os)
                              /home/mritunjya/rooms/cryptography/crypto-hack/crackmes-one/glibc-2.34/build/elf/dl-allobjs.os (__libc_check_standard_fds)
/home/mritunjya/rooms/cryptography/crypto-hack/crackmes-one/glibc-2.34/build/libc_pic.a(errno.os)
                              /home/mritunjya/rooms/cryptography/crypto-hack/crackmes-one/glibc-2.34/build/libc_pic.a(check_fds.os) (__libc_errno)
/home/mritunjya/rooms/cryptography/crypto-hack/crackmes-one/glibc-2.34/build/libc_pic.a(setjmp.os)
                              /home/mritunjya/rooms/cryptography/crypto-hack/crackmes-one/glibc-2.34/build/elf/dl-allobjs.os (__sigsetjmp)
/home/mritunjya/rooms/cryptography/crypto-hack/crackmes-one/glibc-2.34/build/libc_pic.a(__longjmp.os)
                              /home/mritunjya/rooms/cryptography/crypto-hack/crackmes-one/glibc-2.34/build/elf/dl-allobjs.os (__longjmp)
/home/mritunjya/rooms/cryptography/crypto-hack/crackmes-one/glibc-2.34/build/libc_pic.a(lowlevellock.os)
                              /home/mritunjya/rooms/cryptography/crypto-hack/crackmes-one/glibc-2.34/build/elf/dl-allobjs.os (__lll_lock_wait_private)
/home/mritunjya/rooms/cryptography/crypto-hack/crackmes-one/glibc-2.34/build/libc_pic.a(scratch_buffer_set_array_size.os)
                              /home/mritunjya/rooms/cryptography/crypto-hack/crackmes-one/glibc-2.34/build/elf/dl-allobjs.os (__libc_scratch_buffer_set_array_size)
/home/mritunjya/rooms/cryptography/crypto-hack/crackmes-one/glibc-2.34/build/libc_pic.a(strchr.os)
                              /home/mritunjya/rooms/cryptography/crypto-hack/crackmes-one/glibc-2.34/build/elf/dl-allobjs.os (strchr)
/home/mritunjya/rooms/cryptography/crypto-hack/crackmes-one/glibc-2.34/build/libc_pic.a(strcmp.os)
                              /home/mritunjya/rooms/cryptography/crypto-hack/crackmes-one/glibc-2.34/build/elf/dl-allobjs.os (strcmp)
/home/mritunjya/rooms/cryptography/crypto-hack/crackmes-one/glibc-2.34/build/libc_pic.a(strcspn.os)
                              /home/mritunjya/rooms/cryptography/crypto-hack/crackmes-one/glibc-2.34/build/elf/dl-allobjs.os (strcspn)
/home/mritunjya/rooms/cryptography/crypto-hack/crackmes-one/glibc-2.34/build/libc_pic.a(strdup.os)
                              /home/mritunjya/rooms/cryptography/crypto-hack/crackmes-one/glibc-2.34/build/elf/dl-allobjs.os (__strdup)
/home/mritunjya/rooms/cryptography/crypto-hack/crackmes-one/glibc-2.34/build/libc_pic.a(strlen.os)
                              /home/mritunjya/rooms/cryptography/crypto-hack/crackmes-one/glibc-2.34/build/elf/dl-allobjs.os (strlen)
/home/mritunjya/rooms/cryptography/crypto-hack/crackmes-one/glibc-2.34/build/libc_pic.a(strnlen.os)
                              /home/mritunjya/rooms/cryptography/crypto-hack/crackmes-one/glibc-2.34/build/elf/dl-allobjs.os (strnlen)
/home/mritunjya/rooms/cryptography/crypto-hack/crackmes-one/glibc-2.34/build/libc_pic.a(strncmp.os)
                              /home/mritunjya/rooms/cryptography/crypto-hack/crackmes-one/glibc-2.34/build/elf/dl-allobjs.os (strncmp)
/home/mritunjya/rooms/cryptography/crypto-hack/crackmes-one/glibc-2.34/build/libc_pic.a(memchr.os)
                              /home/mritunjya/rooms/cryptography/crypto-hack/crackmes-one/glibc-2.34/build/elf/dl-allobjs.os (memchr)
/home/mritunjya/rooms/cryptography/crypto-hack/crackmes-one/glibc-2.34/build/libc_pic.a(memcmp.os)
                              /home/mritunjya/rooms/cryptography/crypto-hack/crackmes-one/glibc-2.34/build/elf/dl-allobjs.os (memcmp)
/home/mritunjya/rooms/cryptography/crypto-hack/crackmes-one/glibc-2.34/build/libc_pic.a(memmove.os)
                              /home/mritunjya/rooms/cryptography/crypto-hack/crackmes-one/glibc-2.34/build/elf/dl-allobjs.os (memmove)
/home/mritunjya/rooms/cryptography/crypto-hack/crackmes-one/glibc-2.34/build/libc_pic.a(memset.os)
                              /home/mritunjya/rooms/cryptography/crypto-hack/crackmes-one/glibc-2.34/build/elf/dl-allobjs.os (memset)
/home/mritunjya/rooms/cryptography/crypto-hack/crackmes-one/glibc-2.34/build/libc_pic.a(mempcpy.os)
                              /home/mritunjya/rooms/cryptography/crypto-hack/crackmes-one/glibc-2.34/build/elf/dl-allobjs.os (__mempcpy)
/home/mritunjya/rooms/cryptography/crypto-hack/crackmes-one/glibc-2.34/build/libc_pic.a(stpcpy.os)
                              /home/mritunjya/rooms/cryptography/crypto-hack/crackmes-one/glibc-2.34/build/elf/dl-allobjs.os (__stpcpy)
/home/mritunjya/rooms/cryptography/crypto-hack/crackmes-one/glibc-2.34/build/libc_pic.a(memcpy.os)
                              /home/mritunjya/rooms/cryptography/crypto-hack/crackmes-one/glibc-2.34/build/libc_pic.a(check_fds.os) (__GI_memcpy)
/home/mritunjya/rooms/cryptography/crypto-hack/crackmes-one/glibc-2.34/build/libc_pic.a(rawmemchr.os)
[...]
Memory Configuration

Name             Origin             Length             Attributes
*default*        0x0000000000000000 0xffffffffffffffff

Linker script and memory map

LOAD /home/mritunjya/rooms/cryptography/crypto-hack/crackmes-one/glibc-2.34/build/elf/librtld.mapT.o
START GROUP
LOAD /home/mritunjya/rooms/cryptography/crypto-hack/crackmes-one/glibc-2.34/build/elf/dl-allobjs.os
LOAD /home/mritunjya/rooms/cryptography/crypto-hack/crackmes-one/glibc-2.34/build/libc_pic.a
LOAD /usr/lib/gcc/x86_64-linux-gnu/8/libgcc.a
END GROUP

.interp
 *(.interp)

.note.gnu.build-id
 *(.note.gnu.build-id)

.hash
 *(.hash)

.gnu.hash
 *(.gnu.hash)

.dynsym
 *(.dynsym)

.dynstr
 *(.dynstr)

.gnu.version
 *(.gnu.version)

.gnu.version_d
 *(.gnu.version_d)

.gnu.version_r
 *(.gnu.version_r)

.rela.init
 *(.rela.init)

.rela.text
 *(.rela.text)

.rela.fini
 *(.rela.fini)

.rela.rodata
 *(.rela.rodata)

.rela.data.rel.ro
 *(.rela.data.rel.ro)

.rela.data
 *(.rela.data)

.rela.tdata
 *(.rela.tdata)

.rela.tbss
 *(.rela.tbss)

.rela.ctors
 *(.rela.ctors)

.rela.dtors
 *(.rela.dtors)

.rela.got
 *(.rela.got)

.rela.bss
 *(.rela.bss)

.rela.ldata
 *(.rela.ldata)

.rela.lbss
 *(.rela.lbss)

.rela.lrodata
 *(.rela.lrodata)

.rela.ifunc
 *(.rela.ifunc)

.rela.plt
 *(.rela.plt)

.init
 *(SORT_NONE(.init))

.plt
 *(.plt)

.plt.got
 *(.plt.got)

.plt.sec
 *(.plt.sec)

.text           0x0000000000000000    0x267ec
 *(.text .stub)
 .text          0x0000000000000000        0x0 /home/mritunjya/rooms/cryptography/crypto-hack/crackmes-one/glibc-2.34/build/elf/librtld.mapT.o
                0x0000000000000000                __stack_chk_fail_local
                0x0000000000000000                malloc
                0x0000000000000000                __stack_chk_fail
                0x0000000000000000                calloc
                0x0000000000000000                __GI___pthread_enable_asynccancel
                0x0000000000000000                realloc
                0x0000000000000000                __GI___pthread_disable_asynccancel
                0x0000000000000000                __pthread_enable_asynccancel
                0x0000000000000000                __pthread_disable_asynccancel
                0x0000000000000000                free
 .text          0x0000000000000000    0x1fc24 /home/mritunjya/rooms/cryptography/crypto-hack/crackmes-one/glibc-2.34/build/elf/dl-allobjs.os
                0x0000000000000000                _start
                0x0000000000000008                _dl_start_user
                0x0000000000001390                handle_preload_list
                0x0000000000006550                _dl_dst_count
                0x00000000000065f0                _dl_dst_substitute
                0x0000000000006da0                _dl_init_paths
                0x0000000000007110                _dl_process_pt_gnu_property
                0x0000000000008800                _dl_map_object
                0x0000000000009330                _dl_rtld_di_serinfo
                0x000000000000a220                _dl_lookup_symbol_x
                0x000000000000b130                _dl_setup_hash
                0x000000000000b1f0                _dl_add_to_namespace_list
                0x000000000000b290                _dl_new_object
                0x000000000000b680                _dl_try_allocate_static_tls
                0x000000000000b7b0                _dl_allocate_static_tls
                0x000000000000b7f0                _dl_protect_relro
                0x000000000000b860                _dl_reloc_bad_type
                0x000000000000b930                _dl_relocate_object
                0x000000000000d6f0                _dl_map_object_deps
                0x000000000000e8d0                _dl_fixup
                0x000000000000ea80                _dl_profile_fixup
                0x000000000000f130                _dl_call_pltexit
                0x000000000000f3d0                _dl_init
                0x000000000000f500                _dl_fini
                0x000000000000f930                _dl_debug_state
                0x000000000000f930                __GI__dl_debug_state
                0x000000000000f940                _dl_debug_initialize
                0x0000000000010180                _dl_sysdep_read_whole_file
                0x0000000000010210                _dl_debug_printf
                0x00000000000102c0                _dl_debug_printf_c
                0x0000000000010370                _dl_dprintf
                0x0000000000010410                _dl_printf
                0x00000000000104c0                _dl_error_printf
                0x0000000000010570                _dl_fatal_printf
                0x0000000000010570                __GI__dl_fatal_printf
                0x0000000000010620                _dl_name_match_p
                0x0000000000010690                _dl_higher_prime_number
                0x0000000000010710                _dl_strtoul
                0x0000000000010870                _dl_check_map_versions
                0x0000000000010fc0                _dl_check_all_versions
                0x0000000000011030                _dl_start_profile
                0x0000000000011840                __GI__dl_mcount
                0x0000000000011840                _dl_mcount
                0x0000000000011d90                _dl_tls_static_surplus_init
                0x0000000000011e20                _dl_assign_tls_modid
                0x0000000000011f40                _dl_count_modids
                0x0000000000011fb0                _dl_determine_tlsoffset
                0x0000000000012160                _dl_get_tls_static_info
                0x0000000000012180                _dl_allocate_tls_storage
                0x0000000000012250                __GI__dl_allocate_tls_init
                0x0000000000012250                _dl_allocate_tls_init
                0x00000000000124b0                __GI__dl_allocate_tls
                0x00000000000124b0                _dl_allocate_tls
                0x00000000000124f0                _dl_deallocate_tls
                0x00000000000124f0                __GI__dl_deallocate_tls
                0x0000000000012580                _dl_update_slotinfo
                0x00000000000127d0                __GI___tls_get_addr
                0x00000000000127d0                ___tls_get_addr
                0x0000000000012820                _dl_tls_get_addr_soft
                0x00000000000128a0                _dl_add_to_slotinfo
                0x00000000000129c0                _dl_init_static_tls
                0x0000000000012af0                __tls_get_addr_slow
                0x0000000000012b20                _dl_get_origin
                0x0000000000012cd0                _dl_scope_free
                0x0000000000012db0                __GI___nptl_change_stack_perm
                0x0000000000012db0                __nptl_change_stack_perm
                0x0000000000012df0                _dl_make_stacks_executable
                0x0000000000013220                __GI__dl_find_dso_for_object
                0x0000000000013220                _dl_find_dso_for_object
                0x00000000000132f0                _dl_open
                0x0000000000013630                _dl_show_scope
                0x0000000000014410                _dl_close_worker
                0x0000000000015560                _dl_close
                0x00000000000155d0                _dl_runtime_profile_avx512
                0x0000000000015a50                _dl_runtime_profile_avx
                0x0000000000015ed0                _dl_runtime_profile_sse
                0x00000000000160d0                _dl_runtime_resolve_fxsave
                0x0000000000016150                _dl_runtime_resolve_xsave
                0x0000000000016220                _dl_runtime_resolve_xsavec
                0x0000000000016300                _dl_error_free
                0x0000000000016330                _dl_exception_create
                0x0000000000016330                __GI__dl_exception_create
                0x0000000000016430                __GI__dl_exception_create_format
                0x0000000000016430                _dl_exception_create_format
                0x00000000000168b0                _dl_exception_free
                0x00000000000168b0                __GI__dl_exception_free
                0x00000000000168e0                _dl_sort_maps
                0x0000000000016c90                _dl_lookup_direct
                0x0000000000016e60                _dl_call_libc_early_init
                0x0000000000016ef0                _dl_write
                0x0000000000016f00                __thread_gscope_wait
                0x0000000000017110                __tls_pre_init_tp
                0x0000000000017170                __tls_init_tp
                0x0000000000017240                _dl_cache_libcmp
                0x0000000000017ab0                _dl_load_cache_lookup
                0x0000000000017e70                _dl_unload_cache
                0x0000000000017fe0                __GI___tunable_set_val
                0x0000000000018010                __GI___tunables_init
                0x00000000000185b0                __GI___tunables_print
                0x00000000000186b0                __tunable_get_val
                0x00000000000186b0                __GI___tunable_get_val
                0x0000000000018740                _dl_make_tlsdesc_dynamic
                0x00000000000189f0                _dl_unmap
                0x0000000000018a70                _dl_tlsdesc_return
                0x0000000000018a80                _dl_tlsdesc_undefweak
                0x0000000000018aa0                _dl_tlsdesc_dynamic
                0x0000000000018b40                __tls_get_addr
                0x000000000001abb0                __x86_cpu_features
                0x000000000001abe0                _dl_x86_init_cpu_features
                0x000000000001ac00                _dl_x86_get_cpu_features
                0x000000000001b010                _dl_cet_open_check
                0x000000000001b020                _dl_cet_check
                0x000000000001b030                _dl_tunable_set_hwcaps
                0x000000000001bb50                _dl_tunable_set_x86_ibt
                0x000000000001bbd0                _dl_tunable_set_x86_shstk
                0x000000000001bc50                _dl_sysdep_start
                0x000000000001c010                _dl_sysdep_start_cleanup
                0x000000000001c020                _dl_show_auxv
                0x000000000001c1c0                _dl_discover_osversion
                0x000000000001c3a0                _dl_next_ld_env_entry
                0x000000000001c3f0                unsetenv
                0x000000000001c620                __rtld_malloc_init_stubs
                0x000000000001c660                __sigjmp_save
                0x000000000001c670                __strerror_r
                0x000000000001c760                __GI___libc_fatal
                0x000000000001c760                __libc_fatal
                0x000000000001c780                __GI___chk_fail
                0x000000000001c780                __chk_fail
                0x000000000001c7a0                __GI___assert_fail
                0x000000000001c7a0                __assert_fail
                0x000000000001c870                __rtld_malloc_is_complete
                0x000000000001cae0                __rtld_malloc_init_real
                0x000000000001cbe0                __GI___assert_perror_fail
                0x000000000001cbe0                __assert_perror_fail
                0x000000000001cc40                _itoa
                0x000000000001cca0                __strsep
                0x000000000001cca0                strsep
                0x000000000001cca0                __strsep_g
                0x000000000001cdd0                _dl_signal_exception
                0x000000000001ce20                _dl_signal_error
                0x000000000001ce70                _dl_signal_cexception
                0x000000000001cef0                _dl_signal_cerror
                0x000000000001cf80                _dl_catch_exception
                0x000000000001d070                _dl_catch_error
                0x000000000001d0c0                _dl_receive_error
                0x000000000001d110                _rtld_catch_error
                0x000000000001d120                _dl_resolve_conflicts
                0x000000000001d390                _dl_important_hwcaps
                0x000000000001dd00                _dl_hwcaps_split
                0x000000000001dd30                _dl_hwcaps_contains
                0x000000000001ddd0                _dl_hwcaps_split_masked
                0x000000000001de30                _dl_hwcaps_subdirs_active
                0x000000000001dff0                _dl_usage
                0x000000000001e040                _dl_version
                0x000000000001e060                _dl_help
                0x000000000001e5d0                _dl_diagnostics_print_string
                0x000000000001e660                _dl_diagnostics_print_labeled_string
                0x000000000001e6b0                _dl_diagnostics_print_labeled_value
                0x000000000001e6d0                _dl_print_diagnostics
                0x000000000001eb80                _dl_diagnostics_kernel
                0x000000000001ec20                _dl_diagnostics_cpu
                0x000000000001f2b0                __rtld_mutex_init
                0x000000000001f3a0                __brk
                0x000000000001f3a0                brk
                0x000000000001f3d0                sbrk
                0x000000000001f3d0                __sbrk
                0x000000000001f470                __getcwd
                0x000000000001f470                getcwd
                0x000000000001fa50                openat64
                0x000000000001fab0                __alloc_dir
                0x000000000001fb90                __opendir
                0x000000000001fb90                opendir
 *fill*         0x000000000001fc24        0xc 
 .text          0x000000000001fc30       0xd6 /home/mritunjya/rooms/cryptography/crypto-hack/crackmes-one/glibc-2.34/build/libc_pic.a(check_fds.os)
                0x000000000001fcd0                __libc_check_standard_fds
 .text          0x000000000001fd06        0x0 /home/mritunjya/rooms/cryptography/crypto-hack/crackmes-one/glibc-2.34/build/libc_pic.a(errno.os)
 *fill*         0x000000000001fd06        0xa 
 .text          0x000000000001fd10       0x72 /home/mritunjya/rooms/cryptography/crypto-hack/crackmes-one/glibc-2.34/build/libc_pic.a(setjmp.os)
                0x000000000001fd10                __sigsetjmp
                0x000000000001fd10                __GI___sigsetjmp
 *fill*         0x000000000001fd82        0xe 
 .text          0x000000000001fd90       0x8e /home/mritunjya/rooms/cryptography/crypto-hack/crackmes-one/glibc-2.34/build/libc_pic.a(__longjmp.os)
                0x000000000001fd90                __longjmp
 *fill*         0x000000000001fe1e        0x2 
 .text          0x000000000001fe20      0x118 /home/mritunjya/rooms/cryptography/crypto-hack/crackmes-one/glibc-2.34/build/libc_pic.a(lowlevellock.os)
                0x000000000001fe20                __GI___lll_lock_wait_private
                0x000000000001fe20                __lll_lock_wait_private
                0x000000000001fe90                __lll_lock_wait
                0x000000000001fe90                __GI___lll_lock_wait
                0x000000000001ff00                __lll_lock_wake_private
                0x000000000001ff00                __GI___lll_lock_wake_private
                0x000000000001ff20                __lll_lock_wake
                0x000000000001ff20                __GI___lll_lock_wake
 *fill*         0x000000000001ff38        0x8 
 .text          0x000000000001ff40       0xb8 /home/mritunjya/rooms/cryptography/crypto-hack/crackmes-one/glibc-2.34/build/libc_pic.a(scratch_buffer_set_array_size.os)
                0x000000000001ff40                __libc_scratch_buffer_set_array_size
                0x000000000001ff40                __GI___libc_scratch_buffer_set_array_size
 *fill*         0x000000000001fff8        0x8 
 .text          0x0000000000020000       0x78 /home/mritunjya/rooms/cryptography/crypto-hack/crackmes-one/glibc-2.34/build/libc_pic.a(strchr.os)
                0x0000000000020000                __GI_strchr
                0x0000000000020000                index
                0x0000000000020000                strchr
 *fill*         0x0000000000020078        0x8 
 .text          0x0000000000020080       0x8f /home/mritunjya/rooms/cryptography/crypto-hack/crackmes-one/glibc-2.34/build/libc_pic.a(strcmp.os)
                0x0000000000020080                __GI_strcmp
                0x0000000000020080                strcmp
 *fill*         0x000000000002010f        0x1 
 .text          0x0000000000020110       0x25 /home/mritunjya/rooms/cryptography/crypto-hack/crackmes-one/glibc-2.34/build/libc_pic.a(strcspn.os)
                0x0000000000020110                strcspn
                0x0000000000020110                __GI_strcspn
 *fill*         0x0000000000020135        0xb 
 .text          0x0000000000020140       0x49 /home/mritunjya/rooms/cryptography/crypto-hack/crackmes-one/glibc-2.34/build/libc_pic.a(strdup.os)
                0x0000000000020140                __GI___strdup
                0x0000000000020140                __strdup
                0x0000000000020140                strdup
 *fill*         0x0000000000020189        0x7 
 .text          0x0000000000020190       0x78 /home/mritunjya/rooms/cryptography/crypto-hack/crackmes-one/glibc-2.34/build/libc_pic.a(strlen.os)
                0x0000000000020190                strlen
                0x0000000000020190                __GI_strlen
 *fill*         0x0000000000020208        0x8 
 .text          0x0000000000020210       0x78 /home/mritunjya/rooms/cryptography/crypto-hack/crackmes-one/glibc-2.34/build/libc_pic.a(strnlen.os)
                0x0000000000020210                __strnlen
                0x0000000000020210                strnlen
                0x0000000000020210                __GI___strnlen
                0x0000000000020210                __GI_strnlen
 *fill*         0x0000000000020288        0x8 
 .text          0x0000000000020290       0x9f /home/mritunjya/rooms/cryptography/crypto-hack/crackmes-one/glibc-2.34/build/libc_pic.a(strncmp.os)
                0x0000000000020290                __GI_strncmp
                0x0000000000020290                strncmp
 *fill*         0x000000000002032f        0x1 
 .text          0x0000000000020330       0x8d /home/mritunjya/rooms/cryptography/crypto-hack/crackmes-one/glibc-2.34/build/libc_pic.a(memchr.os)
                0x0000000000020330                __GI_memchr
                0x0000000000020330                memchr
                0x0000000000020330                __memchr
 *fill*         0x00000000000203bd        0x3 
 .text          0x00000000000203c0       0x99 /home/mritunjya/rooms/cryptography/crypto-hack/crackmes-one/glibc-2.34/build/libc_pic.a(memcmp.os)
                0x00000000000203c0                bcmp
                0x00000000000203c0                __GI_memcmp
                0x00000000000203c0                memcmp
 *fill*         0x0000000000020459        0x7 
 .text          0x0000000000020460      0x121 /home/mritunjya/rooms/cryptography/crypto-hack/crackmes-one/glibc-2.34/build/libc_pic.a(memmove.os)
                0x0000000000020460                memmove
                0x0000000000020460                __GI_memmove
                0x0000000000020460                __libc_memmove
 *fill*         0x0000000000020581        0xf 
 .text          0x0000000000020590       0xf1 /home/mritunjya/rooms/cryptography/crypto-hack/crackmes-one/glibc-2.34/build/libc_pic.a(memset.os)
                0x0000000000020590                __GI_memset
                0x0000000000020590                memset
 *fill*         0x0000000000020681        0xf 
 .text          0x0000000000020690      0x121 /home/mritunjya/rooms/cryptography/crypto-hack/crackmes-one/glibc-2.34/build/libc_pic.a(mempcpy.os)
                0x0000000000020690                mempcpy
                0x0000000000020690                __GI_mempcpy
                0x0000000000020690                __mempcpy
                0x0000000000020690                __GI___mempcpy
 *fill*         0x00000000000207b1        0xf 
 .text          0x00000000000207c0       0x81 /home/mritunjya/rooms/cryptography/crypto-hack/crackmes-one/glibc-2.34/build/libc_pic.a(stpcpy.os)
                0x00000000000207c0                stpcpy
                0x00000000000207c0                __GI_stpcpy
                0x00000000000207c0                __stpcpy
                0x00000000000207c0                __GI___stpcpy
 *fill*         0x0000000000020841        0xf 
 .text          0x0000000000020850      0x121 /home/mritunjya/rooms/cryptography/crypto-hack/crackmes-one/glibc-2.34/build/libc_pic.a(memcpy.os)
                0x0000000000020850                __GI_memcpy
                0x0000000000020850                __SI__new_memcpy_0
                0x0000000000020850                __new_memcpy
                0x0000000000020850                memcpy@@GLIBC_2.14
 *fill*         0x0000000000020971        0xf 
 .text          0x0000000000020980       0x8d /home/mritunjya/rooms/cryptography/crypto-hack/crackmes-one/glibc-2.34/build/libc_pic.a(rawmemchr.os)
                0x0000000000020980                __GI___rawmemchr
                0x0000000000020980                __rawmemchr
                0x0000000000020980                rawmemchr
 *fill*         0x0000000000020a0d        0x3 
 .text          0x0000000000020a10     0x1449 /home/mritunjya/rooms/cryptography/crypto-hack/crackmes-one/glibc-2.34/build/libc_pic.a(strcmp-sse2.os)
                0x0000000000020a10                __strcmp_sse2
 *fill*         0x0000000000021e59        0x7 
 .text          0x0000000000021e60      0x2a3 /home/mritunjya/rooms/cryptography/crypto-hack/crackmes-one/glibc-2.34/build/libc_pic.a(strcmp-sse2-unaligned.os)
                0x0000000000021e60                __strcmp_sse2_unaligned
 .text          0x0000000000022103        0x0 /home/mritunjya/rooms/cryptography/crypto-hack/crackmes-one/glibc-2.34/build/libc_pic.a(strcmp-ssse3.os)
 .text          0x0000000000022103        0x0 /home/mritunjya/rooms/cryptography/crypto-hack/crackmes-one/glibc-2.34/build/libc_pic.a(strcmp-avx2.os)
 *fill*         0x0000000000022103        0xd 
 .text          0x0000000000022110     0x1859 /home/mritunjya/rooms/cryptography/crypto-hack/crackmes-one/glibc-2.34/build/libc_pic.a(strncmp-sse2.os)
                0x0000000000022110                __strncmp_sse2
 .text          0x0000000000023969        0x0 /home/mritunjya/rooms/cryptography/crypto-hack/crackmes-one/glibc-2.34/build/libc_pic.a(strncmp-ssse3.os)
 .text          0x0000000000023969        0x0 /home/mritunjya/rooms/cryptography/crypto-hack/crackmes-one/glibc-2.34/build/libc_pic.a(strncmp-sse4_2.os)
 .text          0x0000000000023969        0x0 /home/mritunjya/rooms/cryptography/crypto-hack/crackmes-one/glibc-2.34/build/libc_pic.a(strncmp-avx2.os)
 *fill*         0x0000000000023969        0x7 
 .text          0x0000000000023970      0x323 /home/mritunjya/rooms/cryptography/crypto-hack/crackmes-one/glibc-2.34/build/libc_pic.a(memchr-sse2.os)
                0x0000000000023970                __memchr_sse2
 *fill*         0x0000000000023c93        0xd 
 .text          0x0000000000023ca0      0x209 /home/mritunjya/rooms/cryptography/crypto-hack/crackmes-one/glibc-2.34/build/libc_pic.a(rawmemchr-sse2.os)
                0x0000000000023ca0                __rawmemchr_sse2
 .text          0x0000000000023ea9        0x0 /home/mritunjya/rooms/cryptography/crypto-hack/crackmes-one/glibc-2.34/build/libc_pic.a(memchr-avx2.os)
 .text          0x0000000000023ea9        0x0 /home/mritunjya/rooms/cryptography/crypto-hack/crackmes-one/glibc-2.34/build/libc_pic.a(rawmemchr-avx2.os)
 *fill*         0x0000000000023ea9        0x7 
 .text          0x0000000000023eb0      0x400 /home/mritunjya/rooms/cryptography/crypto-hack/crackmes-one/glibc-2.34/build/libc_pic.a(memcmp-sse2.os)
                0x0000000000023eb0                __memcmp_sse2
 .text          0x00000000000242b0        0x0 /home/mritunjya/rooms/cryptography/crypto-hack/crackmes-one/glibc-2.34/build/libc_pic.a(memcmp-avx2-movbe.os)
 .text          0x00000000000242b0        0x0 /home/mritunjya/rooms/cryptography/crypto-hack/crackmes-one/glibc-2.34/build/libc_pic.a(memcmp-sse4.os)
 .text          0x00000000000242b0        0x0 /home/mritunjya/rooms/cryptography/crypto-hack/crackmes-one/glibc-2.34/build/libc_pic.a(memcpy-ssse3.os)
 .text          0x00000000000242b0        0x0 /home/mritunjya/rooms/cryptography/crypto-hack/crackmes-one/glibc-2.34/build/libc_pic.a(memmove-ssse3.os)
 .text          0x00000000000242b0        0x0 /home/mritunjya/rooms/cryptography/crypto-hack/crackmes-one/glibc-2.34/build/libc_pic.a(memcpy-ssse3-back.os)
 .text          0x00000000000242b0        0x0 /home/mritunjya/rooms/cryptography/crypto-hack/crackmes-one/glibc-2.34/build/libc_pic.a(memmove-ssse3-back.os)
 .text          0x00000000000242b0        0x0 /home/mritunjya/rooms/cryptography/crypto-hack/crackmes-one/glibc-2.34/build/libc_pic.a(memmove-avx512-no-vzeroupper.os)
 .text          0x00000000000242b0      0x22a /home/mritunjya/rooms/cryptography/crypto-hack/crackmes-one/glibc-2.34/build/libc_pic.a(strchr-sse2.os)
                0x00000000000242b0                __strchr_sse2
 .text          0x00000000000244da        0x0 /home/mritunjya/rooms/cryptography/crypto-hack/crackmes-one/glibc-2.34/build/libc_pic.a(strchr-avx2.os)
 *fill*         0x00000000000244da        0x6 
 .text          0x00000000000244e0      0x19c /home/mritunjya/rooms/cryptography/crypto-hack/crackmes-one/glibc-2.34/build/libc_pic.a(strlen-sse2.os)
                0x00000000000244e0                __strlen_sse2
 *fill*         0x000000000002467c        0x4 
 .text          0x0000000000024680      0x218 /home/mritunjya/rooms/cryptography/crypto-hack/crackmes-one/glibc-2.34/build/libc_pic.a(strnlen-sse2.os)
                0x0000000000024680                __strnlen_sse2
 .text          0x0000000000024898        0x0 /home/mritunjya/rooms/cryptography/crypto-hack/crackmes-one/glibc-2.34/build/libc_pic.a(strlen-avx2.os)
 .text          0x0000000000024898        0x0 /home/mritunjya/rooms/cryptography/crypto-hack/crackmes-one/glibc-2.34/build/libc_pic.a(strnlen-avx2.os)
 *fill*         0x0000000000024898        0x8 
 .text          0x00000000000248a0       0xec /home/mritunjya/rooms/cryptography/crypto-hack/crackmes-one/glibc-2.34/build/libc_pic.a(stpcpy-sse2.os)
                0x00000000000248a0                __stpcpy_sse2
 .text          0x000000000002498c        0x0 /home/mritunjya/rooms/cryptography/crypto-hack/crackmes-one/glibc-2.34/build/libc_pic.a(stpcpy-ssse3.os)
 *fill*         0x000000000002498c        0x4 
 .text          0x0000000000024990      0x6c0 /home/mritunjya/rooms/cryptography/crypto-hack/crackmes-one/glibc-2.34/build/libc_pic.a(stpcpy-sse2-unaligned.os)
                0x0000000000024990                __stpcpy_sse2_unaligned
 .text          0x0000000000025050        0x0 /home/mritunjya/rooms/cryptography/crypto-hack/crackmes-one/glibc-2.34/build/libc_pic.a(stpcpy-avx2.os)
 .text          0x0000000000025050        0x0 /home/mritunjya/rooms/cryptography/crypto-hack/crackmes-one/glibc-2.34/build/libc_pic.a(strchr-sse2-no-bsf.os)
 .text          0x0000000000025050        0x0 /home/mritunjya/rooms/cryptography/crypto-hack/crackmes-one/glibc-2.34/build/libc_pic.a(memcmp-ssse3.os)
 .text          0x0000000000025050       0xa7 /home/mritunjya/rooms/cryptography/crypto-hack/crackmes-one/glibc-2.34/build/libc_pic.a(strcspn-sse2.os)
                0x0000000000025050                __strcspn_sse2
 .text          0x00000000000250f7        0x0 /home/mritunjya/rooms/cryptography/crypto-hack/crackmes-one/glibc-2.34/build/libc_pic.a(strcspn-c.os)
 .text          0x00000000000250f7        0x0 /home/mritunjya/rooms/cryptography/crypto-hack/crackmes-one/glibc-2.34/build/libc_pic.a(varshift.os)
 .text          0x00000000000250f7        0x0 /home/mritunjya/rooms/cryptography/crypto-hack/crackmes-one/glibc-2.34/build/libc_pic.a(memset-avx512-no-vzeroupper.os)
 *fill*         0x00000000000250f7        0x9 
 .text          0x0000000000025100      0x692 /home/mritunjya/rooms/cryptography/crypto-hack/crackmes-one/glibc-2.34/build/libc_pic.a(memmove-sse2-unaligned-erms.os)
                0x0000000000025100                __mempcpy_chk_sse2_unaligned
                0x0000000000025110                __mempcpy_sse2_unaligned
                0x0000000000025120                __memcpy_chk_sse2_unaligned
                0x0000000000025120                __memmove_chk_sse2_unaligned
                0x0000000000025130                __memmove_sse2_unaligned
                0x0000000000025130                __SI__memmove_sse2_unaligned_0
                0x0000000000025130                __memcpy_sse2_unaligned
                0x0000000000025130                memcpy@GLIBC_2.2.5
                0x0000000000025160                __mempcpy_chk_erms
                0x0000000000025170                __mempcpy_erms
                0x0000000000025190                __memcpy_chk_erms
                0x0000000000025190                __memmove_chk_erms
                0x00000000000251a0                __memmove_erms
                0x00000000000251a0                __memcpy_erms
                0x00000000000251e0                __mempcpy_chk_sse2_unaligned_erms
                0x00000000000251f0                __mempcpy_sse2_unaligned_erms
                0x0000000000025200                __memmove_chk_sse2_unaligned_erms
                0x0000000000025200                __memcpy_chk_sse2_unaligned_erms
                0x0000000000025210                __memmove_sse2_unaligned_erms
                0x0000000000025210                __memcpy_sse2_unaligned_erms
 .text          0x0000000000025792        0x0 /home/mritunjya/rooms/cryptography/crypto-hack/crackmes-one/glibc-2.34/build/libc_pic.a(memmove-avx-unaligned-erms.os)
 .text          0x0000000000025792        0x0 /home/mritunjya/rooms/cryptography/crypto-hack/crackmes-one/glibc-2.34/build/libc_pic.a(memmove-avx512-unaligned-erms.os)
 *fill*         0x0000000000025792        0xe 
 .text          0x00000000000257a0      0x1d2 /home/mritunjya/rooms/cryptography/crypto-hack/crackmes-one/glibc-2.34/build/libc_pic.a(memset-sse2-unaligned-erms.os)
                0x00000000000257a0                __bzero
                0x00000000000257a0                bzero
                0x00000000000257b0                __wmemset_chk_sse2_unaligned
                0x00000000000257c0                __wmemset_sse2_unaligned
                0x00000000000257e0                __memset_chk_sse2_unaligned
                0x00000000000257f0                __memset_sse2_unaligned
                0x0000000000025830                __memset_chk_erms
                0x0000000000025840                __memset_erms
                0x0000000000025860                __memset_chk_sse2_unaligned_erms
                0x0000000000025870                __memset_sse2_unaligned_erms
 .text          0x0000000000025972        0x0 /home/mritunjya/rooms/cryptography/crypto-hack/crackmes-one/glibc-2.34/build/libc_pic.a(memset-avx2-unaligned-erms.os)
 .text          0x0000000000025972        0x0 /home/mritunjya/rooms/cryptography/crypto-hack/crackmes-one/glibc-2.34/build/libc_pic.a(memset-avx512-unaligned-erms.os)
 .text          0x0000000000025972        0x0 /home/mritunjya/rooms/cryptography/crypto-hack/crackmes-one/glibc-2.34/build/libc_pic.a(memchr-avx2-rtm.os)
 .text          0x0000000000025972        0x0 /home/mritunjya/rooms/cryptography/crypto-hack/crackmes-one/glibc-2.34/build/libc_pic.a(memcmp-avx2-movbe-rtm.os)
 .text          0x0000000000025972        0x0 /home/mritunjya/rooms/cryptography/crypto-hack/crackmes-one/glibc-2.34/build/libc_pic.a(memmove-avx-unaligned-erms-rtm.os)
 .text          0x0000000000025972        0x0 /home/mritunjya/rooms/cryptography/crypto-hack/crackmes-one/glibc-2.34/build/libc_pic.a(memset-avx2-unaligned-erms-rtm.os)
 .text          0x0000000000025972        0x0 /home/mritunjya/rooms/cryptography/crypto-hack/crackmes-one/glibc-2.34/build/libc_pic.a(rawmemchr-avx2-rtm.os)
 .text          0x0000000000025972        0x0 /home/mritunjya/rooms/cryptography/crypto-hack/crackmes-one/glibc-2.34/build/libc_pic.a(strchr-avx2-rtm.os)
 .text          0x0000000000025972        0x0 /home/mritunjya/rooms/cryptography/crypto-hack/crackmes-one/glibc-2.34/build/libc_pic.a(strcmp-avx2-rtm.os)
 .text          0x0000000000025972        0x0 /home/mritunjya/rooms/cryptography/crypto-hack/crackmes-one/glibc-2.34/build/libc_pic.a(stpcpy-avx2-rtm.os)
 .text          0x0000000000025972        0x0 /home/mritunjya/rooms/cryptography/crypto-hack/crackmes-one/glibc-2.34/build/libc_pic.a(strlen-avx2-rtm.os)
 .text          0x0000000000025972        0x0 /home/mritunjya/rooms/cryptography/crypto-hack/crackmes-one/glibc-2.34/build/libc_pic.a(strncmp-avx2-rtm.os)
 .text          0x0000000000025972        0x0 /home/mritunjya/rooms/cryptography/crypto-hack/crackmes-one/glibc-2.34/build/libc_pic.a(strnlen-avx2-rtm.os)
 .text          0x0000000000025972        0x0 /home/mritunjya/rooms/cryptography/crypto-hack/crackmes-one/glibc-2.34/build/libc_pic.a(memchr-evex.os)
 .text          0x0000000000025972        0x0 /home/mritunjya/rooms/cryptography/crypto-hack/crackmes-one/glibc-2.34/build/libc_pic.a(memcmp-evex-movbe.os)
 .text          0x0000000000025972        0x0 /home/mritunjya/rooms/cryptography/crypto-hack/crackmes-one/glibc-2.34/build/libc_pic.a(memmove-evex-unaligned-erms.os)
 .text          0x0000000000025972        0x0 /home/mritunjya/rooms/cryptography/crypto-hack/crackmes-one/glibc-2.34/build/libc_pic.a(memset-evex-unaligned-erms.os)
 .text          0x0000000000025972        0x0 /home/mritunjya/rooms/cryptography/crypto-hack/crackmes-one/glibc-2.34/build/libc_pic.a(rawmemchr-evex.os)
 .text          0x0000000000025972        0x0 /home/mritunjya/rooms/cryptography/crypto-hack/crackmes-one/glibc-2.34/build/libc_pic.a(stpcpy-evex.os)
 .text          0x0000000000025972        0x0 /home/mritunjya/rooms/cryptography/crypto-hack/crackmes-one/glibc-2.34/build/libc_pic.a(strchr-evex.os)
 .text          0x0000000000025972        0x0 /home/mritunjya/rooms/cryptography/crypto-hack/crackmes-one/glibc-2.34/build/libc_pic.a(strcmp-evex.os)
 .text          0x0000000000025972        0x0 /home/mritunjya/rooms/cryptography/crypto-hack/crackmes-one/glibc-2.34/build/libc_pic.a(strlen-evex.os)
 .text          0x0000000000025972        0x0 /home/mritunjya/rooms/cryptography/crypto-hack/crackmes-one/glibc-2.34/build/libc_pic.a(strncmp-evex.os)
 .text          0x0000000000025972        0x0 /home/mritunjya/rooms/cryptography/crypto-hack/crackmes-one/glibc-2.34/build/libc_pic.a(strnlen-evex.os)
 .text          0x0000000000025972        0x0 /home/mritunjya/rooms/cryptography/crypto-hack/crackmes-one/glibc-2.34/build/libc_pic.a(memchr-evex-rtm.os)
 .text          0x0000000000025972        0x0 /home/mritunjya/rooms/cryptography/crypto-hack/crackmes-one/glibc-2.34/build/libc_pic.a(rawmemchr-evex-rtm.os)
 *fill*         0x0000000000025972        0xe 
 .text          0x0000000000025980      0x188 /home/mritunjya/rooms/cryptography/crypto-hack/crackmes-one/glibc-2.34/build/libc_pic.a(cacheinfo.os)
                0x0000000000025980                __x86_cacheinfo
                0x0000000000025a10                __cache_sysconf
 *fill*         0x0000000000025b08        0x8 
 .text          0x0000000000025b10       0x2d /home/mritunjya/rooms/cryptography/crypto-hack/crackmes-one/glibc-2.34/build/libc_pic.a(closedir.os)
                0x0000000000025b10                __closedir
                0x0000000000025b10                closedir
 *fill*         0x0000000000025b3d        0x3 
 .text          0x0000000000025b40       0x7e /home/mritunjya/rooms/cryptography/crypto-hack/crackmes-one/glibc-2.34/build/libc_pic.a(rewinddir.os)
                0x0000000000025b40                rewinddir
                0x0000000000025b40                __rewinddir
                0x0000000000025b40                __GI___rewinddir
 *fill*         0x0000000000025bbe        0x2 
 .text          0x0000000000025bc0       0xf0 /home/mritunjya/rooms/cryptography/crypto-hack/crackmes-one/glibc-2.34/build/libc_pic.a(readdir64.os)
                0x0000000000025bc0                readdir
                0x0000000000025bc0                __readdir64
                0x0000000000025bc0                __readdir
                0x0000000000025bc0                __GI___readdir64
                0x0000000000025bc0                readdir64
 .text          0x0000000000025cb0       0x9a /home/mritunjya/rooms/cryptography/crypto-hack/crackmes-one/glibc-2.34/build/libc_pic.a(fdopendir.os)
                0x0000000000025cb0                fdopendir
                0x0000000000025cb0                __fdopendir
 *fill*         0x0000000000025d4a        0x6 
 .text          0x0000000000025d50       0x25 /home/mritunjya/rooms/cryptography/crypto-hack/crackmes-one/glibc-2.34/build/libc_pic.a(uname.os)
                0x0000000000025d50                uname
                0x0000000000025d50                __GI_uname
                0x0000000000025d50                __uname
                0x0000000000025d50                __GI___uname
 *fill*         0x0000000000025d75        0xb 
 .text          0x0000000000025d80       0x58 /home/mritunjya/rooms/cryptography/crypto-hack/crackmes-one/glibc-2.34/build/libc_pic.a(_exit.os)
                0x0000000000025d80                _Exit
                0x0000000000025d80                __GI__exit
                0x0000000000025d80                _exit
 *fill*         0x0000000000025dd8        0x8 
 .text          0x0000000000025de0        0xc /home/mritunjya/rooms/cryptography/crypto-hack/crackmes-one/glibc-2.34/build/libc_pic.a(getpid.os)
                0x0000000000025de0                __getpid
                0x0000000000025de0                getpid
                0x0000000000025de0                __GI_getpid
                0x0000000000025de0                __GI___getpid
 .text          0x0000000000025dec        0x0 /home/mritunjya/rooms/cryptography/crypto-hack/crackmes-one/glibc-2.34/build/libc_pic.a(environ.os)
 *fill*         0x0000000000025dec        0x4 
 .text          0x0000000000025df0       0x16 /home/mritunjya/rooms/cryptography/crypto-hack/crackmes-one/glibc-2.34/build/libc_pic.a(stat64.os)
                0x0000000000025df0                stat64
                0x0000000000025df0                __stat
                0x0000000000025df0                __stat64
                0x0000000000025df0                stat
                0x0000000000025df0                __GI___stat64
 *fill*         0x0000000000025e06        0xa 
 .text          0x0000000000025e10       0x34 /home/mritunjya/rooms/cryptography/crypto-hack/crackmes-one/glibc-2.34/build/libc_pic.a(fstat64.os)
                0x0000000000025e10                __GI___fstat64
                0x0000000000025e10                fstat64
                0x0000000000025e10                fstat
                0x0000000000025e10                __fstat64
                0x0000000000025e10                __fstat
 *fill*         0x0000000000025e44        0xc 
 .text          0x0000000000025e50       0x19 /home/mritunjya/rooms/cryptography/crypto-hack/crackmes-one/glibc-2.34/build/libc_pic.a(lstat64.os)
                0x0000000000025e50                __lstat64
                0x0000000000025e50                lstat
                0x0000000000025e50                lstat64
                0x0000000000025e50                __GI___lstat64
                0x0000000000025e50                __lstat
 *fill*         0x0000000000025e69        0x7 
 .text          0x0000000000025e70       0x32 /home/mritunjya/rooms/cryptography/crypto-hack/crackmes-one/glibc-2.34/build/libc_pic.a(fstatat64.os)
                0x0000000000025e70                fstatat
                0x0000000000025e70                __fstatat
                0x0000000000025e70                fstatat64
                0x0000000000025e70                __fstatat64
                0x0000000000025e70                __GI___fstatat
                0x0000000000025e70                __GI___fstatat64
 *fill*         0x0000000000025ea2        0xe 
 .text          0x0000000000025eb0      0x103 /home/mritunjya/rooms/cryptography/crypto-hack/crackmes-one/glibc-2.34/build/libc_pic.a(openat64.os)
                0x0000000000025eb0                __openat64
                0x0000000000025eb0                __GI___openat
                0x0000000000025eb0                __GI___openat64
                0x0000000000025eb0                __libc_openat64
                0x0000000000025eb0                __openat
                0x0000000000025eb0                openat
 *fill*         0x0000000000025fb3        0xd 
 .text          0x0000000000025fc0       0x2c /home/mritunjya/rooms/cryptography/crypto-hack/crackmes-one/glibc-2.34/build/libc_pic.a(lseek64.os)
                0x0000000000025fc0                __GI___lseek
                0x0000000000025fc0                __lseek64
                0x0000000000025fc0                lseek
                0x0000000000025fc0                __libc_lseek64
                0x0000000000025fc0                llseek@GLIBC_2.2.5
                0x0000000000025fc0                __lseek
                0x0000000000025fc0                __SI__lseek64_0
                0x0000000000025fc0                __libc_lseek
                0x0000000000025fc0                lseek64
 *fill*         0x0000000000025fec        0x4 
 .text          0x0000000000025ff0       0x2a /home/mritunjya/rooms/cryptography/crypto-hack/crackmes-one/glibc-2.34/build/libc_pic.a(access.os)
                0x0000000000025ff0                __GI___access
                0x0000000000025ff0                access
                0x0000000000025ff0                __access
 *fill*         0x000000000002601a        0x6 
 .text          0x0000000000026020       0x2a /home/mritunjya/rooms/cryptography/crypto-hack/crackmes-one/glibc-2.34/build/libc_pic.a(close_nocancel.os)
                0x0000000000026020                __GI___close_nocancel
                0x0000000000026020                __close_nocancel
 *fill*         0x000000000002604a        0x6 
 .text          0x0000000000026050       0x93 /home/mritunjya/rooms/cryptography/crypto-hack/crackmes-one/glibc-2.34/build/libc_pic.a(fcntl_nocancel.os)
                0x0000000000026050                __fcntl64_nocancel_adjusted
                0x00000000000260b0                __fcntl64_nocancel
                0x00000000000260b0                __GI___fcntl64_nocancel
 *fill*         0x00000000000260e3        0xd 
 .text          0x00000000000260f0       0x7a /home/mritunjya/rooms/cryptography/crypto-hack/crackmes-one/glibc-2.34/build/libc_pic.a(open64_nocancel.os)
                0x00000000000260f0                __GI___open_nocancel
                0x00000000000260f0                __open_nocancel
                0x00000000000260f0                __GI___open64_nocancel
                0x00000000000260f0                __open64_nocancel
 *fill*         0x000000000002616a        0x6 
 .text          0x0000000000026170       0x2c /home/mritunjya/rooms/cryptography/crypto-hack/crackmes-one/glibc-2.34/build/libc_pic.a(read_nocancel.os)
                0x0000000000026170                __read_nocancel
                0x0000000000026170                __GI___read_nocancel
 *fill*         0x000000000002619c        0x4 
 .text          0x00000000000261a0       0x34 /home/mritunjya/rooms/cryptography/crypto-hack/crackmes-one/glibc-2.34/build/libc_pic.a(pread64_nocancel.os)
                0x00000000000261a0                __GI___pread64_nocancel
                0x00000000000261a0                __pread64_nocancel
 *fill*         0x00000000000261d4        0xc 
 .text          0x00000000000261e0       0x2c /home/mritunjya/rooms/cryptography/crypto-hack/crackmes-one/glibc-2.34/build/libc_pic.a(write_nocancel.os)
                0x00000000000261e0                __GI___write_nocancel
                0x00000000000261e0                __write_nocancel
 *fill*         0x000000000002620c        0x4 
 .text          0x0000000000026210       0xe0 /home/mritunjya/rooms/cryptography/crypto-hack/crackmes-one/glibc-2.34/build/libc_pic.a(mmap64.os)
                0x0000000000026210                __GI___mmap
                0x0000000000026210                __mmap
                0x0000000000026210                mmap
                0x0000000000026210                __GI___mmap64
                0x0000000000026210                __mmap64
                0x0000000000026210                mmap64
 .text          0x00000000000262f0       0x25 /home/mritunjya/rooms/cryptography/crypto-hack/crackmes-one/glibc-2.34/build/libc_pic.a(munmap.os)
                0x00000000000262f0                munmap
                0x00000000000262f0                __GI___munmap
                0x00000000000262f0                __GI_munmap
                0x00000000000262f0                __munmap
 *fill*         0x0000000000026315        0xb 
 .text          0x0000000000026320       0x25 /home/mritunjya/rooms/cryptography/crypto-hack/crackmes-one/glibc-2.34/build/libc_pic.a(mprotect.os)
                0x0000000000026320                __mprotect
                0x0000000000026320                __GI___mprotect
                0x0000000000026320                __GI_mprotect
                0x0000000000026320                mprotect
 *fill*         0x0000000000026345        0xb 
 .text          0x0000000000026350      0x1b7 /home/mritunjya/rooms/cryptography/crypto-hack/crackmes-one/glibc-2.34/build/libc_pic.a(profil.os)
                0x00000000000263a0                __profil
                0x00000000000263a0                profil
 *fill*         0x0000000000026507        0x9 
 .text          0x0000000000026510        0xf /home/mritunjya/rooms/cryptography/crypto-hack/crackmes-one/glibc-2.34/build/libc_pic.a(prof-freq.os)
                0x0000000000026510                __GI___profile_frequency
                0x0000000000026510                __profile_frequency
 *fill*         0x000000000002651f        0x1 
 .text          0x0000000000026520       0x5b /home/mritunjya/rooms/cryptography/crypto-hack/crackmes-one/glibc-2.34/build/libc_pic.a(dl-addr-obj.os)
                0x0000000000026520                _dl_addr_inside_object
 *fill*         0x000000000002657b        0x5 
 .text          0x0000000000026580       0x34 /home/mritunjya/rooms/cryptography/crypto-hack/crackmes-one/glibc-2.34/build/libc_pic.a(sigaction.os)
                0x0000000000026580                sigaction
                0x0000000000026580                __GI___sigaction
                0x0000000000026580                __sigaction
 *fill*         0x00000000000265b4        0xc 
 .text          0x00000000000265c0      0x1b3 /home/mritunjya/rooms/cryptography/crypto-hack/crackmes-one/glibc-2.34/build/libc_pic.a(libc_sigaction.os)
                0x00000000000265e0                __libc_sigaction
                0x00000000000265e0                __GI___libc_sigaction
 *fill*         0x0000000000026773        0xd 
 .text          0x0000000000026780       0x2a /home/mritunjya/rooms/cryptography/crypto-hack/crackmes-one/glibc-2.34/build/libc_pic.a(setitimer.os)
                0x0000000000026780                setitimer
                0x0000000000026780                __setitimer
 *fill*         0x00000000000267aa        0x6 
 .text          0x00000000000267b0       0x3c /home/mritunjya/rooms/cryptography/crypto-hack/crackmes-one/glibc-2.34/build/libc_pic.a(getdents64.os)
                0x00000000000267b0                __getdents
                0x00000000000267b0                __GI___getdents64
                0x00000000000267b0                getdents64
                0x00000000000267b0                __getdents64
 *(.gnu.warning)

.text.ssse3     0x0000000000000000     0xedb3
 .text.ssse3    0x0000000000000000     0x1269 /home/mritunjya/rooms/cryptography/crypto-hack/crackmes-one/glibc-2.34/build/libc_pic.a(strcmp-ssse3.os)
                0x0000000000000000                __GI___strcmp_ssse3
                0x0000000000000000                __strcmp_ssse3
 *fill*         0x0000000000001269        0x7 
 .text.ssse3    0x0000000000001270     0x1769 /home/mritunjya/rooms/cryptography/crypto-hack/crackmes-one/glibc-2.34/build/libc_pic.a(strncmp-ssse3.os)
                0x0000000000001270                __strncmp_ssse3
 *fill*         0x00000000000029d9        0x7 
 .text.ssse3    0x00000000000029e0     0x29f7 /home/mritunjya/rooms/cryptography/crypto-hack/crackmes-one/glibc-2.34/build/libc_pic.a(memcpy-ssse3.os)
                0x00000000000029e0                __mempcpy_chk_ssse3
                0x00000000000029f0                __mempcpy_ssse3
                0x0000000000002a00                __memcpy_chk_ssse3
                0x0000000000002a10                __memcpy_ssse3
 *fill*         0x00000000000053d7        0x9 
 .text.ssse3    0x00000000000053e0     0x2b88 /home/mritunjya/rooms/cryptography/crypto-hack/crackmes-one/glibc-2.34/build/libc_pic.a(memmove-ssse3.os)
                0x00000000000053e0                __memmove_chk_ssse3
                0x00000000000053f0                __memmove_ssse3
 *fill*         0x0000000000007f68        0x8 
 .text.ssse3    0x0000000000007f70     0x2b06 /home/mritunjya/rooms/cryptography/crypto-hack/crackmes-one/glibc-2.34/build/libc_pic.a(memcpy-ssse3-back.os)
                0x0000000000007f70                __mempcpy_chk_ssse3_back
                0x0000000000007f80                __mempcpy_ssse3_back
                0x0000000000007f90                __memcpy_chk_ssse3_back
                0x0000000000007fa0                __memcpy_ssse3_back
 *fill*         0x000000000000aa76        0xa 
 .text.ssse3    0x000000000000aa80     0x2b26 /home/mritunjya/rooms/cryptography/crypto-hack/crackmes-one/glibc-2.34/build/libc_pic.a(memmove-ssse3-back.os)
                0x000000000000aa80                __memmove_chk_ssse3_back
                0x000000000000aa90                __memmove_ssse3_back
 *fill*         0x000000000000d5a6        0xa 
 .text.ssse3    0x000000000000d5b0     0x1803 /home/mritunjya/rooms/cryptography/crypto-hack/crackmes-one/glibc-2.34/build/libc_pic.a(stpcpy-ssse3.os)
                0x000000000000d5b0                __stpcpy_ssse3

.text.avx       0x0000000000000000     0x2561
 .text.avx      0x0000000000000000      0x43f /home/mritunjya/rooms/cryptography/crypto-hack/crackmes-one/glibc-2.34/build/libc_pic.a(strcmp-avx2.os)
                0x0000000000000000                __strcmp_avx2
 *fill*         0x000000000000043f        0x1 
 .text.avx      0x0000000000000440      0x528 /home/mritunjya/rooms/cryptography/crypto-hack/crackmes-one/glibc-2.34/build/libc_pic.a(strncmp-avx2.os)
                0x0000000000000440                __strncmp_avx2
 *fill*         0x0000000000000968       0x18 
 .text.avx      0x0000000000000980      0x2cf /home/mritunjya/rooms/cryptography/crypto-hack/crackmes-one/glibc-2.34/build/libc_pic.a(memchr-avx2.os)
                0x0000000000000980                __memchr_avx2
 *fill*         0x0000000000000c4f        0x1 
 .text.avx      0x0000000000000c50      0x16f /home/mritunjya/rooms/cryptography/crypto-hack/crackmes-one/glibc-2.34/build/libc_pic.a(rawmemchr-avx2.os)
                0x0000000000000c50                __rawmemchr_avx2
 *fill*         0x0000000000000dbf        0x1 
 .text.avx      0x0000000000000dc0      0x43d /home/mritunjya/rooms/cryptography/crypto-hack/crackmes-one/glibc-2.34/build/libc_pic.a(memcmp-avx2-movbe.os)
                0x0000000000000dc0                __memcmp_avx2_movbe
 *fill*         0x00000000000011fd        0x3 
 .text.avx      0x0000000000001200      0x271 /home/mritunjya/rooms/cryptography/crypto-hack/crackmes-one/glibc-2.34/build/libc_pic.a(strchr-avx2.os)
                0x0000000000001200                __strchr_avx2
 *fill*         0x0000000000001471        0xf 
 .text.avx      0x0000000000001480      0x172 /home/mritunjya/rooms/cryptography/crypto-hack/crackmes-one/glibc-2.34/build/libc_pic.a(strlen-avx2.os)
                0x0000000000001480                __strlen_avx2
 *fill*         0x00000000000015f2        0xe 
 .text.avx      0x0000000000001600      0x2ce /home/mritunjya/rooms/cryptography/crypto-hack/crackmes-one/glibc-2.34/build/libc_pic.a(strnlen-avx2.os)
                0x0000000000001600                __strnlen_avx2
 *fill*         0x00000000000018ce        0x2 
 .text.avx      0x00000000000018d0      0x3ac /home/mritunjya/rooms/cryptography/crypto-hack/crackmes-one/glibc-2.34/build/libc_pic.a(stpcpy-avx2.os)
                0x00000000000018d0                __stpcpy_avx2
 *fill*         0x0000000000001c7c        0x4 
 .text.avx      0x0000000000001c80      0x72e /home/mritunjya/rooms/cryptography/crypto-hack/crackmes-one/glibc-2.34/build/libc_pic.a(memmove-avx-unaligned-erms.os)
                0x0000000000001c80                __mempcpy_chk_avx_unaligned
                0x0000000000001c90                __mempcpy_avx_unaligned
                0x0000000000001ca0                __memcpy_chk_avx_unaligned
                0x0000000000001ca0                __memmove_chk_avx_unaligned
                0x0000000000001cb0                __memcpy_avx_unaligned
                0x0000000000001cb0                __memmove_avx_unaligned
                0x0000000000001cf0                __mempcpy_chk_avx_unaligned_erms
                0x0000000000001d00                __mempcpy_avx_unaligned_erms
                0x0000000000001d10                __memmove_chk_avx_unaligned_erms
                0x0000000000001d10                __memcpy_chk_avx_unaligned_erms
                0x0000000000001d20                __memcpy_avx_unaligned_erms
                0x0000000000001d20                __memmove_avx_unaligned_erms
 *fill*         0x00000000000023ae        0x2 
 .text.avx      0x00000000000023b0      0x1b1 /home/mritunjya/rooms/cryptography/crypto-hack/crackmes-one/glibc-2.34/build/libc_pic.a(memset-avx2-unaligned-erms.os)
                0x00000000000023b0                __wmemset_chk_avx2_unaligned
                0x00000000000023c0                __wmemset_avx2_unaligned
                0x00000000000023e0                __memset_chk_avx2_unaligned
                0x00000000000023f0                __memset_avx2_unaligned
                0x0000000000002420                __memset_avx2_erms
                0x0000000000002440                __memset_chk_avx2_unaligned_erms
                0x0000000000002450                __memset_avx2_unaligned_erms

.text.sse4.2    0x0000000000000000     0x1157
 .text.sse4.2   0x0000000000000000      0xfd9 /home/mritunjya/rooms/cryptography/crypto-hack/crackmes-one/glibc-2.34/build/libc_pic.a(strncmp-sse4_2.os)
                0x0000000000000000                __strncmp_sse42
 *fill*         0x0000000000000fd9        0x7 
 .text.sse4.2   0x0000000000000fe0      0x177 /home/mritunjya/rooms/cryptography/crypto-hack/crackmes-one/glibc-2.34/build/libc_pic.a(strcspn-c.os)
                0x0000000000000fe0                __strcspn_sse42

.text.sse4.1    0x0000000000000000     0x163e
 .text.sse4.1   0x0000000000000000     0x163e /home/mritunjya/rooms/cryptography/crypto-hack/crackmes-one/glibc-2.34/build/libc_pic.a(memcmp-sse4.os)
                0x0000000000000000                __memcmp_sse4_1

.text.avx512    0x0000000000000000      0x9f4
 .text.avx512   0x0000000000000000      0x76f /home/mritunjya/rooms/cryptography/crypto-hack/crackmes-one/glibc-2.34/build/libc_pic.a(memmove-avx512-no-vzeroupper.os)
                0x0000000000000000                __mempcpy_chk_avx512_no_vzeroupper
                0x0000000000000010                __mempcpy_avx512_no_vzeroupper
                0x0000000000000020                __memcpy_chk_avx512_no_vzeroupper
                0x0000000000000020                __memmove_chk_avx512_no_vzeroupper
                0x0000000000000030                __memcpy_avx512_no_vzeroupper
                0x0000000000000030                __memmove_avx512_no_vzeroupper
 *fill*         0x000000000000076f        0x1 
 .text.avx512   0x0000000000000770      0x284 /home/mritunjya/rooms/cryptography/crypto-hack/crackmes-one/glibc-2.34/build/libc_pic.a(memset-avx512-no-vzeroupper.os)
                0x0000000000000770                __memset_chk_avx512_no_vzeroupper
                0x0000000000000780                __memset_avx512_no_vzeroupper

.text.atom      0x0000000000000000     0x1a83
 .text.atom     0x0000000000000000      0x315 /home/mritunjya/rooms/cryptography/crypto-hack/crackmes-one/glibc-2.34/build/libc_pic.a(strchr-sse2-no-bsf.os)
                0x0000000000000000                __strchr_sse2_no_bsf
 *fill*         0x0000000000000315        0xb 
 .text.atom     0x0000000000000320     0x1763 /home/mritunjya/rooms/cryptography/crypto-hack/crackmes-one/glibc-2.34/build/libc_pic.a(memcmp-ssse3.os)
                0x0000000000000320                __memcmp_ssse3

.text.evex512   0x0000000000000000      0xa6b
 .text.evex512  0x0000000000000000      0x860 /home/mritunjya/rooms/cryptography/crypto-hack/crackmes-one/glibc-2.34/build/libc_pic.a(memmove-avx512-unaligned-erms.os)
                0x0000000000000000                __mempcpy_chk_avx512_unaligned
                0x0000000000000010                __mempcpy_avx512_unaligned
                0x0000000000000020                __memcpy_chk_avx512_unaligned
                0x0000000000000020                __memmove_chk_avx512_unaligned
                0x0000000000000030                __memmove_avx512_unaligned
                0x0000000000000030                __memcpy_avx512_unaligned
                0x0000000000000070                __mempcpy_chk_avx512_unaligned_erms
                0x0000000000000080                __mempcpy_avx512_unaligned_erms
                0x0000000000000090                __memcpy_chk_avx512_unaligned_erms
                0x0000000000000090                __memmove_chk_avx512_unaligned_erms
                0x00000000000000a0                __memmove_avx512_unaligned_erms
                0x00000000000000a0                __memcpy_avx512_unaligned_erms
 .text.evex512  0x0000000000000860      0x20b /home/mritunjya/rooms/cryptography/crypto-hack/crackmes-one/glibc-2.34/build/libc_pic.a(memset-avx512-unaligned-erms.os)
                0x0000000000000860                __wmemset_chk_avx512_unaligned
                0x0000000000000870                __wmemset_avx512_unaligned
                0x0000000000000890                __memset_chk_avx512_unaligned
                0x00000000000008a0                __memset_avx512_unaligned
                0x00000000000008d0                __memset_avx512_erms
                0x00000000000008f0                __memset_chk_avx512_unaligned_erms
                0x0000000000000900                __memset_avx512_unaligned_erms

.text.avx.rtm   0x0000000000000000     0x25fc
 .text.avx.rtm  0x0000000000000000      0x2c0 /home/mritunjya/rooms/cryptography/crypto-hack/crackmes-one/glibc-2.34/build/libc_pic.a(memchr-avx2-rtm.os)
                0x0000000000000000                __memchr_avx2_rtm
 .text.avx.rtm  0x00000000000002c0      0x43d /home/mritunjya/rooms/cryptography/crypto-hack/crackmes-one/glibc-2.34/build/libc_pic.a(memcmp-avx2-movbe-rtm.os)
                0x00000000000002c0                __memcmp_avx2_movbe_rtm
 *fill*         0x00000000000006fd        0x3 
 .text.avx.rtm  0x0000000000000700      0x73f /home/mritunjya/rooms/cryptography/crypto-hack/crackmes-one/glibc-2.34/build/libc_pic.a(memmove-avx-unaligned-erms-rtm.os)
                0x0000000000000700                __mempcpy_chk_avx_unaligned_rtm
                0x0000000000000710                __mempcpy_avx_unaligned_rtm
                0x0000000000000720                __memmove_chk_avx_unaligned_rtm
                0x0000000000000720                __memcpy_chk_avx_unaligned_rtm
                0x0000000000000730                __memcpy_avx_unaligned_rtm
                0x0000000000000730                __memmove_avx_unaligned_rtm
                0x0000000000000770                __mempcpy_chk_avx_unaligned_erms_rtm
                0x0000000000000780                __mempcpy_avx_unaligned_erms_rtm
                0x0000000000000790                __memcpy_chk_avx_unaligned_erms_rtm
                0x0000000000000790                __memmove_chk_avx_unaligned_erms_rtm
                0x00000000000007a0                __memmove_avx_unaligned_erms_rtm
                0x00000000000007a0                __memcpy_avx_unaligned_erms_rtm
 *fill*         0x0000000000000e3f        0x1 
 .text.avx.rtm  0x0000000000000e40      0x1c6 /home/mritunjya/rooms/cryptography/crypto-hack/crackmes-one/glibc-2.34/build/libc_pic.a(memset-avx2-unaligned-erms-rtm.os)
                0x0000000000000e40                __wmemset_chk_avx2_unaligned_rtm
                0x0000000000000e50                __wmemset_avx2_unaligned_rtm
                0x0000000000000e70                __memset_chk_avx2_unaligned_rtm
                0x0000000000000e80                __memset_avx2_unaligned_rtm
                0x0000000000000eb0                __memset_avx2_erms_rtm
                0x0000000000000ed0                __memset_chk_avx2_unaligned_erms_rtm
                0x0000000000000ee0                __memset_avx2_unaligned_erms_rtm
 *fill*         0x0000000000001006        0xa 
 .text.avx.rtm  0x0000000000001010      0x160 /home/mritunjya/rooms/cryptography/crypto-hack/crackmes-one/glibc-2.34/build/libc_pic.a(rawmemchr-avx2-rtm.os)
                0x0000000000001010                __rawmemchr_avx2_rtm
 *fill*         0x0000000000001170       0x10 
 .text.avx.rtm  0x0000000000001180      0x27a /home/mritunjya/rooms/cryptography/crypto-hack/crackmes-one/glibc-2.34/build/libc_pic.a(strchr-avx2-rtm.os)
                0x0000000000001180                __strchr_avx2_rtm
 *fill*         0x00000000000013fa        0x6 
 .text.avx.rtm  0x0000000000001400      0x470 /home/mritunjya/rooms/cryptography/crypto-hack/crackmes-one/glibc-2.34/build/libc_pic.a(strcmp-avx2-rtm.os)
                0x0000000000001400                __strcmp_avx2_rtm
 .text.avx.rtm  0x0000000000001870      0x3bd /home/mritunjya/rooms/cryptography/crypto-hack/crackmes-one/glibc-2.34/build/libc_pic.a(stpcpy-avx2-rtm.os)
                0x0000000000001870                __stpcpy_avx2_rtm
 *fill*         0x0000000000001c2d       0x13 
 .text.avx.rtm  0x0000000000001c40      0x16b /home/mritunjya/rooms/cryptography/crypto-hack/crackmes-one/glibc-2.34/build/libc_pic.a(strlen-avx2-rtm.os)
                0x0000000000001c40                __strlen_avx2_rtm
 *fill*         0x0000000000001dab        0x5 
 .text.avx.rtm  0x0000000000001db0      0x54d /home/mritunjya/rooms/cryptography/crypto-hack/crackmes-one/glibc-2.34/build/libc_pic.a(strncmp-avx2-rtm.os)
                0x0000000000001db0                __strncmp_avx2_rtm
 *fill*         0x00000000000022fd        0x3 
 .text.avx.rtm  0x0000000000002300      0x2fc /home/mritunjya/rooms/cryptography/crypto-hack/crackmes-one/glibc-2.34/build/libc_pic.a(strnlen-avx2-rtm.os)
                0x0000000000002300                __strnlen_avx2_rtm

.text.evex      0x0000000000000000     0x2b7e
 .text.evex     0x0000000000000000      0x2da /home/mritunjya/rooms/cryptography/crypto-hack/crackmes-one/glibc-2.34/build/libc_pic.a(memchr-evex.os)
                0x0000000000000000                __memchr_evex
 *fill*         0x00000000000002da        0x6 
 .text.evex     0x00000000000002e0      0x4bd /home/mritunjya/rooms/cryptography/crypto-hack/crackmes-one/glibc-2.34/build/libc_pic.a(memcmp-evex-movbe.os)
                0x00000000000002e0                __memcmp_evex_movbe
 *fill*         0x000000000000079d        0x3 
 .text.evex     0x00000000000007a0      0x84b /home/mritunjya/rooms/cryptography/crypto-hack/crackmes-one/glibc-2.34/build/libc_pic.a(memmove-evex-unaligned-erms.os)
                0x00000000000007a0                __mempcpy_chk_evex_unaligned
                0x00000000000007b0                __mempcpy_evex_unaligned
                0x00000000000007c0                __memcpy_chk_evex_unaligned
                0x00000000000007c0                __memmove_chk_evex_unaligned
                0x00000000000007d0                __memmove_evex_unaligned
                0x00000000000007d0                __memcpy_evex_unaligned
                0x0000000000000810                __mempcpy_chk_evex_unaligned_erms
                0x0000000000000820                __mempcpy_evex_unaligned_erms
                0x0000000000000830                __memcpy_chk_evex_unaligned_erms
                0x0000000000000830                __memmove_chk_evex_unaligned_erms
                0x0000000000000840                __memmove_evex_unaligned_erms
                0x0000000000000840                __memcpy_evex_unaligned_erms
 *fill*         0x0000000000000feb        0x5 
 .text.evex     0x0000000000000ff0      0x1f7 /home/mritunjya/rooms/cryptography/crypto-hack/crackmes-one/glibc-2.34/build/libc_pic.a(memset-evex-unaligned-erms.os)
                0x0000000000000ff0                __wmemset_chk_evex_unaligned
                0x0000000000001000                __wmemset_evex_unaligned
                0x0000000000001020                __memset_chk_evex_unaligned
                0x0000000000001030                __memset_evex_unaligned
                0x0000000000001060                __memset_evex_erms
                0x0000000000001080                __memset_chk_evex_unaligned_erms
                0x0000000000001090                __memset_evex_unaligned_erms
 *fill*         0x00000000000011e7       0x19 
 .text.evex     0x0000000000001200      0x17d /home/mritunjya/rooms/cryptography/crypto-hack/crackmes-one/glibc-2.34/build/libc_pic.a(rawmemchr-evex.os)
                0x0000000000001200                __rawmemchr_evex
 *fill*         0x000000000000137d        0x3 
 .text.evex     0x0000000000001380      0x447 /home/mritunjya/rooms/cryptography/crypto-hack/crackmes-one/glibc-2.34/build/libc_pic.a(stpcpy-evex.os)
                0x0000000000001380                __stpcpy_evex
 *fill*         0x00000000000017c7       0x19 
 .text.evex     0x00000000000017e0      0x28f /home/mritunjya/rooms/cryptography/crypto-hack/crackmes-one/glibc-2.34/build/libc_pic.a(strchr-evex.os)
                0x00000000000017e0                __strchr_evex
 *fill*         0x0000000000001a6f        0x1 
 .text.evex     0x0000000000001a70      0x5e2 /home/mritunjya/rooms/cryptography/crypto-hack/crackmes-one/glibc-2.34/build/libc_pic.a(strcmp-evex.os)
                0x0000000000001a70                __strcmp_evex
 *fill*         0x0000000000002052        0xe 
 .text.evex     0x0000000000002060      0x174 /home/mritunjya/rooms/cryptography/crypto-hack/crackmes-one/glibc-2.34/build/libc_pic.a(strlen-evex.os)
                0x0000000000002060                __strlen_evex
 *fill*         0x00000000000021d4        0xc 
 .text.evex     0x00000000000021e0      0x6cf /home/mritunjya/rooms/cryptography/crypto-hack/crackmes-one/glibc-2.34/build/libc_pic.a(strncmp-evex.os)
                0x00000000000021e0                __strncmp_evex
 *fill*         0x00000000000028af       0x11 
 .text.evex     0x00000000000028c0      0x2be /home/mritunjya/rooms/cryptography/crypto-hack/crackmes-one/glibc-2.34/build/libc_pic.a(strnlen-evex.os)
                0x00000000000028c0                __strnlen_evex

.text.evex.rtm  0x0000000000000000      0x49a
 .text.evex.rtm
                0x0000000000000000      0x2ea /home/mritunjya/rooms/cryptography/crypto-hack/crackmes-one/glibc-2.34/build/libc_pic.a(memchr-evex-rtm.os)
                0x0000000000000000                __memchr_evex_rtm
 *fill*         0x00000000000002ea       0x16 
 .text.evex.rtm
                0x0000000000000300      0x19a /home/mritunjya/rooms/cryptography/crypto-hack/crackmes-one/glibc-2.34/build/libc_pic.a(rawmemchr-evex-rtm.os)
                0x0000000000000300                __rawmemchr_evex_rtm

.fini
 *(SORT_NONE(.fini))

.rodata         0x0000000000000000     0x16d4
 *(.rodata)
 .rodata        0x0000000000000000     0x14f5 /home/mritunjya/rooms/cryptography/crypto-hack/crackmes-one/glibc-2.34/build/elf/dl-allobjs.os
                0x00000000000012d0                __GI__itoa_lower_digits
                0x00000000000012d0                _itoa_lower_digits
 *fill*         0x00000000000014f5        0x3 
 .rodata        0x00000000000014f8       0x40 /home/mritunjya/rooms/cryptography/crypto-hack/crackmes-one/glibc-2.34/build/libc_pic.a(strcmp-sse2.os)
 .rodata        0x0000000000001538       0x40 /home/mritunjya/rooms/cryptography/crypto-hack/crackmes-one/glibc-2.34/build/libc_pic.a(strcmp-ssse3.os)
 .rodata        0x0000000000001578       0x40 /home/mritunjya/rooms/cryptography/crypto-hack/crackmes-one/glibc-2.34/build/libc_pic.a(strncmp-sse2.os)
 .rodata        0x00000000000015b8       0x40 /home/mritunjya/rooms/cryptography/crypto-hack/crackmes-one/glibc-2.34/build/libc_pic.a(strncmp-ssse3.os)
 .rodata        0x00000000000015f8       0x80 /home/mritunjya/rooms/cryptography/crypto-hack/crackmes-one/glibc-2.34/build/libc_pic.a(stpcpy-sse2-unaligned.os)
 *fill*         0x0000000000001678        0x8 
 .rodata        0x0000000000001680       0x1f /home/mritunjya/rooms/cryptography/crypto-hack/crackmes-one/glibc-2.34/build/libc_pic.a(varshift.os)
                0x0000000000001680                ___m128i_shift_right
 *fill*         0x000000000000169f        0x1 
 .rodata        0x00000000000016a0       0x34 /home/mritunjya/rooms/cryptography/crypto-hack/crackmes-one/glibc-2.34/build/libc_pic.a(cacheinfo.os)

.rodata.str1.1  0x0000000000000000     0x1872
 .rodata.str1.1
                0x0000000000000000     0x185d /home/mritunjya/rooms/cryptography/crypto-hack/crackmes-one/glibc-2.34/build/elf/dl-allobjs.os
 .rodata.str1.1
                0x000000000000185d       0x14 /home/mritunjya/rooms/cryptography/crypto-hack/crackmes-one/glibc-2.34/build/libc_pic.a(check_fds.os)
 .rodata.str1.1
                0x0000000000001871        0x1 /home/mritunjya/rooms/cryptography/crypto-hack/crackmes-one/glibc-2.34/build/libc_pic.a(fstat64.os)

.rodata.str1.8  0x0000000000000000     0x304f
 .rodata.str1.8
                0x0000000000000000     0x3011 /home/mritunjya/rooms/cryptography/crypto-hack/crackmes-one/glibc-2.34/build/elf/dl-allobjs.os
 *fill*         0x0000000000003011        0x7 
 .rodata.str1.8
                0x0000000000003018       0x37 /home/mritunjya/rooms/cryptography/crypto-hack/crackmes-one/glibc-2.34/build/libc_pic.a(lowlevellock.os)

.rodata.str1.16
                0x0000000000000000      0x482
 .rodata.str1.16
                0x0000000000000000      0x482 /home/mritunjya/rooms/cryptography/crypto-hack/crackmes-one/glibc-2.34/build/elf/dl-allobjs.os
                0x0000000000000450                _dl_hwcaps_subdirs

.rodata.cst16   0x0000000000000000       0x20
 .rodata.cst16  0x0000000000000000       0x20 /home/mritunjya/rooms/cryptography/crypto-hack/crackmes-one/glibc-2.34/build/elf/dl-allobjs.os

.rodata.cst4    0x0000000000000000        0x4
 .rodata.cst4   0x0000000000000000        0x4 /home/mritunjya/rooms/cryptography/crypto-hack/crackmes-one/glibc-2.34/build/elf/dl-allobjs.os

.rodata.str1.32
                0x0000000000000000       0x9b
 .rodata.str1.32
                0x0000000000000000       0x9b /home/mritunjya/rooms/cryptography/crypto-hack/crackmes-one/glibc-2.34/build/elf/dl-allobjs.os

.rodata.sse4.2  0x0000000000000000       0x40
 .rodata.sse4.2
                0x0000000000000000       0x40 /home/mritunjya/rooms/cryptography/crypto-hack/crackmes-one/glibc-2.34/build/libc_pic.a(strncmp-sse4_2.os)

.rodata.sse4.1  0x0000000000000000      0x140
 .rodata.sse4.1
                0x0000000000000000      0x140 /home/mritunjya/rooms/cryptography/crypto-hack/crackmes-one/glibc-2.34/build/libc_pic.a(memcmp-sse4.os)

.rodata.ssse3   0x0000000000000000      0xd80
 .rodata.ssse3  0x0000000000000000      0x1c0 /home/mritunjya/rooms/cryptography/crypto-hack/crackmes-one/glibc-2.34/build/libc_pic.a(memcpy-ssse3.os)
 .rodata.ssse3  0x00000000000001c0      0x1c0 /home/mritunjya/rooms/cryptography/crypto-hack/crackmes-one/glibc-2.34/build/libc_pic.a(memmove-ssse3.os)
 .rodata.ssse3  0x0000000000000380      0x500 /home/mritunjya/rooms/cryptography/crypto-hack/crackmes-one/glibc-2.34/build/libc_pic.a(memcpy-ssse3-back.os)
 .rodata.ssse3  0x0000000000000880      0x500 /home/mritunjya/rooms/cryptography/crypto-hack/crackmes-one/glibc-2.34/build/libc_pic.a(memmove-ssse3-back.os)

.rodata1
 *(.rodata1)

.eh_frame_hdr
 *(.eh_frame_hdr)

.eh_frame       0x0000000000000000     0x4fbc
 *(.eh_frame)
 .eh_frame      0x0000000000000000     0x30c0 /home/mritunjya/rooms/cryptography/crypto-hack/crackmes-one/glibc-2.34/build/elf/dl-allobjs.os
                                       0x3130 (size before relaxing)
 .eh_frame      0x00000000000030c0       0x68 /home/mritunjya/rooms/cryptography/crypto-hack/crackmes-one/glibc-2.34/build/libc_pic.a(check_fds.os)
 .eh_frame      0x0000000000003128       0x30 /home/mritunjya/rooms/cryptography/crypto-hack/crackmes-one/glibc-2.34/build/libc_pic.a(setjmp.os)
 .eh_frame      0x0000000000003158       0x48 /home/mritunjya/rooms/cryptography/crypto-hack/crackmes-one/glibc-2.34/build/libc_pic.a(__longjmp.os)
 .eh_frame      0x00000000000031a0       0x70 /home/mritunjya/rooms/cryptography/crypto-hack/crackmes-one/glibc-2.34/build/libc_pic.a(lowlevellock.os)
 .eh_frame      0x0000000000003210       0x60 /home/mritunjya/rooms/cryptography/crypto-hack/crackmes-one/glibc-2.34/build/libc_pic.a(scratch_buffer_set_array_size.os)
 .eh_frame      0x0000000000003270       0x30 /home/mritunjya/rooms/cryptography/crypto-hack/crackmes-one/glibc-2.34/build/libc_pic.a(strchr.os)
 .eh_frame      0x00000000000032a0       0x30 /home/mritunjya/rooms/cryptography/crypto-hack/crackmes-one/glibc-2.34/build/libc_pic.a(strcmp.os)
 .eh_frame      0x00000000000032d0       0x30 /home/mritunjya/rooms/cryptography/crypto-hack/crackmes-one/glibc-2.34/build/libc_pic.a(strcspn.os)
 .eh_frame      0x0000000000003300       0x50 /home/mritunjya/rooms/cryptography/crypto-hack/crackmes-one/glibc-2.34/build/libc_pic.a(strdup.os)
 .eh_frame      0x0000000000003350       0x30 /home/mritunjya/rooms/cryptography/crypto-hack/crackmes-one/glibc-2.34/build/libc_pic.a(strlen.os)
 .eh_frame      0x0000000000003380       0x30 /home/mritunjya/rooms/cryptography/crypto-hack/crackmes-one/glibc-2.34/build/libc_pic.a(strnlen.os)
 .eh_frame      0x00000000000033b0       0x30 /home/mritunjya/rooms/cryptography/crypto-hack/crackmes-one/glibc-2.34/build/libc_pic.a(strncmp.os)
 .eh_frame      0x00000000000033e0       0x30 /home/mritunjya/rooms/cryptography/crypto-hack/crackmes-one/glibc-2.34/build/libc_pic.a(memchr.os)
 .eh_frame      0x0000000000003410       0x30 /home/mritunjya/rooms/cryptography/crypto-hack/crackmes-one/glibc-2.34/build/libc_pic.a(memcmp.os)
 .eh_frame      0x0000000000003440       0x30 /home/mritunjya/rooms/cryptography/crypto-hack/crackmes-one/glibc-2.34/build/libc_pic.a(memmove.os)
 .eh_frame      0x0000000000003470       0x30 /home/mritunjya/rooms/cryptography/crypto-hack/crackmes-one/glibc-2.34/build/libc_pic.a(memset.os)
 .eh_frame      0x00000000000034a0       0x30 /home/mritunjya/rooms/cryptography/crypto-hack/crackmes-one/glibc-2.34/build/libc_pic.a(mempcpy.os)
 .eh_frame      0x00000000000034d0       0x30 /home/mritunjya/rooms/cryptography/crypto-hack/crackmes-one/glibc-2.34/build/libc_pic.a(stpcpy.os)
 .eh_frame      0x0000000000003500       0x30 /home/mritunjya/rooms/cryptography/crypto-hack/crackmes-one/glibc-2.34/build/libc_pic.a(memcpy.os)
 .eh_frame      0x0000000000003530       0x30 /home/mritunjya/rooms/cryptography/crypto-hack/crackmes-one/glibc-2.34/build/libc_pic.a(rawmemchr.os)
 .eh_frame      0x0000000000003560       0x30 /home/mritunjya/rooms/cryptography/crypto-hack/crackmes-one/glibc-2.34/build/libc_pic.a(strcmp-sse2.os)
 .eh_frame      0x0000000000003590       0x30 /home/mritunjya/rooms/cryptography/crypto-hack/crackmes-one/glibc-2.34/build/libc_pic.a(strcmp-sse2-unaligned.os)
 .eh_frame      0x00000000000035c0       0x30 /home/mritunjya/rooms/cryptography/crypto-hack/crackmes-one/glibc-2.34/build/libc_pic.a(strcmp-ssse3.os)
 .eh_frame      0x00000000000035f0       0x30 /home/mritunjya/rooms/cryptography/crypto-hack/crackmes-one/glibc-2.34/build/libc_pic.a(strcmp-avx2.os)
 .eh_frame      0x0000000000003620       0x30 /home/mritunjya/rooms/cryptography/crypto-hack/crackmes-one/glibc-2.34/build/libc_pic.a(strncmp-sse2.os)
 .eh_frame      0x0000000000003650       0x30 /home/mritunjya/rooms/cryptography/crypto-hack/crackmes-one/glibc-2.34/build/libc_pic.a(strncmp-ssse3.os)
 .eh_frame      0x0000000000003680       0x30 /home/mritunjya/rooms/cryptography/crypto-hack/crackmes-one/glibc-2.34/build/libc_pic.a(strncmp-sse4_2.os)
 .eh_frame      0x00000000000036b0       0x30 /home/mritunjya/rooms/cryptography/crypto-hack/crackmes-one/glibc-2.34/build/libc_pic.a(strncmp-avx2.os)
 .eh_frame      0x00000000000036e0       0x30 /home/mritunjya/rooms/cryptography/crypto-hack/crackmes-one/glibc-2.34/build/libc_pic.a(memchr-sse2.os)
 .eh_frame      0x0000000000003710       0x30 /home/mritunjya/rooms/cryptography/crypto-hack/crackmes-one/glibc-2.34/build/libc_pic.a(rawmemchr-sse2.os)
 .eh_frame      0x0000000000003740       0x30 /home/mritunjya/rooms/cryptography/crypto-hack/crackmes-one/glibc-2.34/build/libc_pic.a(memchr-avx2.os)
 .eh_frame      0x0000000000003770       0x30 /home/mritunjya/rooms/cryptography/crypto-hack/crackmes-one/glibc-2.34/build/libc_pic.a(rawmemchr-avx2.os)
 .eh_frame      0x00000000000037a0       0x30 /home/mritunjya/rooms/cryptography/crypto-hack/crackmes-one/glibc-2.34/build/libc_pic.a(memcmp-sse2.os)
 .eh_frame      0x00000000000037d0       0x30 /home/mritunjya/rooms/cryptography/crypto-hack/crackmes-one/glibc-2.34/build/libc_pic.a(memcmp-avx2-movbe.os)
 .eh_frame      0x0000000000003800       0x30 /home/mritunjya/rooms/cryptography/crypto-hack/crackmes-one/glibc-2.34/build/libc_pic.a(memcmp-sse4.os)
 .eh_frame      0x0000000000003830       0x68 /home/mritunjya/rooms/cryptography/crypto-hack/crackmes-one/glibc-2.34/build/libc_pic.a(memcpy-ssse3.os)
 .eh_frame      0x0000000000003898       0x40 /home/mritunjya/rooms/cryptography/crypto-hack/crackmes-one/glibc-2.34/build/libc_pic.a(memmove-ssse3.os)
 .eh_frame      0x00000000000038d8       0x68 /home/mritunjya/rooms/cryptography/crypto-hack/crackmes-one/glibc-2.34/build/libc_pic.a(memcpy-ssse3-back.os)
 .eh_frame      0x0000000000003940       0x40 /home/mritunjya/rooms/cryptography/crypto-hack/crackmes-one/glibc-2.34/build/libc_pic.a(memmove-ssse3-back.os)
 .eh_frame      0x0000000000003980       0x68 /home/mritunjya/rooms/cryptography/crypto-hack/crackmes-one/glibc-2.34/build/libc_pic.a(memmove-avx512-no-vzeroupper.os)
 .eh_frame      0x00000000000039e8       0x30 /home/mritunjya/rooms/cryptography/crypto-hack/crackmes-one/glibc-2.34/build/libc_pic.a(strchr-sse2.os)
 .eh_frame      0x0000000000003a18       0x30 /home/mritunjya/rooms/cryptography/crypto-hack/crackmes-one/glibc-2.34/build/libc_pic.a(strchr-avx2.os)
 .eh_frame      0x0000000000003a48       0x30 /home/mritunjya/rooms/cryptography/crypto-hack/crackmes-one/glibc-2.34/build/libc_pic.a(strlen-sse2.os)
 .eh_frame      0x0000000000003a78       0x30 /home/mritunjya/rooms/cryptography/crypto-hack/crackmes-one/glibc-2.34/build/libc_pic.a(strnlen-sse2.os)
 .eh_frame      0x0000000000003aa8       0x30 /home/mritunjya/rooms/cryptography/crypto-hack/crackmes-one/glibc-2.34/build/libc_pic.a(strlen-avx2.os)
 .eh_frame      0x0000000000003ad8       0x30 /home/mritunjya/rooms/cryptography/crypto-hack/crackmes-one/glibc-2.34/build/libc_pic.a(strnlen-avx2.os)
 .eh_frame      0x0000000000003b08       0x30 /home/mritunjya/rooms/cryptography/crypto-hack/crackmes-one/glibc-2.34/build/libc_pic.a(stpcpy-sse2.os)
 .eh_frame      0x0000000000003b38       0x30 /home/mritunjya/rooms/cryptography/crypto-hack/crackmes-one/glibc-2.34/build/libc_pic.a(stpcpy-ssse3.os)
 .eh_frame      0x0000000000003b68       0x30 /home/mritunjya/rooms/cryptography/crypto-hack/crackmes-one/glibc-2.34/build/libc_pic.a(stpcpy-sse2-unaligned.os)
 .eh_frame      0x0000000000003b98       0x30 /home/mritunjya/rooms/cryptography/crypto-hack/crackmes-one/glibc-2.34/build/libc_pic.a(stpcpy-avx2.os)
 .eh_frame      0x0000000000003bc8       0x30 /home/mritunjya/rooms/cryptography/crypto-hack/crackmes-one/glibc-2.34/build/libc_pic.a(strchr-sse2-no-bsf.os)
 .eh_frame      0x0000000000003bf8       0x30 /home/mritunjya/rooms/cryptography/crypto-hack/crackmes-one/glibc-2.34/build/libc_pic.a(memcmp-ssse3.os)
 .eh_frame      0x0000000000003c28       0x38 /home/mritunjya/rooms/cryptography/crypto-hack/crackmes-one/glibc-2.34/build/libc_pic.a(strcspn-sse2.os)
 .eh_frame      0x0000000000003c60       0x30 /home/mritunjya/rooms/cryptography/crypto-hack/crackmes-one/glibc-2.34/build/libc_pic.a(strcspn-c.os)
 .eh_frame      0x0000000000003c90       0x40 /home/mritunjya/rooms/cryptography/crypto-hack/crackmes-one/glibc-2.34/build/libc_pic.a(memset-avx512-no-vzeroupper.os)
 .eh_frame      0x0000000000003cd0      0x108 /home/mritunjya/rooms/cryptography/crypto-hack/crackmes-one/glibc-2.34/build/libc_pic.a(memmove-sse2-unaligned-erms.os)
 .eh_frame      0x0000000000003dd8       0xb8 /home/mritunjya/rooms/cryptography/crypto-hack/crackmes-one/glibc-2.34/build/libc_pic.a(memmove-avx-unaligned-erms.os)
 .eh_frame      0x0000000000003e90       0xb8 /home/mritunjya/rooms/cryptography/crypto-hack/crackmes-one/glibc-2.34/build/libc_pic.a(memmove-avx512-unaligned-erms.os)
 .eh_frame      0x0000000000003f48       0xd0 /home/mritunjya/rooms/cryptography/crypto-hack/crackmes-one/glibc-2.34/build/libc_pic.a(memset-sse2-unaligned-erms.os)
 .eh_frame      0x0000000000004018       0xa8 /home/mritunjya/rooms/cryptography/crypto-hack/crackmes-one/glibc-2.34/build/libc_pic.a(memset-avx2-unaligned-erms.os)
 .eh_frame      0x00000000000040c0       0xa8 /home/mritunjya/rooms/cryptography/crypto-hack/crackmes-one/glibc-2.34/build/libc_pic.a(memset-avx512-unaligned-erms.os)
 .eh_frame      0x0000000000004168       0x30 /home/mritunjya/rooms/cryptography/crypto-hack/crackmes-one/glibc-2.34/build/libc_pic.a(memchr-avx2-rtm.os)
 .eh_frame      0x0000000000004198       0x30 /home/mritunjya/rooms/cryptography/crypto-hack/crackmes-one/glibc-2.34/build/libc_pic.a(memcmp-avx2-movbe-rtm.os)
 .eh_frame      0x00000000000041c8       0xb8 /home/mritunjya/rooms/cryptography/crypto-hack/crackmes-one/glibc-2.34/build/libc_pic.a(memmove-avx-unaligned-erms-rtm.os)
 .eh_frame      0x0000000000004280       0xa8 /home/mritunjya/rooms/cryptography/crypto-hack/crackmes-one/glibc-2.34/build/libc_pic.a(memset-avx2-unaligned-erms-rtm.os)
 .eh_frame      0x0000000000004328       0x30 /home/mritunjya/rooms/cryptography/crypto-hack/crackmes-one/glibc-2.34/build/libc_pic.a(rawmemchr-avx2-rtm.os)
 .eh_frame      0x0000000000004358       0x30 /home/mritunjya/rooms/cryptography/crypto-hack/crackmes-one/glibc-2.34/build/libc_pic.a(strchr-avx2-rtm.os)
 .eh_frame      0x0000000000004388       0x30 /home/mritunjya/rooms/cryptography/crypto-hack/crackmes-one/glibc-2.34/build/libc_pic.a(strcmp-avx2-rtm.os)
 .eh_frame      0x00000000000043b8       0x30 /home/mritunjya/rooms/cryptography/crypto-hack/crackmes-one/glibc-2.34/build/libc_pic.a(stpcpy-avx2-rtm.os)
 .eh_frame      0x00000000000043e8       0x30 /home/mritunjya/rooms/cryptography/crypto-hack/crackmes-one/glibc-2.34/build/libc_pic.a(strlen-avx2-rtm.os)
 .eh_frame      0x0000000000004418       0x30 /home/mritunjya/rooms/cryptography/crypto-hack/crackmes-one/glibc-2.34/build/libc_pic.a(strncmp-avx2-rtm.os)
 .eh_frame      0x0000000000004448       0x30 /home/mritunjya/rooms/cryptography/crypto-hack/crackmes-one/glibc-2.34/build/libc_pic.a(strnlen-avx2-rtm.os)
 .eh_frame      0x0000000000004478       0x30 /home/mritunjya/rooms/cryptography/crypto-hack/crackmes-one/glibc-2.34/build/libc_pic.a(memchr-evex.os)
 .eh_frame      0x00000000000044a8       0x30 /home/mritunjya/rooms/cryptography/crypto-hack/crackmes-one/glibc-2.34/build/libc_pic.a(memcmp-evex-movbe.os)
 .eh_frame      0x00000000000044d8       0xb8 /home/mritunjya/rooms/cryptography/crypto-hack/crackmes-one/glibc-2.34/build/libc_pic.a(memmove-evex-unaligned-erms.os)
 .eh_frame      0x0000000000004590       0xa8 /home/mritunjya/rooms/cryptography/crypto-hack/crackmes-one/glibc-2.34/build/libc_pic.a(memset-evex-unaligned-erms.os)
 .eh_frame      0x0000000000004638       0x30 /home/mritunjya/rooms/cryptography/crypto-hack/crackmes-one/glibc-2.34/build/libc_pic.a(rawmemchr-evex.os)
 .eh_frame      0x0000000000004668       0x30 /home/mritunjya/rooms/cryptography/crypto-hack/crackmes-one/glibc-2.34/build/libc_pic.a(stpcpy-evex.os)
 .eh_frame      0x0000000000004698       0x30 /home/mritunjya/rooms/cryptography/crypto-hack/crackmes-one/glibc-2.34/build/libc_pic.a(strchr-evex.os)
 .eh_frame      0x00000000000046c8       0x30 /home/mritunjya/rooms/cryptography/crypto-hack/crackmes-one/glibc-2.34/build/libc_pic.a(strcmp-evex.os)
 .eh_frame      0x00000000000046f8       0x30 /home/mritunjya/rooms/cryptography/crypto-hack/crackmes-one/glibc-2.34/build/libc_pic.a(strlen-evex.os)
 .eh_frame      0x0000000000004728       0x30 /home/mritunjya/rooms/cryptography/crypto-hack/crackmes-one/glibc-2.34/build/libc_pic.a(strncmp-evex.os)
 .eh_frame      0x0000000000004758       0x30 /home/mritunjya/rooms/cryptography/crypto-hack/crackmes-one/glibc-2.34/build/libc_pic.a(strnlen-evex.os)
 .eh_frame      0x0000000000004788       0x30 /home/mritunjya/rooms/cryptography/crypto-hack/crackmes-one/glibc-2.34/build/libc_pic.a(memchr-evex-rtm.os)
 .eh_frame      0x00000000000047b8       0x30 /home/mritunjya/rooms/cryptography/crypto-hack/crackmes-one/glibc-2.34/build/libc_pic.a(rawmemchr-evex-rtm.os)
 .eh_frame      0x00000000000047e8       0x40 /home/mritunjya/rooms/cryptography/crypto-hack/crackmes-one/glibc-2.34/build/libc_pic.a(cacheinfo.os)
 .eh_frame      0x0000000000004828       0x38 /home/mritunjya/rooms/cryptography/crypto-hack/crackmes-one/glibc-2.34/build/libc_pic.a(closedir.os)
 .eh_frame      0x0000000000004860       0x50 /home/mritunjya/rooms/cryptography/crypto-hack/crackmes-one/glibc-2.34/build/libc_pic.a(rewinddir.os)
 .eh_frame      0x00000000000048b0       0x70 /home/mritunjya/rooms/cryptography/crypto-hack/crackmes-one/glibc-2.34/build/libc_pic.a(readdir64.os)
 .eh_frame      0x0000000000004920       0x50 /home/mritunjya/rooms/cryptography/crypto-hack/crackmes-one/glibc-2.34/build/libc_pic.a(fdopendir.os)
 .eh_frame      0x0000000000004970       0x30 /home/mritunjya/rooms/cryptography/crypto-hack/crackmes-one/glibc-2.34/build/libc_pic.a(uname.os)
 .eh_frame      0x00000000000049a0       0x30 /home/mritunjya/rooms/cryptography/crypto-hack/crackmes-one/glibc-2.34/build/libc_pic.a(_exit.os)
 .eh_frame      0x00000000000049d0       0x30 /home/mritunjya/rooms/cryptography/crypto-hack/crackmes-one/glibc-2.34/build/libc_pic.a(getpid.os)
 .eh_frame      0x0000000000004a00       0x30 /home/mritunjya/rooms/cryptography/crypto-hack/crackmes-one/glibc-2.34/build/libc_pic.a(stat64.os)
 .eh_frame      0x0000000000004a30       0x30 /home/mritunjya/rooms/cryptography/crypto-hack/crackmes-one/glibc-2.34/build/libc_pic.a(fstat64.os)
 .eh_frame      0x0000000000004a60       0x30 /home/mritunjya/rooms/cryptography/crypto-hack/crackmes-one/glibc-2.34/build/libc_pic.a(lstat64.os)
 .eh_frame      0x0000000000004a90       0x30 /home/mritunjya/rooms/cryptography/crypto-hack/crackmes-one/glibc-2.34/build/libc_pic.a(fstatat64.os)
 .eh_frame      0x0000000000004ac0       0x60 /home/mritunjya/rooms/cryptography/crypto-hack/crackmes-one/glibc-2.34/build/libc_pic.a(openat64.os)
 .eh_frame      0x0000000000004b20       0x30 /home/mritunjya/rooms/cryptography/crypto-hack/crackmes-one/glibc-2.34/build/libc_pic.a(lseek64.os)
 .eh_frame      0x0000000000004b50       0x30 /home/mritunjya/rooms/cryptography/crypto-hack/crackmes-one/glibc-2.34/build/libc_pic.a(access.os)
 .eh_frame      0x0000000000004b80       0x30 /home/mritunjya/rooms/cryptography/crypto-hack/crackmes-one/glibc-2.34/build/libc_pic.a(close_nocancel.os)
 .eh_frame      0x0000000000004bb0       0x48 /home/mritunjya/rooms/cryptography/crypto-hack/crackmes-one/glibc-2.34/build/libc_pic.a(fcntl_nocancel.os)
 .eh_frame      0x0000000000004bf8       0x30 /home/mritunjya/rooms/cryptography/crypto-hack/crackmes-one/glibc-2.34/build/libc_pic.a(open64_nocancel.os)
 .eh_frame      0x0000000000004c28       0x30 /home/mritunjya/rooms/cryptography/crypto-hack/crackmes-one/glibc-2.34/build/libc_pic.a(read_nocancel.os)
 .eh_frame      0x0000000000004c58       0x30 /home/mritunjya/rooms/cryptography/crypto-hack/crackmes-one/glibc-2.34/build/libc_pic.a(pread64_nocancel.os)
 .eh_frame      0x0000000000004c88       0x30 /home/mritunjya/rooms/cryptography/crypto-hack/crackmes-one/glibc-2.34/build/libc_pic.a(write_nocancel.os)
 .eh_frame      0x0000000000004cb8       0x70 /home/mritunjya/rooms/cryptography/crypto-hack/crackmes-one/glibc-2.34/build/libc_pic.a(mmap64.os)
 .eh_frame      0x0000000000004d28       0x30 /home/mritunjya/rooms/cryptography/crypto-hack/crackmes-one/glibc-2.34/build/libc_pic.a(munmap.os)
 .eh_frame      0x0000000000004d58       0x30 /home/mritunjya/rooms/cryptography/crypto-hack/crackmes-one/glibc-2.34/build/libc_pic.a(mprotect.os)
 .eh_frame      0x0000000000004d88       0x80 /home/mritunjya/rooms/cryptography/crypto-hack/crackmes-one/glibc-2.34/build/libc_pic.a(profil.os)
 .eh_frame      0x0000000000004e08       0x30 /home/mritunjya/rooms/cryptography/crypto-hack/crackmes-one/glibc-2.34/build/libc_pic.a(prof-freq.os)
 .eh_frame      0x0000000000004e38       0x30 /home/mritunjya/rooms/cryptography/crypto-hack/crackmes-one/glibc-2.34/build/libc_pic.a(dl-addr-obj.os)
 .eh_frame      0x0000000000004e68       0x30 /home/mritunjya/rooms/cryptography/crypto-hack/crackmes-one/glibc-2.34/build/libc_pic.a(sigaction.os)
 .eh_frame      0x0000000000004e98       0xc8 /home/mritunjya/rooms/cryptography/crypto-hack/crackmes-one/glibc-2.34/build/libc_pic.a(libc_sigaction.os)
                                         0xd0 (size before relaxing)
 .eh_frame      0x0000000000004f60       0x30 /home/mritunjya/rooms/cryptography/crypto-hack/crackmes-one/glibc-2.34/build/libc_pic.a(setitimer.os)
 .eh_frame      0x0000000000004f90       0x2c /home/mritunjya/rooms/cryptography/crypto-hack/crackmes-one/glibc-2.34/build/libc_pic.a(getdents64.os)
                                         0x30 (size before relaxing)

.gcc_except_table
 *(.gcc_except_table)

.gnu_extab
 *(.gnu_extab*)

.exception_ranges
 *(.exception_ranges)

.eh_frame
 *(.eh_frame)

.gnu_extab
 *(.gnu_extab)

.gcc_except_table
 *(.gcc_except_table)

.exception_ranges
 *(.exception_ranges)

.tdata
 *(.tdata)

.tbss           0x0000000000000000        0x4
 *(.tbss)
 .tbss          0x0000000000000000        0x4 /home/mritunjya/rooms/cryptography/crypto-hack/crackmes-one/glibc-2.34/build/libc_pic.a(errno.os)
                0x0000000000000000                errno
                0x0000000000000000                __libc_errno

.jcr
 *(.jcr)

.dynamic
 *(.dynamic)

.got
 *(.got)

.got.plt
 *(.got.plt)

.data           0x0000000000000000     0x1058
 *(.data)
 .data          0x0000000000000000        0x0 /home/mritunjya/rooms/cryptography/crypto-hack/crackmes-one/glibc-2.34/build/elf/librtld.mapT.o
 .data          0x0000000000000000     0x1028 /home/mritunjya/rooms/cryptography/crypto-hack/crackmes-one/glibc-2.34/build/elf/dl-allobjs.os
                0x0000000000000000                _rtld_global
                0x0000000000000000                _rtld_local
 .data          0x0000000000001028        0x0 /home/mritunjya/rooms/cryptography/crypto-hack/crackmes-one/glibc-2.34/build/libc_pic.a(check_fds.os)
 .data          0x0000000000001028        0x0 /home/mritunjya/rooms/cryptography/crypto-hack/crackmes-one/glibc-2.34/build/libc_pic.a(errno.os)
 .data          0x0000000000001028        0x0 /home/mritunjya/rooms/cryptography/crypto-hack/crackmes-one/glibc-2.34/build/libc_pic.a(setjmp.os)
 .data          0x0000000000001028        0x0 /home/mritunjya/rooms/cryptography/crypto-hack/crackmes-one/glibc-2.34/build/libc_pic.a(__longjmp.os)
 .data          0x0000000000001028        0x0 /home/mritunjya/rooms/cryptography/crypto-hack/crackmes-one/glibc-2.34/build/libc_pic.a(lowlevellock.os)
 .data          0x0000000000001028        0x0 /home/mritunjya/rooms/cryptography/crypto-hack/crackmes-one/glibc-2.34/build/libc_pic.a(scratch_buffer_set_array_size.os)
 .data          0x0000000000001028        0x0 /home/mritunjya/rooms/cryptography/crypto-hack/crackmes-one/glibc-2.34/build/libc_pic.a(strchr.os)
 .data          0x0000000000001028        0x0 /home/mritunjya/rooms/cryptography/crypto-hack/crackmes-one/glibc-2.34/build/libc_pic.a(strcmp.os)
 .data          0x0000000000001028        0x0 /home/mritunjya/rooms/cryptography/crypto-hack/crackmes-one/glibc-2.34/build/libc_pic.a(strcspn.os)
 .data          0x0000000000001028        0x0 /home/mritunjya/rooms/cryptography/crypto-hack/crackmes-one/glibc-2.34/build/libc_pic.a(strdup.os)
 .data          0x0000000000001028        0x0 /home/mritunjya/rooms/cryptography/crypto-hack/crackmes-one/glibc-2.34/build/libc_pic.a(strlen.os)
 .data          0x0000000000001028        0x0 /home/mritunjya/rooms/cryptography/crypto-hack/crackmes-one/glibc-2.34/build/libc_pic.a(strnlen.os)
 .data          0x0000000000001028        0x0 /home/mritunjya/rooms/cryptography/crypto-hack/crackmes-one/glibc-2.34/build/libc_pic.a(strncmp.os)
 .data          0x0000000000001028        0x0 /home/mritunjya/rooms/cryptography/crypto-hack/crackmes-one/glibc-2.34/build/libc_pic.a(memchr.os)
 .data          0x0000000000001028        0x0 /home/mritunjya/rooms/cryptography/crypto-hack/crackmes-one/glibc-2.34/build/libc_pic.a(memcmp.os)