Archive member included to satisfy reference by file (symbol)

/home/mritunjya/rooms/cryptography/crypto-hack/crackmes-one/glibc-2.34/build/elf/rtld-libc.a(rtld-check_fds.os)
                              /home/mritunjya/rooms/cryptography/crypto-hack/crackmes-one/glibc-2.34/build/elf/dl-allobjs.os (__libc_check_standard_fds)
/home/mritunjya/rooms/cryptography/crypto-hack/crackmes-one/glibc-2.34/build/elf/rtld-libc.a(rtld-errno.os)
                              /home/mritunjya/rooms/cryptography/crypto-hack/crackmes-one/glibc-2.34/build/elf/dl-allobjs.os (rtld_errno)
/home/mritunjya/rooms/cryptography/crypto-hack/crackmes-one/glibc-2.34/build/elf/rtld-libc.a(rtld-closedir.os)
                              /home/mritunjya/rooms/cryptography/crypto-hack/crackmes-one/glibc-2.34/build/elf/dl-allobjs.os (__closedir)
/home/mritunjya/rooms/cryptography/crypto-hack/crackmes-one/glibc-2.34/build/elf/rtld-libc.a(rtld-rewinddir.os)
                              /home/mritunjya/rooms/cryptography/crypto-hack/crackmes-one/glibc-2.34/build/elf/dl-allobjs.os (__rewinddir)
/home/mritunjya/rooms/cryptography/crypto-hack/crackmes-one/glibc-2.34/build/elf/rtld-libc.a(rtld-readdir64.os)
                              /home/mritunjya/rooms/cryptography/crypto-hack/crackmes-one/glibc-2.34/build/elf/dl-allobjs.os (__readdir64)
/home/mritunjya/rooms/cryptography/crypto-hack/crackmes-one/glibc-2.34/build/elf/rtld-libc.a(rtld-fdopendir.os)
                              /home/mritunjya/rooms/cryptography/crypto-hack/crackmes-one/glibc-2.34/build/elf/dl-allobjs.os (__fdopendir)
/home/mritunjya/rooms/cryptography/crypto-hack/crackmes-one/glibc-2.34/build/elf/rtld-libc.a(rtld-getdents64.os)
                              /home/mritunjya/rooms/cryptography/crypto-hack/crackmes-one/glibc-2.34/build/elf/rtld-libc.a(rtld-readdir64.os) (__getdents64)
/home/mritunjya/rooms/cryptography/crypto-hack/crackmes-one/glibc-2.34/build/elf/rtld-libc.a(rtld-dl-addr-obj.os)
                              /home/mritunjya/rooms/cryptography/crypto-hack/crackmes-one/glibc-2.34/build/elf/dl-allobjs.os (_dl_addr_inside_object)
/home/mritunjya/rooms/cryptography/crypto-hack/crackmes-one/glibc-2.34/build/elf/rtld-libc.a(rtld-profil.os)
                              /home/mritunjya/rooms/cryptography/crypto-hack/crackmes-one/glibc-2.34/build/elf/dl-allobjs.os (__profil)
/home/mritunjya/rooms/cryptography/crypto-hack/crackmes-one/glibc-2.34/build/elf/rtld-libc.a(rtld-prof-freq.os)
                              /home/mritunjya/rooms/cryptography/crypto-hack/crackmes-one/glibc-2.34/build/elf/dl-allobjs.os (__profile_frequency)
/home/mritunjya/rooms/cryptography/crypto-hack/crackmes-one/glibc-2.34/build/elf/rtld-libc.a(rtld-stat64.os)
                              /home/mritunjya/rooms/cryptography/crypto-hack/crackmes-one/glibc-2.34/build/elf/dl-allobjs.os (__GI___stat64)
/home/mritunjya/rooms/cryptography/crypto-hack/crackmes-one/glibc-2.34/build/elf/rtld-libc.a(rtld-fstat64.os)
                              /home/mritunjya/rooms/cryptography/crypto-hack/crackmes-one/glibc-2.34/build/elf/dl-allobjs.os (__GI___fstat64)
/home/mritunjya/rooms/cryptography/crypto-hack/crackmes-one/glibc-2.34/build/elf/rtld-libc.a(rtld-lstat64.os)
                              /home/mritunjya/rooms/cryptography/crypto-hack/crackmes-one/glibc-2.34/build/elf/dl-allobjs.os (__GI___lstat64)
/home/mritunjya/rooms/cryptography/crypto-hack/crackmes-one/glibc-2.34/build/elf/rtld-libc.a(rtld-fstatat64.os)
                              /home/mritunjya/rooms/cryptography/crypto-hack/crackmes-one/glibc-2.34/build/elf/dl-allobjs.os (__GI___fstatat64)
/home/mritunjya/rooms/cryptography/crypto-hack/crackmes-one/glibc-2.34/build/elf/rtld-libc.a(rtld-openat64.os)
                              /home/mritunjya/rooms/cryptography/crypto-hack/crackmes-one/glibc-2.34/build/elf/dl-allobjs.os (__openat64)
/home/mritunjya/rooms/cryptography/crypto-hack/crackmes-one/glibc-2.34/build/elf/rtld-libc.a(rtld-lseek64.os)
                              /home/mritunjya/rooms/cryptography/crypto-hack/crackmes-one/glibc-2.34/build/elf/dl-allobjs.os (__lseek)
/home/mritunjya/rooms/cryptography/crypto-hack/crackmes-one/glibc-2.34/build/elf/rtld-libc.a(rtld-access.os)
                              /home/mritunjya/rooms/cryptography/crypto-hack/crackmes-one/glibc-2.34/build/elf/dl-allobjs.os (__access)
/home/mritunjya/rooms/cryptography/crypto-hack/crackmes-one/glibc-2.34/build/elf/rtld-libc.a(rtld-close_nocancel.os)
                              /home/mritunjya/rooms/cryptography/crypto-hack/crackmes-one/glibc-2.34/build/elf/dl-allobjs.os (__GI___close_nocancel)
/home/mritunjya/rooms/cryptography/crypto-hack/crackmes-one/glibc-2.34/build/elf/rtld-libc.a(rtld-fcntl_nocancel.os)
                              /home/mritunjya/rooms/cryptography/crypto-hack/crackmes-one/glibc-2.34/build/elf/dl-allobjs.os (__GI___fcntl64_nocancel)
[...]
Memory Configuration

Name             Origin             Length             Attributes
*default*        0x0000000000000000 0xffffffffffffffff

Linker script and memory map

START GROUP
LOAD /home/mritunjya/rooms/cryptography/crypto-hack/crackmes-one/glibc-2.34/build/elf/dl-allobjs.os
LOAD /home/mritunjya/rooms/cryptography/crypto-hack/crackmes-one/glibc-2.34/build/elf/rtld-libc.a
LOAD /usr/lib/gcc/x86_64-linux-gnu/8/libgcc.a
END GROUP

.interp
 *(.interp)

.note.gnu.property
                0x0000000000000000       0x20
 .note.gnu.property
                0x0000000000000000       0x20 /home/mritunjya/rooms/cryptography/crypto-hack/crackmes-one/glibc-2.34/build/elf/dl-allobjs.os

.note.gnu.build-id
 *(.note.gnu.build-id)

.hash
 *(.hash)

.gnu.hash
 *(.gnu.hash)

.dynsym
 *(.dynsym)

.dynstr
 *(.dynstr)

.gnu.version
 *(.gnu.version)

.gnu.version_d
 *(.gnu.version_d)

.gnu.version_r
 *(.gnu.version_r)

.rela.init
 *(.rela.init)

.rela.text
 *(.rela.text)

.rela.fini
 *(.rela.fini)

.rela.rodata
 *(.rela.rodata)

.rela.data.rel.ro
 *(.rela.data.rel.ro)

.rela.data
 *(.rela.data)

.rela.tdata
 *(.rela.tdata)

.rela.tbss
 *(.rela.tbss)

.rela.ctors
 *(.rela.ctors)

.rela.dtors
 *(.rela.dtors)

.rela.got
 *(.rela.got)

.rela.bss
 *(.rela.bss)

.rela.ldata
 *(.rela.ldata)

.rela.lbss
 *(.rela.lbss)

.rela.lrodata
 *(.rela.lrodata)

.rela.ifunc
 *(.rela.ifunc)

.rela.plt
 *(.rela.plt)

.init
 *(SORT_NONE(.init))

.plt
 *(.plt)

.plt.got
 *(.plt.got)

.plt.sec
 *(.plt.sec)

.text           0x0000000000000000    0x24af6
 *(.text .stub)
 .text          0x0000000000000000    0x1fc24 /home/mritunjya/rooms/cryptography/crypto-hack/crackmes-one/glibc-2.34/build/elf/dl-allobjs.os
                0x0000000000000000                _start
                0x0000000000000008                _dl_start_user
                0x0000000000001390                handle_preload_list
                0x0000000000006550                _dl_dst_count
                0x00000000000065f0                _dl_dst_substitute
                0x0000000000006da0                _dl_init_paths
                0x0000000000007110                _dl_process_pt_gnu_property
                0x0000000000008800                _dl_map_object
                0x0000000000009330                _dl_rtld_di_serinfo
                0x000000000000a220                _dl_lookup_symbol_x
                0x000000000000b130                _dl_setup_hash
                0x000000000000b1f0                _dl_add_to_namespace_list
                0x000000000000b290                _dl_new_object
                0x000000000000b680                _dl_try_allocate_static_tls
                0x000000000000b7b0                _dl_allocate_static_tls
                0x000000000000b7f0                _dl_protect_relro
                0x000000000000b860                _dl_reloc_bad_type
                0x000000000000b930                _dl_relocate_object
                0x000000000000d6f0                _dl_map_object_deps
                0x000000000000e8d0                _dl_fixup
                0x000000000000ea80                _dl_profile_fixup
                0x000000000000f130                _dl_call_pltexit
                0x000000000000f3d0                _dl_init
                0x000000000000f500                _dl_fini
                0x000000000000f930                _dl_debug_state
                0x000000000000f930                __GI__dl_debug_state
                0x000000000000f940                _dl_debug_initialize
                0x0000000000010180                _dl_sysdep_read_whole_file
                0x0000000000010210                _dl_debug_printf
                0x00000000000102c0                _dl_debug_printf_c
                0x0000000000010370                _dl_dprintf
                0x0000000000010410                _dl_printf
                0x00000000000104c0                _dl_error_printf
                0x0000000000010570                _dl_fatal_printf
                0x0000000000010570                __GI__dl_fatal_printf
                0x0000000000010620                _dl_name_match_p
                0x0000000000010690                _dl_higher_prime_number
                0x0000000000010710                _dl_strtoul
                0x0000000000010870                _dl_check_map_versions
                0x0000000000010fc0                _dl_check_all_versions
                0x0000000000011030                _dl_start_profile
                0x0000000000011840                __GI__dl_mcount
                0x0000000000011840                _dl_mcount
                0x0000000000011d90                _dl_tls_static_surplus_init
                0x0000000000011e20                _dl_assign_tls_modid
                0x0000000000011f40                _dl_count_modids
                0x0000000000011fb0                _dl_determine_tlsoffset
                0x0000000000012160                _dl_get_tls_static_info
                0x0000000000012180                _dl_allocate_tls_storage
                0x0000000000012250                __GI__dl_allocate_tls_init
                0x0000000000012250                _dl_allocate_tls_init
                0x00000000000124b0                __GI__dl_allocate_tls
                0x00000000000124b0                _dl_allocate_tls
                0x00000000000124f0                _dl_deallocate_tls
                0x00000000000124f0                __GI__dl_deallocate_tls
                0x0000000000012580                _dl_update_slotinfo
                0x00000000000127d0                __GI___tls_get_addr
                0x00000000000127d0                ___tls_get_addr
                0x0000000000012820                _dl_tls_get_addr_soft
                0x00000000000128a0                _dl_add_to_slotinfo
                0x00000000000129c0                _dl_init_static_tls
                0x0000000000012af0                __tls_get_addr_slow
                0x0000000000012b20                _dl_get_origin
                0x0000000000012cd0                _dl_scope_free
                0x0000000000012db0                __GI___nptl_change_stack_perm
                0x0000000000012db0                __nptl_change_stack_perm
                0x0000000000012df0                _dl_make_stacks_executable
                0x0000000000013220                __GI__dl_find_dso_for_object
                0x0000000000013220                _dl_find_dso_for_object
                0x00000000000132f0                _dl_open
                0x0000000000013630                _dl_show_scope
                0x0000000000014410                _dl_close_worker
                0x0000000000015560                _dl_close
                0x00000000000155d0                _dl_runtime_profile_avx512
                0x0000000000015a50                _dl_runtime_profile_avx
                0x0000000000015ed0                _dl_runtime_profile_sse
                0x00000000000160d0                _dl_runtime_resolve_fxsave
                0x0000000000016150                _dl_runtime_resolve_xsave
                0x0000000000016220                _dl_runtime_resolve_xsavec
                0x0000000000016300                _dl_error_free
                0x0000000000016330                _dl_exception_create
                0x0000000000016330                __GI__dl_exception_create
                0x0000000000016430                __GI__dl_exception_create_format
                0x0000000000016430                _dl_exception_create_format
                0x00000000000168b0                _dl_exception_free
                0x00000000000168b0                __GI__dl_exception_free
                0x00000000000168e0                _dl_sort_maps
                0x0000000000016c90                _dl_lookup_direct
                0x0000000000016e60                _dl_call_libc_early_init
                0x0000000000016ef0                _dl_write
                0x0000000000016f00                __thread_gscope_wait
                0x0000000000017110                __tls_pre_init_tp
                0x0000000000017170                __tls_init_tp
                0x0000000000017240                _dl_cache_libcmp
                0x0000000000017ab0                _dl_load_cache_lookup
                0x0000000000017e70                _dl_unload_cache
                0x0000000000017fe0                __GI___tunable_set_val
                0x0000000000018010                __GI___tunables_init
                0x00000000000185b0                __GI___tunables_print
                0x00000000000186b0                __tunable_get_val
                0x00000000000186b0                __GI___tunable_get_val
                0x0000000000018740                _dl_make_tlsdesc_dynamic
                0x00000000000189f0                _dl_unmap
                0x0000000000018a70                _dl_tlsdesc_return
                0x0000000000018a80                _dl_tlsdesc_undefweak
                0x0000000000018aa0                _dl_tlsdesc_dynamic
                0x0000000000018b40                __tls_get_addr
                0x000000000001abb0                __x86_cpu_features
                0x000000000001abe0                _dl_x86_init_cpu_features
                0x000000000001ac00                _dl_x86_get_cpu_features
                0x000000000001b010                _dl_cet_open_check
                0x000000000001b020                _dl_cet_check
                0x000000000001b030                _dl_tunable_set_hwcaps
                0x000000000001bb50                _dl_tunable_set_x86_ibt
                0x000000000001bbd0                _dl_tunable_set_x86_shstk
                0x000000000001bc50                _dl_sysdep_start
                0x000000000001c010                _dl_sysdep_start_cleanup
                0x000000000001c020                _dl_show_auxv
                0x000000000001c1c0                _dl_discover_osversion
                0x000000000001c3a0                _dl_next_ld_env_entry
                0x000000000001c3f0                unsetenv
                0x000000000001c620                __rtld_malloc_init_stubs
                0x000000000001c660                __sigjmp_save
                0x000000000001c670                __strerror_r
                0x000000000001c760                __GI___libc_fatal
                0x000000000001c760                __libc_fatal
                0x000000000001c780                __GI___chk_fail
                0x000000000001c780                __chk_fail
                0x000000000001c7a0                __GI___assert_fail
                0x000000000001c7a0                __assert_fail
                0x000000000001c870                __rtld_malloc_is_complete
                0x000000000001cae0                __rtld_malloc_init_real
                0x000000000001cbe0                __GI___assert_perror_fail
                0x000000000001cbe0                __assert_perror_fail
                0x000000000001cc40                _itoa
                0x000000000001cca0                __strsep
                0x000000000001cca0                strsep
                0x000000000001cca0                __strsep_g
                0x000000000001cdd0                _dl_signal_exception
                0x000000000001ce20                _dl_signal_error
                0x000000000001ce70                _dl_signal_cexception
                0x000000000001cef0                _dl_signal_cerror
                0x000000000001cf80                _dl_catch_exception
                0x000000000001d070                _dl_catch_error
                0x000000000001d0c0                _dl_receive_error
                0x000000000001d110                _rtld_catch_error
                0x000000000001d120                _dl_resolve_conflicts
                0x000000000001d390                _dl_important_hwcaps
                0x000000000001dd00                _dl_hwcaps_split
                0x000000000001dd30                _dl_hwcaps_contains
                0x000000000001ddd0                _dl_hwcaps_split_masked
                0x000000000001de30                _dl_hwcaps_subdirs_active
                0x000000000001dff0                _dl_usage
                0x000000000001e040                _dl_version
                0x000000000001e060                _dl_help
                0x000000000001e5d0                _dl_diagnostics_print_string
                0x000000000001e660                _dl_diagnostics_print_labeled_string
                0x000000000001e6b0                _dl_diagnostics_print_labeled_value
                0x000000000001e6d0                _dl_print_diagnostics
                0x000000000001eb80                _dl_diagnostics_kernel
                0x000000000001ec20                _dl_diagnostics_cpu
                0x000000000001f2b0                __rtld_mutex_init
                0x000000000001f3a0                __brk
                0x000000000001f3a0                brk
                0x000000000001f3d0                sbrk
                0x000000000001f3d0                __sbrk
                0x000000000001f470                __getcwd
                0x000000000001f470                getcwd
                0x000000000001fa50                openat64
                0x000000000001fab0                __alloc_dir
                0x000000000001fb90                __opendir
                0x000000000001fb90                opendir
 *fill*         0x000000000001fc24        0xc 
 .text          0x000000000001fc30       0xd6 /home/mritunjya/rooms/cryptography/crypto-hack/crackmes-one/glibc-2.34/build/elf/rtld-libc.a(rtld-check_fds.os)
                0x000000000001fcd0                __libc_check_standard_fds
 .text          0x000000000001fd06        0x0 /home/mritunjya/rooms/cryptography/crypto-hack/crackmes-one/glibc-2.34/build/elf/rtld-libc.a(rtld-errno.os)
 *fill*         0x000000000001fd06        0xa 
 .text          0x000000000001fd10       0x2a /home/mritunjya/rooms/cryptography/crypto-hack/crackmes-one/glibc-2.34/build/elf/rtld-libc.a(rtld-closedir.os)
                0x000000000001fd10                __closedir
                0x000000000001fd10                closedir
 *fill*         0x000000000001fd3a        0x6 
 .text          0x000000000001fd40       0x34 /home/mritunjya/rooms/cryptography/crypto-hack/crackmes-one/glibc-2.34/build/elf/rtld-libc.a(rtld-rewinddir.os)
                0x000000000001fd40                rewinddir
                0x000000000001fd40                __rewinddir
 *fill*         0x000000000001fd74        0xc 
 .text          0x000000000001fd80       0x8d /home/mritunjya/rooms/cryptography/crypto-hack/crackmes-one/glibc-2.34/build/elf/rtld-libc.a(rtld-readdir64.os)
                0x000000000001fd80                readdir
                0x000000000001fd80                __readdir64
                0x000000000001fd80                __readdir
                0x000000000001fd80                readdir64
 *fill*         0x000000000001fe0d        0x3 
 .text          0x000000000001fe10       0x8e /home/mritunjya/rooms/cryptography/crypto-hack/crackmes-one/glibc-2.34/build/elf/rtld-libc.a(rtld-fdopendir.os)
                0x000000000001fe10                fdopendir
                0x000000000001fe10                __fdopendir
 *fill*         0x000000000001fe9e        0x2 
 .text          0x000000000001fea0       0x38 /home/mritunjya/rooms/cryptography/crypto-hack/crackmes-one/glibc-2.34/build/elf/rtld-libc.a(rtld-getdents64.os)
                0x000000000001fea0                __getdents
                0x000000000001fea0                getdents64
                0x000000000001fea0                __getdents64
 *fill*         0x000000000001fed8        0x8 
 .text          0x000000000001fee0       0x5b /home/mritunjya/rooms/cryptography/crypto-hack/crackmes-one/glibc-2.34/build/elf/rtld-libc.a(rtld-dl-addr-obj.os)
                0x000000000001fee0                _dl_addr_inside_object
 *fill*         0x000000000001ff3b        0x5 
 .text          0x000000000001ff40       0xfc /home/mritunjya/rooms/cryptography/crypto-hack/crackmes-one/glibc-2.34/build/elf/rtld-libc.a(rtld-profil.os)
                0x000000000001ff90                __profil
                0x000000000001ff90                profil
 *fill*         0x000000000002003c        0x4 
 .text          0x0000000000020040        0xb /home/mritunjya/rooms/cryptography/crypto-hack/crackmes-one/glibc-2.34/build/elf/rtld-libc.a(rtld-prof-freq.os)
                0x0000000000020040                __profile_frequency
 *fill*         0x000000000002004b        0x5 
 .text          0x0000000000020050       0x16 /home/mritunjya/rooms/cryptography/crypto-hack/crackmes-one/glibc-2.34/build/elf/rtld-libc.a(rtld-stat64.os)
                0x0000000000020050                stat64
                0x0000000000020050                __stat
                0x0000000000020050                __stat64
                0x0000000000020050                stat
                0x0000000000020050                __GI___stat64
 *fill*         0x0000000000020066        0xa 
 .text          0x0000000000020070       0x30 /home/mritunjya/rooms/cryptography/crypto-hack/crackmes-one/glibc-2.34/build/elf/rtld-libc.a(rtld-fstat64.os)
                0x0000000000020070                __GI___fstat64
                0x0000000000020070                fstat64
                0x0000000000020070                fstat
                0x0000000000020070                __fstat64
                0x0000000000020070                __fstat
 .text          0x00000000000200a0       0x19 /home/mritunjya/rooms/cryptography/crypto-hack/crackmes-one/glibc-2.34/build/elf/rtld-libc.a(rtld-lstat64.os)
                0x00000000000200a0                __lstat64
                0x00000000000200a0                lstat
                0x00000000000200a0                lstat64
                0x00000000000200a0                __GI___lstat64
                0x00000000000200a0                __lstat
 *fill*         0x00000000000200b9        0x7 
 .text          0x00000000000200c0       0x2e /home/mritunjya/rooms/cryptography/crypto-hack/crackmes-one/glibc-2.34/build/elf/rtld-libc.a(rtld-fstatat64.os)
                0x00000000000200c0                fstatat
                0x00000000000200c0                __fstatat
                0x00000000000200c0                fstatat64
                0x00000000000200c0                __fstatat64
                0x00000000000200c0                __GI___fstatat
                0x00000000000200c0                __GI___fstatat64
 *fill*         0x00000000000200ee        0x2 
 .text          0x00000000000200f0       0x66 /home/mritunjya/rooms/cryptography/crypto-hack/crackmes-one/glibc-2.34/build/elf/rtld-libc.a(rtld-openat64.os)
                0x00000000000200f0                __openat64
                0x00000000000200f0                __libc_openat64
                0x00000000000200f0                __openat
                0x00000000000200f0                openat
 *fill*         0x0000000000020156        0xa 
 .text          0x0000000000020160       0x28 /home/mritunjya/rooms/cryptography/crypto-hack/crackmes-one/glibc-2.34/build/elf/rtld-libc.a(rtld-lseek64.os)
                0x0000000000020160                __lseek64
                0x0000000000020160                lseek
                0x0000000000020160                __libc_lseek64
                0x0000000000020160                __lseek
                0x0000000000020160                __libc_lseek
                0x0000000000020160                lseek64
 *fill*         0x0000000000020188        0x8 
 .text          0x0000000000020190       0x26 /home/mritunjya/rooms/cryptography/crypto-hack/crackmes-one/glibc-2.34/build/elf/rtld-libc.a(rtld-access.os)
                0x0000000000020190                access
                0x0000000000020190                __access
 *fill*         0x00000000000201b6        0xa 
 .text          0x00000000000201c0       0x26 /home/mritunjya/rooms/cryptography/crypto-hack/crackmes-one/glibc-2.34/build/elf/rtld-libc.a(rtld-close_nocancel.os)
                0x00000000000201c0                __GI___close_nocancel
 *fill*         0x00000000000201e6        0xa 
 .text          0x00000000000201f0       0x93 /home/mritunjya/rooms/cryptography/crypto-hack/crackmes-one/glibc-2.34/build/elf/rtld-libc.a(rtld-fcntl_nocancel.os)
                0x00000000000201f0                __fcntl64_nocancel_adjusted
                0x0000000000020250                __fcntl64_nocancel
                0x0000000000020250                __GI___fcntl64_nocancel
 *fill*         0x0000000000020283        0xd 
 .text          0x0000000000020290       0x76 /home/mritunjya/rooms/cryptography/crypto-hack/crackmes-one/glibc-2.34/build/elf/rtld-libc.a(rtld-open64_nocancel.os)
                0x0000000000020290                __GI___open_nocancel
                0x0000000000020290                __open_nocancel
                0x0000000000020290                __GI___open64_nocancel
                0x0000000000020290                __open64_nocancel
 *fill*         0x0000000000020306        0xa 
 .text          0x0000000000020310       0x28 /home/mritunjya/rooms/cryptography/crypto-hack/crackmes-one/glibc-2.34/build/elf/rtld-libc.a(rtld-read_nocancel.os)
                0x0000000000020310                __read_nocancel
                0x0000000000020310                __GI___read_nocancel
 *fill*         0x0000000000020338        0x8 
 .text          0x0000000000020340       0x30 /home/mritunjya/rooms/cryptography/crypto-hack/crackmes-one/glibc-2.34/build/elf/rtld-libc.a(rtld-pread64_nocancel.os)
                0x0000000000020340                __GI___pread64_nocancel
                0x0000000000020340                __pread64_nocancel
 .text          0x0000000000020370       0x28 /home/mritunjya/rooms/cryptography/crypto-hack/crackmes-one/glibc-2.34/build/elf/rtld-libc.a(rtld-write_nocancel.os)
                0x0000000000020370                __GI___write_nocancel
                0x0000000000020370                __write_nocancel
 *fill*         0x0000000000020398        0x8 
 .text          0x00000000000203a0       0xb0 /home/mritunjya/rooms/cryptography/crypto-hack/crackmes-one/glibc-2.34/build/elf/rtld-libc.a(rtld-scratch_buffer_set_array_size.os)
                0x00000000000203a0                __libc_scratch_buffer_set_array_size
 .text          0x0000000000020450       0xc1 /home/mritunjya/rooms/cryptography/crypto-hack/crackmes-one/glibc-2.34/build/elf/rtld-libc.a(rtld-mmap64.os)
                0x0000000000020450                __mmap
                0x0000000000020450                mmap
                0x0000000000020450                __mmap64
                0x0000000000020450                mmap64
 *fill*         0x0000000000020511        0xf 
 .text          0x0000000000020520       0x24 /home/mritunjya/rooms/cryptography/crypto-hack/crackmes-one/glibc-2.34/build/elf/rtld-libc.a(rtld-munmap.os)
                0x0000000000020520                munmap
                0x0000000000020520                __GI___munmap
                0x0000000000020520                __GI_munmap
                0x0000000000020520                __munmap
 *fill*         0x0000000000020544        0xc 
 .text          0x0000000000020550       0x24 /home/mritunjya/rooms/cryptography/crypto-hack/crackmes-one/glibc-2.34/build/elf/rtld-libc.a(rtld-mprotect.os)
                0x0000000000020550                __mprotect
                0x0000000000020550                __GI___mprotect
                0x0000000000020550                __GI_mprotect
                0x0000000000020550                mprotect
 *fill*         0x0000000000020574        0xc 
 .text          0x0000000000020580      0x118 /home/mritunjya/rooms/cryptography/crypto-hack/crackmes-one/glibc-2.34/build/elf/rtld-libc.a(rtld-lowlevellock.os)
                0x0000000000020580                __lll_lock_wait_private
                0x00000000000205f0                __lll_lock_wait
                0x0000000000020660                __lll_lock_wake_private
                0x0000000000020680                __lll_lock_wake
 *fill*         0x0000000000020698        0x8 
 .text          0x00000000000206a0       0x24 /home/mritunjya/rooms/cryptography/crypto-hack/crackmes-one/glibc-2.34/build/elf/rtld-libc.a(rtld-uname.os)
                0x00000000000206a0                uname
                0x00000000000206a0                __GI_uname
                0x00000000000206a0                __uname
                0x00000000000206a0                __GI___uname
 *fill*         0x00000000000206c4        0xc 
 .text          0x00000000000206d0       0x4a /home/mritunjya/rooms/cryptography/crypto-hack/crackmes-one/glibc-2.34/build/elf/rtld-libc.a(rtld-_exit.os)
                0x00000000000206d0                _Exit
                0x00000000000206d0                __GI__exit
                0x00000000000206d0                _exit
 *fill*         0x000000000002071a        0x6 
 .text          0x0000000000020720        0xc /home/mritunjya/rooms/cryptography/crypto-hack/crackmes-one/glibc-2.34/build/elf/rtld-libc.a(rtld-getpid.os)
                0x0000000000020720                __getpid
                0x0000000000020720                getpid
                0x0000000000020720                __GI_getpid
                0x0000000000020720                __GI___getpid
 .text          0x000000000002072c        0x0 /home/mritunjya/rooms/cryptography/crypto-hack/crackmes-one/glibc-2.34/build/elf/rtld-libc.a(rtld-environ.os)
 *fill*         0x000000000002072c        0x4 
 .text          0x0000000000020730       0x5e /home/mritunjya/rooms/cryptography/crypto-hack/crackmes-one/glibc-2.34/build/elf/rtld-libc.a(rtld-setjmp.os)
                0x0000000000020730                __sigsetjmp
                0x0000000000020730                __GI___sigsetjmp
 *fill*         0x000000000002078e        0x2 
 .text          0x0000000000020790       0x7c /home/mritunjya/rooms/cryptography/crypto-hack/crackmes-one/glibc-2.34/build/elf/rtld-libc.a(rtld-__longjmp.os)
                0x0000000000020790                __longjmp
 *fill*         0x000000000002080c        0x4 
 .text          0x0000000000020810       0x30 /home/mritunjya/rooms/cryptography/crypto-hack/crackmes-one/glibc-2.34/build/elf/rtld-libc.a(rtld-sigaction.os)
                0x0000000000020810                sigaction
                0x0000000000020810                __sigaction
 .text          0x0000000000020840      0x1af /home/mritunjya/rooms/cryptography/crypto-hack/crackmes-one/glibc-2.34/build/elf/rtld-libc.a(rtld-libc_sigaction.os)
                0x0000000000020860                __libc_sigaction
 *fill*         0x00000000000209ef        0x1 
 .text          0x00000000000209f0       0x42 /home/mritunjya/rooms/cryptography/crypto-hack/crackmes-one/glibc-2.34/build/elf/rtld-libc.a(rtld-strdup.os)
                0x00000000000209f0                __strdup
                0x00000000000209f0                strdup
 *fill*         0x0000000000020a32        0xe 
 .text          0x0000000000020a40     0x1449 /home/mritunjya/rooms/cryptography/crypto-hack/crackmes-one/glibc-2.34/build/elf/rtld-libc.a(rtld-strcmp-sse2.os)
                0x0000000000020a40                strcmp
 *fill*         0x0000000000021e89        0x7 
 .text          0x0000000000021e90     0x1859 /home/mritunjya/rooms/cryptography/crypto-hack/crackmes-one/glibc-2.34/build/elf/rtld-libc.a(rtld-strncmp-sse2.os)
                0x0000000000021e90                strncmp
 *fill*         0x00000000000236e9        0x7 
 .text          0x00000000000236f0      0x323 /home/mritunjya/rooms/cryptography/crypto-hack/crackmes-one/glibc-2.34/build/elf/rtld-libc.a(rtld-memchr-sse2.os)
                0x00000000000236f0                memchr
                0x00000000000236f0                __memchr
 *fill*         0x0000000000023a13        0xd 
 .text          0x0000000000023a20      0x209 /home/mritunjya/rooms/cryptography/crypto-hack/crackmes-one/glibc-2.34/build/elf/rtld-libc.a(rtld-rawmemchr-sse2.os)
                0x0000000000023a20                __rawmemchr
                0x0000000000023a20                rawmemchr
 *fill*         0x0000000000023c29        0x7 
 .text          0x0000000000023c30      0x400 /home/mritunjya/rooms/cryptography/crypto-hack/crackmes-one/glibc-2.34/build/elf/rtld-libc.a(rtld-memcmp-sse2.os)
                0x0000000000023c30                bcmp
                0x0000000000023c30                memcmp
 .text          0x0000000000024030      0x22a /home/mritunjya/rooms/cryptography/crypto-hack/crackmes-one/glibc-2.34/build/elf/rtld-libc.a(rtld-strchr-sse2.os)
                0x0000000000024030                index
                0x0000000000024030                strchr
 *fill*         0x000000000002425a        0x6 
 .text          0x0000000000024260      0x19c /home/mritunjya/rooms/cryptography/crypto-hack/crackmes-one/glibc-2.34/build/elf/rtld-libc.a(rtld-strlen-sse2.os)
                0x0000000000024260                strlen
 *fill*         0x00000000000243fc        0x4 
 .text          0x0000000000024400      0x218 /home/mritunjya/rooms/cryptography/crypto-hack/crackmes-one/glibc-2.34/build/elf/rtld-libc.a(rtld-strnlen-sse2.os)
                0x0000000000024400                __strnlen
                0x0000000000024400                strnlen
 *fill*         0x0000000000024618        0x8 
 .text          0x0000000000024620       0xec /home/mritunjya/rooms/cryptography/crypto-hack/crackmes-one/glibc-2.34/build/elf/rtld-libc.a(rtld-stpcpy-sse2.os)
                0x0000000000024620                stpcpy
                0x0000000000024620                __stpcpy
 *fill*         0x000000000002470c        0x4 
 .text          0x0000000000024710       0xa7 /home/mritunjya/rooms/cryptography/crypto-hack/crackmes-one/glibc-2.34/build/elf/rtld-libc.a(rtld-strcspn-sse2.os)
                0x0000000000024710                strcspn
 *fill*         0x00000000000247b7        0x9 
 .text          0x00000000000247c0      0x208 /home/mritunjya/rooms/cryptography/crypto-hack/crackmes-one/glibc-2.34/build/elf/rtld-libc.a(rtld-memmove-sse2-unaligned-erms.os)
                0x00000000000247c0                mempcpy
                0x00000000000247c0                __mempcpy
                0x00000000000247d0                memmove
                0x00000000000247d0                memcpy
 *fill*         0x00000000000249c8        0x8 
 .text          0x00000000000249d0       0xf2 /home/mritunjya/rooms/cryptography/crypto-hack/crackmes-one/glibc-2.34/build/elf/rtld-libc.a(rtld-memset-sse2-unaligned-erms.os)
                0x00000000000249d0                memset
 *fill*         0x0000000000024ac2        0xe 
 .text          0x0000000000024ad0       0x26 /home/mritunjya/rooms/cryptography/crypto-hack/crackmes-one/glibc-2.34/build/elf/rtld-libc.a(rtld-setitimer.os)
                0x0000000000024ad0                setitimer
                0x0000000000024ad0                __setitimer
 *(.gnu.warning)

.fini
 *(SORT_NONE(.fini))

.rodata         0x0000000000000000     0x1578
 *(.rodata)
 .rodata        0x0000000000000000     0x14f5 /home/mritunjya/rooms/cryptography/crypto-hack/crackmes-one/glibc-2.34/build/elf/dl-allobjs.os
                0x00000000000012d0                __GI__itoa_lower_digits
                0x00000000000012d0                _itoa_lower_digits
 *fill*         0x00000000000014f5        0x3 
 .rodata        0x00000000000014f8       0x40 /home/mritunjya/rooms/cryptography/crypto-hack/crackmes-one/glibc-2.34/build/elf/rtld-libc.a(rtld-strcmp-sse2.os)
 .rodata        0x0000000000001538       0x40 /home/mritunjya/rooms/cryptography/crypto-hack/crackmes-one/glibc-2.34/build/elf/rtld-libc.a(rtld-strncmp-sse2.os)

.rodata.str1.1  0x0000000000000000     0x1872
 .rodata.str1.1
                0x0000000000000000     0x185d /home/mritunjya/rooms/cryptography/crypto-hack/crackmes-one/glibc-2.34/build/elf/dl-allobjs.os
 .rodata.str1.1
                0x000000000000185d       0x14 /home/mritunjya/rooms/cryptography/crypto-hack/crackmes-one/glibc-2.34/build/elf/rtld-libc.a(rtld-check_fds.os)
 .rodata.str1.1
                0x0000000000001871        0x1 /home/mritunjya/rooms/cryptography/crypto-hack/crackmes-one/glibc-2.34/build/elf/rtld-libc.a(rtld-fstat64.os)

.rodata.str1.8  0x0000000000000000     0x304f
 .rodata.str1.8
                0x0000000000000000     0x3011 /home/mritunjya/rooms/cryptography/crypto-hack/crackmes-one/glibc-2.34/build/elf/dl-allobjs.os
 *fill*         0x0000000000003011        0x7 
 .rodata.str1.8
                0x0000000000003018       0x37 /home/mritunjya/rooms/cryptography/crypto-hack/crackmes-one/glibc-2.34/build/elf/rtld-libc.a(rtld-lowlevellock.os)

.rodata.str1.16
                0x0000000000000000      0x482
 .rodata.str1.16
                0x0000000000000000      0x482 /home/mritunjya/rooms/cryptography/crypto-hack/crackmes-one/glibc-2.34/build/elf/dl-allobjs.os
                0x0000000000000450                _dl_hwcaps_subdirs

.rodata.cst16   0x0000000000000000       0x20
 .rodata.cst16  0x0000000000000000       0x20 /home/mritunjya/rooms/cryptography/crypto-hack/crackmes-one/glibc-2.34/build/elf/dl-allobjs.os

.rodata.cst4    0x0000000000000000        0x4
 .rodata.cst4   0x0000000000000000        0x4 /home/mritunjya/rooms/cryptography/crypto-hack/crackmes-one/glibc-2.34/build/elf/dl-allobjs.os

.rodata.str1.32
                0x0000000000000000       0x9b
 .rodata.str1.32
                0x0000000000000000       0x9b /home/mritunjya/rooms/cryptography/crypto-hack/crackmes-one/glibc-2.34/build/elf/dl-allobjs.os

.rodata1
 *(.rodata1)

.eh_frame_hdr
 *(.eh_frame_hdr)

.eh_frame       0x0000000000000000     0x3bfc
 *(.eh_frame)
 .eh_frame      0x0000000000000000     0x30c0 /home/mritunjya/rooms/cryptography/crypto-hack/crackmes-one/glibc-2.34/build/elf/dl-allobjs.os
                                       0x3130 (size before relaxing)
 .eh_frame      0x00000000000030c0       0x68 /home/mritunjya/rooms/cryptography/crypto-hack/crackmes-one/glibc-2.34/build/elf/rtld-libc.a(rtld-check_fds.os)
 .eh_frame      0x0000000000003128       0x38 /home/mritunjya/rooms/cryptography/crypto-hack/crackmes-one/glibc-2.34/build/elf/rtld-libc.a(rtld-closedir.os)
 .eh_frame      0x0000000000003160       0x38 /home/mritunjya/rooms/cryptography/crypto-hack/crackmes-one/glibc-2.34/build/elf/rtld-libc.a(rtld-rewinddir.os)
 .eh_frame      0x0000000000003198       0x48 /home/mritunjya/rooms/cryptography/crypto-hack/crackmes-one/glibc-2.34/build/elf/rtld-libc.a(rtld-readdir64.os)
 .eh_frame      0x00000000000031e0       0x50 /home/mritunjya/rooms/cryptography/crypto-hack/crackmes-one/glibc-2.34/build/elf/rtld-libc.a(rtld-fdopendir.os)
 .eh_frame      0x0000000000003230       0x30 /home/mritunjya/rooms/cryptography/crypto-hack/crackmes-one/glibc-2.34/build/elf/rtld-libc.a(rtld-getdents64.os)
 .eh_frame      0x0000000000003260       0x30 /home/mritunjya/rooms/cryptography/crypto-hack/crackmes-one/glibc-2.34/build/elf/rtld-libc.a(rtld-dl-addr-obj.os)
 .eh_frame      0x0000000000003290       0x50 /home/mritunjya/rooms/cryptography/crypto-hack/crackmes-one/glibc-2.34/build/elf/rtld-libc.a(rtld-profil.os)
 .eh_frame      0x00000000000032e0       0x30 /home/mritunjya/rooms/cryptography/crypto-hack/crackmes-one/glibc-2.34/build/elf/rtld-libc.a(rtld-prof-freq.os)
 .eh_frame      0x0000000000003310       0x30 /home/mritunjya/rooms/cryptography/crypto-hack/crackmes-one/glibc-2.34/build/elf/rtld-libc.a(rtld-stat64.os)
 .eh_frame      0x0000000000003340       0x30 /home/mritunjya/rooms/cryptography/crypto-hack/crackmes-one/glibc-2.34/build/elf/rtld-libc.a(rtld-fstat64.os)
 .eh_frame      0x0000000000003370       0x30 /home/mritunjya/rooms/cryptography/crypto-hack/crackmes-one/glibc-2.34/build/elf/rtld-libc.a(rtld-lstat64.os)
 .eh_frame      0x00000000000033a0       0x30 /home/mritunjya/rooms/cryptography/crypto-hack/crackmes-one/glibc-2.34/build/elf/rtld-libc.a(rtld-fstatat64.os)
 .eh_frame      0x00000000000033d0       0x30 /home/mritunjya/rooms/cryptography/crypto-hack/crackmes-one/glibc-2.34/build/elf/rtld-libc.a(rtld-openat64.os)
 .eh_frame      0x0000000000003400       0x30 /home/mritunjya/rooms/cryptography/crypto-hack/crackmes-one/glibc-2.34/build/elf/rtld-libc.a(rtld-lseek64.os)
 .eh_frame      0x0000000000003430       0x30 /home/mritunjya/rooms/cryptography/crypto-hack/crackmes-one/glibc-2.34/build/elf/rtld-libc.a(rtld-access.os)
 .eh_frame      0x0000000000003460       0x30 /home/mritunjya/rooms/cryptography/crypto-hack/crackmes-one/glibc-2.34/build/elf/rtld-libc.a(rtld-close_nocancel.os)
 .eh_frame      0x0000000000003490       0x48 /home/mritunjya/rooms/cryptography/crypto-hack/crackmes-one/glibc-2.34/build/elf/rtld-libc.a(rtld-fcntl_nocancel.os)
 .eh_frame      0x00000000000034d8       0x30 /home/mritunjya/rooms/cryptography/crypto-hack/crackmes-one/glibc-2.34/build/elf/rtld-libc.a(rtld-open64_nocancel.os)
 .eh_frame      0x0000000000003508       0x30 /home/mritunjya/rooms/cryptography/crypto-hack/crackmes-one/glibc-2.34/build/elf/rtld-libc.a(rtld-read_nocancel.os)
 .eh_frame      0x0000000000003538       0x30 /home/mritunjya/rooms/cryptography/crypto-hack/crackmes-one/glibc-2.34/build/elf/rtld-libc.a(rtld-pread64_nocancel.os)
 .eh_frame      0x0000000000003568       0x30 /home/mritunjya/rooms/cryptography/crypto-hack/crackmes-one/glibc-2.34/build/elf/rtld-libc.a(rtld-write_nocancel.os)
 .eh_frame      0x0000000000003598       0x60 /home/mritunjya/rooms/cryptography/crypto-hack/crackmes-one/glibc-2.34/build/elf/rtld-libc.a(rtld-scratch_buffer_set_array_size.os)
 .eh_frame      0x00000000000035f8       0x70 /home/mritunjya/rooms/cryptography/crypto-hack/crackmes-one/glibc-2.34/build/elf/rtld-libc.a(rtld-mmap64.os)
 .eh_frame      0x0000000000003668       0x30 /home/mritunjya/rooms/cryptography/crypto-hack/crackmes-one/glibc-2.34/build/elf/rtld-libc.a(rtld-munmap.os)
 .eh_frame      0x0000000000003698       0x30 /home/mritunjya/rooms/cryptography/crypto-hack/crackmes-one/glibc-2.34/build/elf/rtld-libc.a(rtld-mprotect.os)
 .eh_frame      0x00000000000036c8       0x70 /home/mritunjya/rooms/cryptography/crypto-hack/crackmes-one/glibc-2.34/build/elf/rtld-libc.a(rtld-lowlevellock.os)
 .eh_frame      0x0000000000003738       0x30 /home/mritunjya/rooms/cryptography/crypto-hack/crackmes-one/glibc-2.34/build/elf/rtld-libc.a(rtld-uname.os)
 .eh_frame      0x0000000000003768       0x30 /home/mritunjya/rooms/cryptography/crypto-hack/crackmes-one/glibc-2.34/build/elf/rtld-libc.a(rtld-_exit.os)
 .eh_frame      0x0000000000003798       0x30 /home/mritunjya/rooms/cryptography/crypto-hack/crackmes-one/glibc-2.34/build/elf/rtld-libc.a(rtld-getpid.os)
 .eh_frame      0x00000000000037c8       0x30 /home/mritunjya/rooms/cryptography/crypto-hack/crackmes-one/glibc-2.34/build/elf/rtld-libc.a(rtld-setjmp.os)
 .eh_frame      0x00000000000037f8       0x48 /home/mritunjya/rooms/cryptography/crypto-hack/crackmes-one/glibc-2.34/build/elf/rtld-libc.a(rtld-__longjmp.os)
 .eh_frame      0x0000000000003840       0x30 /home/mritunjya/rooms/cryptography/crypto-hack/crackmes-one/glibc-2.34/build/elf/rtld-libc.a(rtld-sigaction.os)
 .eh_frame      0x0000000000003870       0xc8 /home/mritunjya/rooms/cryptography/crypto-hack/crackmes-one/glibc-2.34/build/elf/rtld-libc.a(rtld-libc_sigaction.os)
                                         0xd0 (size before relaxing)
 .eh_frame      0x0000000000003938       0x40 /home/mritunjya/rooms/cryptography/crypto-hack/crackmes-one/glibc-2.34/build/elf/rtld-libc.a(rtld-strdup.os)
 .eh_frame      0x0000000000003978       0x30 /home/mritunjya/rooms/cryptography/crypto-hack/crackmes-one/glibc-2.34/build/elf/rtld-libc.a(rtld-strcmp-sse2.os)
 .eh_frame      0x00000000000039a8       0x30 /home/mritunjya/rooms/cryptography/crypto-hack/crackmes-one/glibc-2.34/build/elf/rtld-libc.a(rtld-strncmp-sse2.os)
 .eh_frame      0x00000000000039d8       0x30 /home/mritunjya/rooms/cryptography/crypto-hack/crackmes-one/glibc-2.34/build/elf/rtld-libc.a(rtld-memchr-sse2.os)
 .eh_frame      0x0000000000003a08       0x30 /home/mritunjya/rooms/cryptography/crypto-hack/crackmes-one/glibc-2.34/build/elf/rtld-libc.a(rtld-rawmemchr-sse2.os)
 .eh_frame      0x0000000000003a38       0x30 /home/mritunjya/rooms/cryptography/crypto-hack/crackmes-one/glibc-2.34/build/elf/rtld-libc.a(rtld-memcmp-sse2.os)
 .eh_frame      0x0000000000003a68       0x30 /home/mritunjya/rooms/cryptography/crypto-hack/crackmes-one/glibc-2.34/build/elf/rtld-libc.a(rtld-strchr-sse2.os)
 .eh_frame      0x0000000000003a98       0x30 /home/mritunjya/rooms/cryptography/crypto-hack/crackmes-one/glibc-2.34/build/elf/rtld-libc.a(rtld-strlen-sse2.os)
 .eh_frame      0x0000000000003ac8       0x30 /home/mritunjya/rooms/cryptography/crypto-hack/crackmes-one/glibc-2.34/build/elf/rtld-libc.a(rtld-strnlen-sse2.os)
 .eh_frame      0x0000000000003af8       0x30 /home/mritunjya/rooms/cryptography/crypto-hack/crackmes-one/glibc-2.34/build/elf/rtld-libc.a(rtld-stpcpy-sse2.os)
 .eh_frame      0x0000000000003b28       0x38 /home/mritunjya/rooms/cryptography/crypto-hack/crackmes-one/glibc-2.34/build/elf/rtld-libc.a(rtld-strcspn-sse2.os)
 .eh_frame      0x0000000000003b60       0x40 /home/mritunjya/rooms/cryptography/crypto-hack/crackmes-one/glibc-2.34/build/elf/rtld-libc.a(rtld-memmove-sse2-unaligned-erms.os)
 .eh_frame      0x0000000000003ba0       0x30 /home/mritunjya/rooms/cryptography/crypto-hack/crackmes-one/glibc-2.34/build/elf/rtld-libc.a(rtld-memset-sse2-unaligned-erms.os)
 .eh_frame      0x0000000000003bd0       0x2c /home/mritunjya/rooms/cryptography/crypto-hack/crackmes-one/glibc-2.34/build/elf/rtld-libc.a(rtld-setitimer.os)
                                         0x30 (size before relaxing)

.gcc_except_table
 *(.gcc_except_table)

.gnu_extab
 *(.gnu_extab*)

.exception_ranges
 *(.exception_ranges)

.eh_frame
 *(.eh_frame)

.gnu_extab
 *(.gnu_extab)

.gcc_except_table
 *(.gcc_except_table)

.exception_ranges
 *(.exception_ranges)

.tdata
 *(.tdata)

.tbss
 *(.tbss)

.jcr
 *(.jcr)

.dynamic
 *(.dynamic)

.got
 *(.got)

.got.plt
 *(.got.plt)

.data           0x0000000000000000     0x1028
 *(.data)
 .data          0x0000000000000000     0x1028 /home/mritunjya/rooms/cryptography/crypto-hack/crackmes-one/glibc-2.34/build/elf/dl-allobjs.os
                0x0000000000000000                _rtld_global
                0x0000000000000000                _rtld_local
 .data          0x0000000000001028        0x0 /home/mritunjya/rooms/cryptography/crypto-hack/crackmes-one/glibc-2.34/build/elf/rtld-libc.a(rtld-check_fds.os)
 .data          0x0000000000001028        0x0 /home/mritunjya/rooms/cryptography/crypto-hack/crackmes-one/glibc-2.34/build/elf/rtld-libc.a(rtld-errno.os)
 .data          0x0000000000001028        0x0 /home/mritunjya/rooms/cryptography/crypto-hack/crackmes-one/glibc-2.34/build/elf/rtld-libc.a(rtld-closedir.os)
 .data          0x0000000000001028        0x0 /home/mritunjya/rooms/cryptography/crypto-hack/crackmes-one/glibc-2.34/build/elf/rtld-libc.a(rtld-rewinddir.os)
 .data          0x0000000000001028        0x0 /home/mritunjya/rooms/cryptography/crypto-hack/crackmes-one/glibc-2.34/build/elf/rtld-libc.a(rtld-readdir64.os)
 .data          0x0000000000001028        0x0 /home/mritunjya/rooms/cryptography/crypto-hack/crackmes-one/glibc-2.34/build/elf/rtld-libc.a(rtld-fdopendir.os)
 .data          0x0000000000001028        0x0 /home/mritunjya/rooms/cryptography/crypto-hack/crackmes-one/glibc-2.34/build/elf/rtld-libc.a(rtld-getdents64.os)
 .data          0x0000000000001028        0x0 /home/mritunjya/rooms/cryptography/crypto-hack/crackmes-one/glibc-2.34/build/elf/rtld-libc.a(rtld-dl-addr-obj.os)
 .data          0x0000000000001028        0x0 /home/mritunjya/rooms/cryptography/crypto-hack/crackmes-one/glibc-2.34/build/elf/rtld-libc.a(rtld-profil.os)
 .data          0x0000000000001028        0x0 /home/mritunjya/rooms/cryptography/crypto-hack/crackmes-one/glibc-2.34/build/elf/rtld-libc.a(rtld-prof-freq.os)
 .data          0x0000000000001028        0x0 /home/mritunjya/rooms/cryptography/crypto-hack/crackmes-one/glibc-2.34/build/elf/rtld-libc.a(rtld-stat64.os)
 .data          0x0000000000001028        0x0 /home/mritunjya/rooms/cryptography/crypto-hack/crackmes-one/glibc-2.34/build/elf/rtld-libc.a(rtld-fstat64.os)
 .data          0x0000000000001028        0x0 /home/mritunjya/rooms/cryptography/crypto-hack/crackmes-one/glibc-2.34/build/elf/rtld-libc.a(rtld-lstat64.os)
 .data          0x0000000000001028        0x0 /home/mritunjya/rooms/cryptography/crypto-hack/crackmes-one/glibc-2.34/build/elf/rtld-libc.a(rtld-fstatat64.os)
 .data          0x0000000000001028        0x0 /home/mritunjya/rooms/cryptography/crypto-hack/crackmes-one/glibc-2.34/build/elf/rtld-libc.a(rtld-openat64.os)
 .data          0x0000000000001028        0x0 /home/mritunjya/rooms/cryptography/crypto-hack/crackmes-one/glibc-2.34/build/elf/rtld-libc.a(rtld-lseek64.os)
 .data          0x0000000000001028        0x0 /home/mritunjya/rooms/cryptography/crypto-hack/crackmes-one/glibc-2.34/build/elf/rtld-libc.a(rtld-access.os)
 .data          0x0000000000001028        0x0 /home/mritunjya/rooms/cryptography/crypto-hack/crackmes-one/glibc-2.34/build/elf/rtld-libc.a(rtld-close_nocancel.os)
 .data          0x0000000000001028        0x0 /home/mritunjya/rooms/cryptography/crypto-hack/crackmes-one/glibc-2.34/build/elf/rtld-libc.a(rtld-fcntl_nocancel.os)
 .data          0x0000000000001028        0x0 /home/mritunjya/rooms/cryptography/crypto-hack/crackmes-one/glibc-2.34/build/elf/rtld-libc.a(rtld-open64_nocancel.os)
 .data          0x0000000000001028        0x0 /home/mritunjya/rooms/cryptography/crypto-hack/crackmes-one/glibc-2.34/build/elf/rtld-libc.a(rtld-read_nocancel.os)
 .data          0x0000000000001028        0x0 /home/mritunjya/rooms/cryptography/crypto-hack/crackmes-one/glibc-2.34/build/elf/rtld-libc.a(rtld-pread64_nocancel.os)
 .data          0x0000000000001028        0x0 /home/mritunjya/rooms/cryptography/crypto-hack/crackmes-one/glibc-2.34/build/elf/rtld-libc.a(rtld-write_nocancel.os)
 .data          0x0000000000001028        0x0 /home/mritunjya/rooms/cryptography/crypto-hack/crackmes-one/glibc-2.34/build/elf/rtld-libc.a(rtld-scratch_buffer_set_array_size.os)
 .data          0x0000000000001028        0x0 /home/mritunjya/rooms/cryptography/crypto-hack/crackmes-one/glibc-2.34/build/elf/rtld-libc.a(rtld-mmap64.os)
 .data          0x0000000000001028        0x0 /home/mritunjya/rooms/cryptography/crypto-hack/crackmes-one/glibc-2.34/build/elf/rtld-libc.a(rtld-munmap.os)
 .data          0x0000000000001028        0x0 /home/mritunjya/rooms/cryptography/crypto-hack/crackmes-one/glibc-2.34/build/elf/rtld-libc.a(rtld-mprotect.os)
 .data          0x0000000000001028        0x0 /home/mritunjya/rooms/cryptography/crypto-hack/crackmes-one/glibc-2.34/build/elf/rtld-libc.a(rtld-lowlevellock.os)
 .data          0x0000000000001028        0x0 /home/mritunjya/rooms/cryptography/crypto-hack/crackmes-one/glibc-2.34/build/elf/rtld-libc.a(rtld-uname.os)
 .data          0x0000000000001028        0x0 /home/mritunjya/rooms/cryptography/crypto-hack/crackmes-one/glibc-2.34/build/elf/rtld-libc.a(rtld-_exit.os)
 .data          0x0000000000001028        0x0 /home/mritunjya/rooms/cryptography/crypto-hack/crackmes-one/glibc-2.34/build/elf/rtld-libc.a(rtld-getpid.os)
 .data          0x0000000000001028        0x0 /home/mritunjya/rooms/cryptography/crypto-hack/crackmes-one/glibc-2.34/build/elf/rtld-libc.a(rtld-environ.os)
 .data          0x0000000000001028        0x0 /home/mritunjya/rooms/cryptography/crypto-hack/crackmes-one/glibc-2.34/build/elf/rtld-libc.a(rtld-setjmp.os)
 .data          0x0000000000001028        0x0 /home/mritunjya/rooms/cryptography/crypto-hack/crackmes-one/glibc-2.34/build/elf/rtld-libc.a(rtld-__longjmp.os)
 .data          0x0000000000001028        0x0 /home/mritunjya/rooms/cryptography/crypto-hack/crackmes-one/glibc-2.34/build/elf/rtld-libc.a(rtld-sigaction.os)
 .data          0x0000000000001028        0x0 /home/mritunjya/rooms/cryptography/crypto-hack/crackmes-one/glibc-2.34/build/elf/rtld-libc.a(rtld-libc_sigaction.os)
 .data          0x0000000000001028        0x0 /home/mritunjya/rooms/cryptography/crypto-hack/crackmes-one/glibc-2.34/build/elf/rtld-libc.a(rtld-strdup.os)
 .data          0x0000000000001028        0x0 /home/mritunjya/rooms/cryptography/crypto-hack/crackmes-one/glibc-2.34/build/elf/rtld-libc.a(rtld-strcmp-sse2.os)
 .data          0x0000000000001028        0x0 /home/mritunjya/rooms/cryptography/crypto-hack/crackmes-one/glibc-2.34/build/elf/rtld-libc.a(rtld-strncmp-sse2.os)
 .data          0x0000000000001028        0x0 /home/mritunjya/rooms/cryptography/crypto-hack/crackmes-one/glibc-2.34/build/elf/rtld-libc.a(rtld-memchr-sse2.os)
 .data          0x0000000000001028        0x0 /home/mritunjya/rooms/cryptography/crypto-hack/crackmes-one/glibc-2.34/build/elf/rtld-libc.a(rtld-rawmemchr-sse2.os)
 .data          0x0000000000001028        0x0 /home/mritunjya/rooms/cryptography/crypto-hack/crackmes-one/glibc-2.34/build/elf/rtld-libc.a(rtld-memcmp-sse2.os)
 .data          0x0000000000001028        0x0 /home/mritunjya/rooms/cryptography/crypto-hack/crackmes-one/glibc-2.34/build/elf/rtld-libc.a(rtld-strchr-sse2.os)
 .data          0x0000000000001028        0x0 /home/mritunjya/rooms/cryptography/crypto-hack/crackmes-one/glibc-2.34/build/elf/rtld-libc.a(rtld-strlen-sse2.os)
 .data          0x0000000000001028        0x0 /home/mritunjya/rooms/cryptography/crypto-hack/crackmes-one/glibc-2.34/build/elf/rtld-libc.a(rtld-strnlen-sse2.os)
 .data          0x0000000000001028        0x0 /home/mritunjya/rooms/cryptography/crypto-hack/crackmes-one/glibc-2.34/build/elf/rtld-libc.a(rtld-stpcpy-sse2.os)
 .data          0x0000000000001028        0x0 /home/mritunjya/rooms/cryptography/crypto-hack/crackmes-one/glibc-2.34/build/elf/rtld-libc.a(rtld-strcspn-sse2.os)
 .data          0x0000000000001028        0x0 /home/mritunjya/rooms/cryptography/crypto-hack/crackmes-one/glibc-2.34/build/elf/rtld-libc.a(rtld-memmove-sse2-unaligned-erms.os)
 .data          0x0000000000001028        0x0 /home/mritunjya/rooms/cryptography/crypto-hack/crackmes-one/glibc-2.34/build/elf/rtld-libc.a(rtld-memset-sse2-unaligned-erms.os)
 .data          0x0000000000001028        0x0 /home/mritunjya/rooms/cryptography/crypto-hack/crackmes-one/glibc-2.34/build/elf/rtld-libc.a(rtld-setitimer.os)

.data.rel.ro    0x0000000000000000     0x12f0
 .data.rel.ro   0x0000000000000000     0x12f0 /home/mritunjya/rooms/cryptography/crypto-hack/crackmes-one/glibc-2.34/build/elf/dl-allobjs.os
                0x0000000000000090                __pointer_chk_guard_local
                0x0000000000000098                _dl_skip_args
                0x00000000000000a0                __GI__dl_argv
                0x00000000000000a0                _dl_argv
                0x00000000000000a8                _dl_argc
                0x00000000000000c0                _rtld_global_ro
                0x00000000000000c0                _rtld_local_ro
                0x0000000000000450                __rtld_search_dirs
                0x0000000000000480                __rtld_env_path_list
                0x0000000000000490                __stack_prot
                0x00000000000012a0                __x86_cpu_features_p
                0x00000000000012a8                _dl_random
                0x00000000000012b0                __libc_stack_end
                0x00000000000012b0                __GI___libc_stack_end
                0x00000000000012b8                __GI___libc_enable_secure
                0x00000000000012b8                __libc_enable_secure
                0x00000000000012c0                __rtld_realloc
                0x00000000000012c8                __rtld_malloc
                0x00000000000012d0                __rtld_free
                0x00000000000012d8                __rtld_calloc
                0x00000000000012e0                ___rtld_mutex_unlock
                0x00000000000012e8                ___rtld_mutex_lock

.data1
 *(.data1)

.bss            0x0000000000000000      0x1a0
 *(.bss)
 .bss           0x0000000000000000      0x168 /home/mritunjya/rooms/cryptography/crypto-hack/crackmes-one/glibc-2.34/build/elf/dl-allobjs.os
                0x0000000000000080                _r_debug
                0x00000000000000f4                __nptl_initial_report_events
                0x00000000000000f4                __GI___nptl_initial_report_events
                0x0000000000000150                _dl_hwcaps_priorities_length
                0x0000000000000158                _dl_hwcaps_priorities
                0x0000000000000160                __curbrk
 .bss           0x0000000000000168        0x0 /home/mritunjya/rooms/cryptography/crypto-hack/crackmes-one/glibc-2.34/build/elf/rtld-libc.a(rtld-check_fds.os)
 .bss           0x0000000000000168        0x4 /home/mritunjya/rooms/cryptography/crypto-hack/crackmes-one/glibc-2.34/build/elf/rtld-libc.a(rtld-errno.os)
                0x0000000000000168                rtld_errno
 .bss           0x000000000000016c        0x0 /home/mritunjya/rooms/cryptography/crypto-hack/crackmes-one/glibc-2.34/build/elf/rtld-libc.a(rtld-closedir.os)
 .bss           0x000000000000016c        0x0 /home/mritunjya/rooms/cryptography/crypto-hack/crackmes-one/glibc-2.34/build/elf/rtld-libc.a(rtld-rewinddir.os)
 .bss           0x000000000000016c        0x0 /home/mritunjya/rooms/cryptography/crypto-hack/crackmes-one/glibc-2.34/build/elf/rtld-libc.a(rtld-readdir64.os)
 .bss           0x000000000000016c        0x0 /home/mritunjya/rooms/cryptography/crypto-hack/crackmes-one/glibc-2.34/build/elf/rtld-libc.a(rtld-fdopendir.os)
 .bss           0x000000000000016c        0x0 /home/mritunjya/rooms/cryptography/crypto-hack/crackmes-one/glibc-2.34/build/elf/rtld-libc.a(rtld-getdents64.os)
 .bss           0x000000000000016c        0x0 /home/mritunjya/rooms/cryptography/crypto-hack/crackmes-one/glibc-2.34/build/elf/rtld-libc.a(rtld-dl-addr-obj.os)
 *fill*         0x000000000000016c        0x4 
 .bss           0x0000000000000170       0x20 /home/mritunjya/rooms/cryptography/crypto-hack/crackmes-one/glibc-2.34/build/elf/rtld-libc.a(rtld-profil.os)
 .bss           0x0000000000000190        0x0 /home/mritunjya/rooms/cryptography/crypto-hack/crackmes-one/glibc-2.34/build/elf/rtld-libc.a(rtld-prof-freq.os)
 .bss           0x0000000000000190        0x0 /home/mritunjya/rooms/cryptography/crypto-hack/crackmes-one/glibc-2.34/build/elf/rtld-libc.a(rtld-stat64.os)
 .bss           0x0000000000000190        0x0 /home/mritunjya/rooms/cryptography/crypto-hack/crackmes-one/glibc-2.34/build/elf/rtld-libc.a(rtld-fstat64.os)
 .bss           0x0000000000000190        0x0 /home/mritunjya/rooms/cryptography/crypto-hack/crackmes-one/glibc-2.34/build/elf/rtld-libc.a(rtld-lstat64.os)
 .bss           0x0000000000000190        0x0 /home/mritunjya/rooms/cryptography/crypto-hack/crackmes-one/glibc-2.34/build/elf/rtld-libc.a(rtld-fstatat64.os)
 .bss           0x0000000000000190        0x0 /home/mritunjya/rooms/cryptography/crypto-hack/crackmes-one/glibc-2.34/build/elf/rtld-libc.a(rtld-openat64.os)
 .bss           0x0000000000000190        0x0 /home/mritunjya/rooms/cryptography/crypto-hack/crackmes-one/glibc-2.34/build/elf/rtld-libc.a(rtld-lseek64.os)
 .bss           0x0000000000000190        0x0 /home/mritunjya/rooms/cryptography/crypto-hack/crackmes-one/glibc-2.34/build/elf/rtld-libc.a(rtld-access.os)
 .bss           0x0000000000000190        0x0 /home/mritunjya/rooms/cryptography/crypto-hack/crackmes-one/glibc-2.34/build/elf/rtld-libc.a(rtld-close_nocancel.os)
 .bss           0x0000000000000190        0x0 /home/mritunjya/rooms/cryptography/crypto-hack/crackmes-one/glibc-2.34/build/elf/rtld-libc.a(rtld-fcntl_nocancel.os)
 .bss           0x0000000000000190        0x0 /home/mritunjya/rooms/cryptography/crypto-hack/crackmes-one/glibc-2.34/build/elf/rtld-libc.a(rtld-open64_nocancel.os)
 .bss           0x0000000000000190        0x0 /home/mritunjya/rooms/cryptography/crypto-hack/crackmes-one/glibc-2.34/build/elf/rtld-libc.a(rtld-read_nocancel.os)
 .bss           0x0000000000000190        0x0 /home/mritunjya/rooms/cryptography/crypto-hack/crackmes-one/glibc-2.34/build/elf/rtld-libc.a(rtld-pread64_nocancel.os)
 .bss           0x0000000000000190        0x0 /home/mritunjya/rooms/cryptography/crypto-hack/crackmes-one/glibc-2.34/build/elf/rtld-libc.a(rtld-write_nocancel.os)
 .bss           0x0000000000000190        0x0 /home/mritunjya/rooms/cryptography/crypto-hack/crackmes-one/glibc-2.34/build/elf/rtld-libc.a(rtld-scratch_buffer_set_array_size.os)
 .bss           0x0000000000000190        0x0 /home/mritunjya/rooms/cryptography/crypto-hack/crackmes-one/glibc-2.34/build/elf/rtld-libc.a(rtld-mmap64.os)
 .bss           0x0000000000000190        0x0 /home/mritunjya/rooms/cryptography/crypto-hack/crackmes-one/glibc-2.34/build/elf/rtld-libc.a(rtld-munmap.os)
 .bss           0x0000000000000190        0x0 /home/mritunjya/rooms/cryptography/crypto-hack/crackmes-one/glibc-2.34/build/elf/rtld-libc.a(rtld-mprotect.os)
 .bss           0x0000000000000190        0x4 /home/mritunjya/rooms/cryptography/crypto-hack/crackmes-one/glibc-2.34/build/elf/rtld-libc.a(rtld-lowlevellock.os)
                0x0000000000000190                __pthread_force_elision
 .bss           0x0000000000000194        0x0 /home/mritunjya/rooms/cryptography/crypto-hack/crackmes-one/glibc-2.34/build/elf/rtld-libc.a(rtld-uname.os)
 .bss           0x0000000000000194        0x0 /home/mritunjya/rooms/cryptography/crypto-hack/crackmes-one/glibc-2.34/build/elf/rtld-libc.a(rtld-_exit.os)
 .bss           0x0000000000000194        0x0 /home/mritunjya/rooms/cryptography/crypto-hack/crackmes-one/glibc-2.34/build/elf/rtld-libc.a(rtld-getpid.os)
 *fill*         0x0000000000000194        0x4 
 .bss           0x0000000000000198        0x8 /home/mritunjya/rooms/cryptography/crypto-hack/crackmes-one/glibc-2.34/build/elf/rtld-libc.a(rtld-environ.os)
                0x0000000000000198                _environ
                0x0000000000000198                __environ
                0x0000000000000198                environ
 .bss           0x00000000000001a0        0x0 /home/mritunjya/rooms/cryptography/crypto-hack/crackmes-one/glibc-2.34/build/elf/rtld-libc.a(rtld-setjmp.os)
 .bss           0x00000000000001a0        0x0 /home/mritunjya/rooms/cryptography/crypto-hack/crackmes-one/glibc-2.34/build/elf/rtld-libc.a(rtld-__longjmp.os)
 .bss           0x00000000000001a0        0x0 /home/mritunjya/rooms/cryptography/crypto-hack/crackmes-one/glibc-2.34/build/elf/rtld-libc.a(rtld-sigaction.os)
 .bss           0x00000000000001a0        0x0 /home/mritunjya/rooms/cryptography/crypto-hack/crackmes-one/glibc-2.34/build/elf/rtld-libc.a(rtld-libc_sigaction.os)
 .bss           0x00000000000001a0        0x0 /home/mritunjya/rooms/cryptography/crypto-hack/crackmes-one/glibc-2.34/build/elf/rtld-libc.a(rtld-strdup.os)
 .bss           0x00000000000001a0        0x0 /home/mritunjya/rooms/cryptography/crypto-hack/crackmes-one/glibc-2.34/build/elf/rtld-libc.a(rtld-strcmp-sse2.os)
 .bss           0x00000000000001a0        0x0 /home/mritunjya/rooms/cryptography/crypto-hack/crackmes-one/glibc-2.34/build/elf/rtld-libc.a(rtld-strncmp-sse2.os)
 .bss           0x00000000000001a0        0x0 /home/mritunjya/rooms/cryptography/crypto-hack/crackmes-one/glibc-2.34/build/elf/rtld-libc.a(rtld-memchr-sse2.os)
 .bss           0x00000000000001a0        0x0 /home/mritunjya/rooms/cryptography/crypto-hack/crackmes-one/glibc-2.34/build/elf/rtld-libc.a(rtld-rawmemchr-sse2.os)
 .bss           0x00000000000001a0        0x0 /home/mritunjya/rooms/cryptography/crypto-hack/crackmes-one/glibc-2.34/build/elf/rtld-libc.a(rtld-memcmp-sse2.os)
 .bss           0x00000000000001a0        0x0 /home/mritunjya/rooms/cryptography/crypto-hack/crackmes-one/glibc-2.34/build/elf/rtld-libc.a(rtld-strchr-sse2.os)
 .bss           0x00000000000001a0        0x0 /home/mritunjya/rooms/cryptography/crypto-hack/crackmes-one/glibc-2.34/build/elf/rtld-libc.a(rtld-strlen-sse2.os)
 .bss           0x00000000000001a0        0x0 /home/mritunjya/rooms/cryptography/crypto-hack/crackmes-one/glibc-2.34/build/elf/rtld-libc.a(rtld-strnlen-sse2.os)
 .bss           0x00000000000001a0        0x0 /home/mritunjya/rooms/cryptography/crypto-hack/crackmes-one/glibc-2.34/build/elf/rtld-libc.a(rtld-stpcpy-sse2.os)
 .bss           0x00000000000001a0        0x0 /home/mritunjya/rooms/cryptography/crypto-hack/crackmes-one/glibc-2.34/build/elf/rtld-libc.a(rtld-strcspn-sse2.os)
 .bss           0x00000000000001a0        0x0 /home/mritunjya/rooms/cryptography/crypto-hack/crackmes-one/glibc-2.34/build/elf/rtld-libc.a(rtld-memmove-sse2-unaligned-erms.os)
 .bss           0x00000000000001a0        0x0 /home/mritunjya/rooms/cryptography/crypto-hack/crackmes-one/glibc-2.34/build/elf/rtld-libc.a(rtld-memset-sse2-unaligned-erms.os)
 .bss           0x00000000000001a0        0x0 /home/mritunjya/rooms/cryptography/crypto-hack/crackmes-one/glibc-2.34/build/elf/rtld-libc.a(rtld-setitimer.os)

.lbss
 *(.lbss)

.lrodata
 *(.lrodata)

.ldata
 *(.ldata)

.stab
 *(.stab)

.stabstr
 *(.stabstr)

.stab.excl
 *(.stab.excl)

.stab.exclstr
 *(.stab.exclstr)

.stab.index
 *(.stab.index)

.stab.indexstr
 *(.stab.indexstr)

.comment        0x0000000000000000      0xb64
 *(.comment)
 .comment       0x0000000000000000      0x6e4 /home/mritunjya/rooms/cryptography/crypto-hack/crackmes-one/glibc-2.34/build/elf/dl-allobjs.os
 .comment       0x00000000000006e4       0x24 /home/mritunjya/rooms/cryptography/crypto-hack/crackmes-one/glibc-2.34/build/elf/rtld-libc.a(rtld-check_fds.os)
 .comment       0x0000000000000708       0x24 /home/mritunjya/rooms/cryptography/crypto-hack/crackmes-one/glibc-2.34/build/elf/rtld-libc.a(rtld-errno.os)
 .comment       0x000000000000072c       0x24 /home/mritunjya/rooms/cryptography/crypto-hack/crackmes-one/glibc-2.34/build/elf/rtld-libc.a(rtld-closedir.os)
 .comment       0x0000000000000750       0x24 /home/mritunjya/rooms/cryptography/crypto-hack/crackmes-one/glibc-2.34/build/elf/rtld-libc.a(rtld-rewinddir.os)
 .comment       0x0000000000000774       0x24 /home/mritunjya/rooms/cryptography/crypto-hack/crackmes-one/glibc-2.34/build/elf/rtld-libc.a(rtld-readdir64.os)
 .comment       0x0000000000000798       0x24 /home/mritunjya/rooms/cryptography/crypto-hack/crackmes-one/glibc-2.34/build/elf/rtld-libc.a(rtld-fdopendir.os)
 .comment       0x00000000000007bc       0x24 /home/mritunjya/rooms/cryptography/crypto-hack/crackmes-one/glibc-2.34/build/elf/rtld-libc.a(rtld-getdents64.os)
 .comment       0x00000000000007e0       0x24 /home/mritunjya/rooms/cryptography/crypto-hack/crackmes-one/glibc-2.34/build/elf/rtld-libc.a(rtld-dl-addr-obj.os)
 .comment       0x0000000000000804       0x24 /home/mritunjya/rooms/cryptography/crypto-hack/crackmes-one/glibc-2.34/build/elf/rtld-libc.a(rtld-profil.os)
 .comment       0x0000000000000828       0x24 /home/mritunjya/rooms/cryptography/crypto-hack/crackmes-one/glibc-2.34/build/elf/rtld-libc.a(rtld-prof-freq.os)
 .comment       0x000000000000084c       0x24 /home/mritunjya/rooms/cryptography/crypto-hack/crackmes-one/glibc-2.34/build/elf/rtld-libc.a(rtld-stat64.os)
 .comment       0x0000000000000870       0x24 /home/mritunjya/rooms/cryptography/crypto-hack/crackmes-one/glibc-2.34/build/elf/rtld-libc.a(rtld-fstat64.os)
 .comment       0x0000000000000894       0x24 /home/mritunjya/rooms/cryptography/crypto-hack/crackmes-one/glibc-2.34/build/elf/rtld-libc.a(rtld-lstat64.os)
 .comment       0x00000000000008b8       0x24 /home/mritunjya/rooms/cryptography/crypto-hack/crackmes-one/glibc-2.34/build/elf/rtld-libc.a(rtld-fstatat64.os)
 .comment       0x00000000000008dc       0x24 /home/mritunjya/rooms/cryptography/crypto-hack/crackmes-one/glibc-2.34/build/elf/rtld-libc.a(rtld-openat64.os)
 .comment       0x0000000000000900       0x24 /home/mritunjya/rooms/cryptography/crypto-hack/crackmes-one/glibc-2.34/build/elf/rtld-libc.a(rtld-lseek64.os)
 .comment       0x0000000000000924       0x24 /home/mritunjya/rooms/cryptography/crypto-hack/crackmes-one/glibc-2.34/build/elf/rtld-libc.a(rtld-access.os)
 .comment       0x0000000000000948       0x24 /home/mritunjya/rooms/cryptography/crypto-hack/crackmes-one/glibc-2.34/build/elf/rtld-libc.a(rtld-close_nocancel.os)
 .comment       0x000000000000096c       0x24 /home/mritunjya/rooms/cryptography/crypto-hack/crackmes-one/glibc-2.34/build/elf/rtld-libc.a(rtld-fcntl_nocancel.os)
 .comment       0x0000000000000990       0x24 /home/mritunjya/rooms/cryptography/crypto-hack/crackmes-one/glibc-2.34/build/elf/rtld-libc.a(rtld-open64_nocancel.os)
 .comment       0x00000000000009b4       0x24 /home/mritunjya/rooms/cryptography/crypto-hack/crackmes-one/glibc-2.34/build/elf/rtld-libc.a(rtld-read_nocancel.os)
 .comment       0x00000000000009d8       0x24 /home/mritunjya/rooms/cryptography/crypto-hack/crackmes-one/glibc-2.34/build/elf/rtld-libc.a(rtld-pread64_nocancel.os)
 .comment       0x00000000000009fc       0x24 /home/mritunjya/rooms/cryptography/crypto-hack/crackmes-one/glibc-2.34/build/elf/rtld-libc.a(rtld-write_nocancel.os)
 .comment       0x0000000000000a20       0x24 /home/mritunjya/rooms/cryptography/crypto-hack/crackmes-one/glibc-2.34/build/elf/rtld-libc.a(rtld-scratch_buffer_set_array_size.os)
 .comment       0x0000000000000a44       0x24 /home/mritunjya/rooms/cryptography/crypto-hack/crackmes-one/glibc-2.34/build/elf/rtld-libc.a(rtld-mmap64.os)
 .comment       0x0000000000000a68       0x24 /home/mritunjya/rooms/cryptography/crypto-hack/crackmes-one/glibc-2.34/build/elf/rtld-libc.a(rtld-lowlevellock.os)
 .comment       0x0000000000000a8c       0x24 /home/mritunjya/rooms/cryptography/crypto-hack/crackmes-one/glibc-2.34/build/elf/rtld-libc.a(rtld-_exit.os)
 .comment       0x0000000000000ab0       0x24 /home/mritunjya/rooms/cryptography/crypto-hack/crackmes-one/glibc-2.34/build/elf/rtld-libc.a(rtld-environ.os)
 .comment       0x0000000000000ad4       0x24 /home/mritunjya/rooms/cryptography/crypto-hack/crackmes-one/glibc-2.34/build/elf/rtld-libc.a(rtld-sigaction.os)
 .comment       0x0000000000000af8       0x24 /home/mritunjya/rooms/cryptography/crypto-hack/crackmes-one/glibc-2.34/build/elf/rtld-libc.a(rtld-libc_sigaction.os)
 .comment       0x0000000000000b1c       0x24 /home/mritunjya/rooms/cryptography/crypto-hack/crackmes-one/glibc-2.34/build/elf/rtld-libc.a(rtld-strdup.os)
 .comment       0x0000000000000b40       0x24 /home/mritunjya/rooms/cryptography/crypto-hack/crackmes-one/glibc-2.34/build/elf/rtld-libc.a(rtld-setitimer.os)

.note.GNU-stack
                0x0000000000000000        0x0
 .note.GNU-stack
                0x0000000000000000        0x0 /home/mritunjya/rooms/cryptography/crypto-hack/crackmes-one/glibc-2.34/build/elf/dl-allobjs.os
 .note.GNU-stack
                0x0000000000000000        0x0 /home/mritunjya/rooms/cryptography/crypto-hack/crackmes-one/glibc-2.34/build/elf/rtld-libc.a(rtld-check_fds.os)
 .note.GNU-stack
                0x0000000000000000        0x0 /home/mritunjya/rooms/cryptography/crypto-hack/crackmes-one/glibc-2.34/build/elf/rtld-libc.a(rtld-errno.os)
 .note.GNU-stack
                0x0000000000000000        0x0 /home/mritunjya/rooms/cryptography/crypto-hack/crackmes-one/glibc-2.34/build/elf/rtld-libc.a(rtld-closedir.os)
 .note.GNU-stack
                0x0000000000000000        0x0 /home/mritunjya/rooms/cryptography/crypto-hack/crackmes-one/glibc-2.34/build/elf/rtld-libc.a(rtld-rewinddir.os)
 .note.GNU-stack
                0x0000000000000000        0x0 /home/mritunjya/rooms/cryptography/crypto-hack/crackmes-one/glibc-2.34/build/elf/rtld-libc.a(rtld-readdir64.os)
 .note.GNU-stack
                0x0000000000000000        0x0 /home/mritunjya/rooms/cryptography/crypto-hack/crackmes-one/glibc-2.34/build/elf/rtld-libc.a(rtld-fdopendir.os)
 .note.GNU-stack
                0x0000000000000000        0x0 /home/mritunjya/rooms/cryptography/crypto-hack/crackmes-one/glibc-2.34/build/elf/rtld-libc.a(rtld-getdents64.os)
 .note.GNU-stack
                0x0000000000000000        0x0 /home/mritunjya/rooms/cryptography/crypto-hack/crackmes-one/glibc-2.34/build/elf/rtld-libc.a(rtld-dl-addr-obj.os)
 .note.GNU-stack
                0x0000000000000000        0x0 /home/mritunjya/rooms/cryptography/crypto-hack/crackmes-one/glibc-2.34/build/elf/rtld-libc.a(rtld-profil.os)
 .note.GNU-stack
                0x0000000000000000        0x0 /home/mritunjya/rooms/cryptography/crypto-hack/crackmes-one/glibc-2.34/build/elf/rtld-libc.a(rtld-prof-freq.os)
 .note.GNU-stack
                0x0000000000000000        0x0 /home/mritunjya/rooms/cryptography/crypto-hack/crackmes-one/glibc-2.34/build/elf/rtld-libc.a(rtld-stat64.os)
 .note.GNU-stack
                0x0000000000000000        0x0 /home/mritunjya/rooms/cryptography/crypto-hack/crackmes-one/glibc-2.34/build/elf/rtld-libc.a(rtld-fstat64.os)
 .note.GNU-stack
                0x0000000000000000        0x0 /home/mritunjya/rooms/cryptography/crypto-hack/crackmes-one/glibc-2.34/build/elf/rtld-libc.a(rtld-lstat64.os)
 .note.GNU-stack
                0x0000000000000000        0x0 /home/mritunjya/rooms/cryptography/crypto-hack/crackmes-one/glibc-2.34/build/elf/rtld-libc.a(rtld-fstatat64.os)
 .note.GNU-stack
                0x0000000000000000        0x0 /home/mritunjya/rooms/cryptography/crypto-hack/crackmes-one/glibc-2.34/build/elf/rtld-libc.a(rtld-openat64.os)
 .note.GNU-stack
                0x0000000000000000        0x0 /home/mritunjya/rooms/cryptography/crypto-hack/crackmes-one/glibc-2.34/build/elf/rtld-libc.a(rtld-lseek64.os)
 .note.GNU-stack
                0x0000000000000000        0x0 /home/mritunjya/rooms/cryptography/crypto-hack/crackmes-one/glibc-2.34/build/elf/rtld-libc.a(rtld-access.os)
 .note.GNU-stack
                0x0000000000000000        0x0 /home/mritunjya/rooms/cryptography/crypto-hack/crackmes-one/glibc-2.34/build/elf/rtld-libc.a(rtld-close_nocancel.os)
 .note.GNU-stack
                0x0000000000000000        0x0 /home/mritunjya/rooms/cryptography/crypto-hack/crackmes-one/glibc-2.34/build/elf/rtld-libc.a(rtld-fcntl_nocancel.os)
 .note.GNU-stack
                0x0000000000000000        0x0 /home/mritunjya/rooms/cryptography/crypto-hack/crackmes-one/glibc-2.34/build/elf/rtld-libc.a(rtld-open64_nocancel.os)
 .note.GNU-stack
                0x0000000000000000        0x0 /home/mritunjya/rooms/cryptography/crypto-hack/crackmes-one/glibc-2.34/build/elf/rtld-libc.a(rtld-read_nocancel.os)
 .note.GNU-stack
                0x0000000000000000        0x0 /home/mritunjya/rooms/cryptography/crypto-hack/crackmes-one/glibc-2.34/build/elf/rtld-libc.a(rtld-pread64_nocancel.os)
 .note.GNU-stack
                0x0000000000000000        0x0 /home/mritunjya/rooms/cryptography/crypto-hack/crackmes-one/glibc-2.34/build/elf/rtld-libc.a(rtld-write_nocancel.os)
 .note.GNU-stack
                0x0000000000000000        0x0 /home/mritunjya/rooms/cryptography/crypto-hack/crackmes-one/glibc-2.34/build/elf/rtld-libc.a(rtld-scratch_buffer_set_array_size.os)
 .note.GNU-stack
                0x0000000000000000        0x0 /home/mritunjya/rooms/cryptography/crypto-hack/crackmes-one/glibc-2.34/build/elf/rtld-libc.a(rtld-mmap64.os)
 .note.GNU-stack
                0x0000000000000000        0x0 /home/mritunjya/rooms/cryptography/crypto-hack/crackmes-one/glibc-2.34/build/elf/rtld-libc.a(rtld-munmap.os)
 .note.GNU-stack
                0x0000000000000000        0x0 /home/mritunjya/rooms/cryptography/crypto-hack/crackmes-one/glibc-2.34/build/elf/rtld-libc.a(rtld-mprotect.os)
 .note.GNU-stack
                0x0000000000000000        0x0 /home/mritunjya/rooms/cryptography/crypto-hack/crackmes-one/glibc-2.34/build/elf/rtld-libc.a(rtld-lowlevellock.os)
 .note.GNU-stack
                0x0000000000000000        0x0 /home/mritunjya/rooms/cryptography/crypto-hack/crackmes-one/glibc-2.34/build/elf/rtld-libc.a(rtld-uname.os)
 .note.GNU-stack
                0x0000000000000000        0x0 /home/mritunjya/rooms/cryptography/crypto-hack/crackmes-one/glibc-2.34/build/elf/rtld-libc.a(rtld-_exit.os)
 .note.GNU-stack
                0x0000000000000000        0x0 /home/mritunjya/rooms/cryptography/crypto-hack/crackmes-one/glibc-2.34/build/elf/rtld-libc.a(rtld-getpid.os)
 .note.GNU-stack
                0x0000000000000000        0x0 /home/mritunjya/rooms/cryptography/crypto-hack/crackmes-one/glibc-2.34/build/elf/rtld-libc.a(rtld-environ.os)
 .note.GNU-stack
                0x0000000000000000        0x0 /home/mritunjya/rooms/cryptography/crypto-hack/crackmes-one/glibc-2.34/build/elf/rtld-libc.a(rtld-setjmp.os)
 .note.GNU-stack
                0x0000000000000000        0x0 /home/mritunjya/rooms/cryptography/crypto-hack/crackmes-one/glibc-2.34/build/elf/rtld-libc.a(rtld-__longjmp.os)
 .note.GNU-stack
                0x0000000000000000        0x0 /home/mritunjya/rooms/cryptography/crypto-hack/crackmes-one/glibc-2.34/build/elf/rtld-libc.a(rtld-sigaction.os)
 .note.GNU-stack
                0x0000000000000000        0x0 /home/mritunjya/rooms/cryptography/crypto-hack/crackmes-one/glibc-2.34/build/elf/rtld-libc.a(rtld-libc_sigaction.os)
 .note.GNU-stack
                0x0000000000000000        0x0 /home/mritunjya/rooms/cryptography/crypto-hack/crackmes-one/glibc-2.34/build/elf/rtld-libc.a(rtld-strdup.os)
 .note.GNU-stack
                0x0000000000000000        0x0 /home/mritunjya/rooms/cryptography/crypto-hack/crackmes-one/glibc-2.34/build/elf/rtld-libc.a(rtld-strcmp-sse2.os)
 .note.GNU-stack
                0x0000000000000000        0x0 /home/mritunjya/rooms/cryptography/crypto-hack/crackmes-one/glibc-2.34/build/elf/rtld-libc.a(rtld-strncmp-sse2.os)
 .note.GNU-stack
                0x0000000000000000        0x0 /home/mritunjya/rooms/cryptography/crypto-hack/crackmes-one/glibc-2.34/build/elf/rtld-libc.a(rtld-memchr-sse2.os)
 .note.GNU-stack
                0x0000000000000000        0x0 /home/mritunjya/rooms/cryptography/crypto-hack/crackmes-one/glibc-2.34/build/elf/rtld-libc.a(rtld-rawmemchr-sse2.os)
 .note.GNU-stack
                0x0000000000000000        0x0 /home/mritunjya/rooms/cryptography/crypto-hack/crackmes-one/glibc-2.34/build/elf/rtld-libc.a(rtld-memcmp-sse2.os)
 .note.GNU-stack
                0x0000000000000000        0x0 /home/mritunjya/rooms/cryptography/crypto-hack/crackmes-one/glibc-2.34/build/elf/rtld-libc.a(rtld-strchr-sse2.os)
 .note.GNU-stack
                0x0000000000000000        0x0 /home/mritunjya/rooms/cryptography/crypto-hack/crackmes-one/glibc-2.34/build/elf/rtld-libc.a(rtld-strlen-sse2.os)
 .note.GNU-stack
                0x0000000000000000        0x0 /home/mritunjya/rooms/cryptography/crypto-hack/crackmes-one/glibc-2.34/build/elf/rtld-libc.a(rtld-strnlen-sse2.os)
 .note.GNU-stack
                0x0000000000000000        0x0 /home/mritunjya/rooms/cryptography/crypto-hack/crackmes-one/glibc-2.34/build/elf/rtld-libc.a(rtld-stpcpy-sse2.os)
 .note.GNU-stack
                0x0000000000000000        0x0 /home/mritunjya/rooms/cryptography/crypto-hack/crackmes-one/glibc-2.34/build/elf/rtld-libc.a(rtld-strcspn-sse2.os)
 .note.GNU-stack
                0x0000000000000000        0x0 /home/mritunjya/rooms/cryptography/crypto-hack/crackmes-one/glibc-2.34/build/elf/rtld-libc.a(rtld-memmove-sse2-unaligned-erms.os)
 .note.GNU-stack
                0x0000000000000000        0x0 /home/mritunjya/rooms/cryptography/crypto-hack/crackmes-one/glibc-2.34/build/elf/rtld-libc.a(rtld-memset-sse2-unaligned-erms.os)
 .note.GNU-stack
                0x0000000000000000        0x0 /home/mritunjya/rooms/cryptography/crypto-hack/crackmes-one/glibc-2.34/build/elf/rtld-libc.a(rtld-setitimer.os)

.gnu.build.attributes
 *(.gnu.build.attributes)

.debug
 *(.debug)

.line
 *(.line)

.debug_srcinfo
 *(.debug_srcinfo)

.debug_sfnames
 *(.debug_sfnames)

.debug_aranges  0x0000000000000000     0x1300
 *(.debug_aranges)
 .debug_aranges
                0x0000000000000000      0x9c0 /home/mritunjya/rooms/cryptography/crypto-hack/crackmes-one/glibc-2.34/build/elf/dl-allobjs.os
 .debug_aranges
                0x00000000000009c0       0x30 /home/mritunjya/rooms/cryptography/crypto-hack/crackmes-one/glibc-2.34/build/elf/rtld-libc.a(rtld-check_fds.os)
 .debug_aranges
                0x00000000000009f0       0x20 /home/mritunjya/rooms/cryptography/crypto-hack/crackmes-one/glibc-2.34/build/elf/rtld-libc.a(rtld-errno.os)
 .debug_aranges
                0x0000000000000a10       0x30 /home/mritunjya/rooms/cryptography/crypto-hack/crackmes-one/glibc-2.34/build/elf/rtld-libc.a(rtld-closedir.os)
 .debug_aranges
                0x0000000000000a40       0x30 /home/mritunjya/rooms/cryptography/crypto-hack/crackmes-one/glibc-2.34/build/elf/rtld-libc.a(rtld-rewinddir.os)
 .debug_aranges
                0x0000000000000a70       0x30 /home/mritunjya/rooms/cryptography/crypto-hack/crackmes-one/glibc-2.34/build/elf/rtld-libc.a(rtld-readdir64.os)
 .debug_aranges
                0x0000000000000aa0       0x30 /home/mritunjya/rooms/cryptography/crypto-hack/crackmes-one/glibc-2.34/build/elf/rtld-libc.a(rtld-fdopendir.os)
 .debug_aranges
                0x0000000000000ad0       0x30 /home/mritunjya/rooms/cryptography/crypto-hack/crackmes-one/glibc-2.34/build/elf/rtld-libc.a(rtld-getdents64.os)
 .debug_aranges
                0x0000000000000b00       0x30 /home/mritunjya/rooms/cryptography/crypto-hack/crackmes-one/glibc-2.34/build/elf/rtld-libc.a(rtld-dl-addr-obj.os)
 .debug_aranges
                0x0000000000000b30       0x30 /home/mritunjya/rooms/cryptography/crypto-hack/crackmes-one/glibc-2.34/build/elf/rtld-libc.a(rtld-profil.os)
 .debug_aranges
                0x0000000000000b60       0x30 /home/mritunjya/rooms/cryptography/crypto-hack/crackmes-one/glibc-2.34/build/elf/rtld-libc.a(rtld-prof-freq.os)
 .debug_aranges
                0x0000000000000b90       0x30 /home/mritunjya/rooms/cryptography/crypto-hack/crackmes-one/glibc-2.34/build/elf/rtld-libc.a(rtld-stat64.os)
 .debug_aranges
                0x0000000000000bc0       0x30 /home/mritunjya/rooms/cryptography/crypto-hack/crackmes-one/glibc-2.34/build/elf/rtld-libc.a(rtld-fstat64.os)
 .debug_aranges
                0x0000000000000bf0       0x30 /home/mritunjya/rooms/cryptography/crypto-hack/crackmes-one/glibc-2.34/build/elf/rtld-libc.a(rtld-lstat64.os)
 .debug_aranges
                0x0000000000000c20       0x30 /home/mritunjya/rooms/cryptography/crypto-hack/crackmes-one/glibc-2.34/build/elf/rtld-libc.a(rtld-fstatat64.os)
 .debug_aranges
                0x0000000000000c50       0x30 /home/mritunjya/rooms/cryptography/crypto-hack/crackmes-one/glibc-2.34/build/elf/rtld-libc.a(rtld-openat64.os)
 .debug_aranges
                0x0000000000000c80       0x30 /home/mritunjya/rooms/cryptography/crypto-hack/crackmes-one/glibc-2.34/build/elf/rtld-libc.a(rtld-lseek64.os)
 .debug_aranges
                0x0000000000000cb0       0x30 /home/mritunjya/rooms/cryptography/crypto-hack/crackmes-one/glibc-2.34/build/elf/rtld-libc.a(rtld-access.os)
 .debug_aranges
                0x0000000000000ce0       0x30 /home/mritunjya/rooms/cryptography/crypto-hack/crackmes-one/glibc-2.34/build/elf/rtld-libc.a(rtld-close_nocancel.os)
 .debug_aranges
                0x0000000000000d10       0x30 /home/mritunjya/rooms/cryptography/crypto-hack/crackmes-one/glibc-2.34/build/elf/rtld-libc.a(rtld-fcntl_nocancel.os)
 .debug_aranges
                0x0000000000000d40       0x30 /home/mritunjya/rooms/cryptography/crypto-hack/crackmes-one/glibc-2.34/build/elf/rtld-libc.a(rtld-open64_nocancel.os)
 .debug_aranges
                0x0000000000000d70       0x30 /home/mritunjya/rooms/cryptography/crypto-hack/crackmes-one/glibc-2.34/build/elf/rtld-libc.a(rtld-read_nocancel.os)
 .debug_aranges
                0x0000000000000da0       0x30 /home/mritunjya/rooms/cryptography/crypto-hack/crackmes-one/glibc-2.34/build/elf/rtld-libc.a(rtld-pread64_nocancel.os)
 .debug_aranges
                0x0000000000000dd0       0x30 /home/mritunjya/rooms/cryptography/crypto-hack/crackmes-one/glibc-2.34/build/elf/rtld-libc.a(rtld-write_nocancel.os)
 .debug_aranges
                0x0000000000000e00       0x30 /home/mritunjya/rooms/cryptography/crypto-hack/crackmes-one/glibc-2.34/build/elf/rtld-libc.a(rtld-scratch_buffer_set_array_size.os)
 .debug_aranges
                0x0000000000000e30       0x30 /home/mritunjya/rooms/cryptography/crypto-hack/crackmes-one/glibc-2.34/build/elf/rtld-libc.a(rtld-mmap64.os)
 .debug_aranges
                0x0000000000000e60       0x30 /home/mritunjya/rooms/cryptography/crypto-hack/crackmes-one/glibc-2.34/build/elf/rtld-libc.a(rtld-munmap.os)
 .debug_aranges
                0x0000000000000e90       0x30 /home/mritunjya/rooms/cryptography/crypto-hack/crackmes-one/glibc-2.34/build/elf/rtld-libc.a(rtld-mprotect.os)
 .debug_aranges
                0x0000000000000ec0       0x30 /home/mritunjya/rooms/cryptography/crypto-hack/crackmes-one/glibc-2.34/build/elf/rtld-libc.a(rtld-lowlevellock.os)
 .debug_aranges
                0x0000000000000ef0       0x30 /home/mritunjya/rooms/cryptography/crypto-hack/crackmes-one/glibc-2.34/build/elf/rtld-libc.a(rtld-uname.os)
 .debug_aranges
                0x0000000000000f20       0x30 /home/mritunjya/rooms/cryptography/crypto-hack/crackmes-one/glibc-2.34/build/elf/rtld-libc.a(rtld-_exit.os)
 .debug_aranges
                0x0000000000000f50       0x30 /home/mritunjya/rooms/cryptography/crypto-hack/crackmes-one/glibc-2.34/build/elf/rtld-libc.a(rtld-getpid.os)
 .debug_aranges
                0x0000000000000f80       0x20 /home/mritunjya/rooms/cryptography/crypto-hack/crackmes-one/glibc-2.34/build/elf/rtld-libc.a(rtld-environ.os)
 .debug_aranges
                0x0000000000000fa0       0x30 /home/mritunjya/rooms/cryptography/crypto-hack/crackmes-one/glibc-2.34/build/elf/rtld-libc.a(rtld-setjmp.os)
 .debug_aranges
                0x0000000000000fd0       0x30 /home/mritunjya/rooms/cryptography/crypto-hack/crackmes-one/glibc-2.34/build/elf/rtld-libc.a(rtld-__longjmp.os)
 .debug_aranges
                0x0000000000001000       0x30 /home/mritunjya/rooms/cryptography/crypto-hack/crackmes-one/glibc-2.34/build/elf/rtld-libc.a(rtld-sigaction.os)
 .debug_aranges
                0x0000000000001030       0x30 /home/mritunjya/rooms/cryptography/crypto-hack/crackmes-one/glibc-2.34/build/elf/rtld-libc.a(rtld-libc_sigaction.os)
 .debug_aranges
                0x0000000000001060       0x30 /home/mritunjya/rooms/cryptography/crypto-hack/crackmes-one/glibc-2.34/build/elf/rtld-libc.a(rtld-strdup.os)
 .debug_aranges
                0x0000000000001090       0x30 /home/mritunjya/rooms/cryptography/crypto-hack/crackmes-one/glibc-2.34/build/elf/rtld-libc.a(rtld-strcmp-sse2.os)
 .debug_aranges
                0x00000000000010c0       0x30 /home/mritunjya/rooms/cryptography/crypto-hack/crackmes-one/glibc-2.34/build/elf/rtld-libc.a(rtld-strncmp-sse2.os)
 .debug_aranges
                0x00000000000010f0       0x30 /home/mritunjya/rooms/cryptography/crypto-hack/crackmes-one/glibc-2.34/build/elf/rtld-libc.a(rtld-memchr-sse2.os)
 .debug_aranges
                0x0000000000001120       0x30 /home/mritunjya/rooms/cryptography/crypto-hack/crackmes-one/glibc-2.34/build/elf/rtld-libc.a(rtld-rawmemchr-sse2.os)
 .debug_aranges
                0x0000000000001150       0x30 /home/mritunjya/rooms/cryptography/crypto-hack/crackmes-one/glibc-2.34/build/elf/rtld-libc.a(rtld-memcmp-sse2.os)
 .debug_aranges
                0x0000000000001180       0x30 /home/mritunjya/rooms/cryptography/crypto-hack/crackmes-one/glibc-2.34/build/elf/rtld-libc.a(rtld-strchr-sse2.os)
 .debug_aranges
                0x00000000000011b0       0x30 /home/mritunjya/rooms/cryptography/crypto-hack/crackmes-one/glibc-2.34/build/elf/rtld-libc.a(rtld-strlen-sse2.os)
 .debug_aranges
                0x00000000000011e0       0x30 /home/mritunjya/rooms/cryptography/crypto-hack/crackmes-one/glibc-2.34/build/elf/rtld-libc.a(rtld-strnlen-sse2.os)
 .debug_aranges
                0x0000000000001210       0x30 /home/mritunjya/rooms/cryptography/crypto-hack/crackmes-one/glibc-2.34/build/elf/rtld-libc.a(rtld-stpcpy-sse2.os)
 .debug_aranges
                0x0000000000001240       0x30 /home/mritunjya/rooms/cryptography/crypto-hack/crackmes-one/glibc-2.34/build/elf/rtld-libc.a(rtld-strcspn-sse2.os)
 .debug_aranges
                0x0000000000001270       0x30 /home/mritunjya/rooms/cryptography/crypto-hack/crackmes-one/glibc-2.34/build/elf/rtld-libc.a(rtld-memmove-sse2-unaligned-erms.os)
 .debug_aranges
                0x00000000000012a0       0x30 /home/mritunjya/rooms/cryptography/crypto-hack/crackmes-one/glibc-2.34/build/elf/rtld-libc.a(rtld-memset-sse2-unaligned-erms.os)
 .debug_aranges
                0x00000000000012d0       0x30 /home/mritunjya/rooms/cryptography/crypto-hack/crackmes-one/glibc-2.34/build/elf/rtld-libc.a(rtld-setitimer.os)

.debug_pubnames
 *(.debug_pubnames)

.debug_info     0x0000000000000000    0xcf9e4
 *(.debug_info)
 .debug_info    0x0000000000000000    0xb6bc1 /home/mritunjya/rooms/cryptography/crypto-hack/crackmes-one/glibc-2.34/build/elf/dl-allobjs.os
 .debug_info    0x00000000000b6bc1      0xced /home/mritunjya/rooms/cryptography/crypto-hack/crackmes-one/glibc-2.34/build/elf/rtld-libc.a(rtld-check_fds.os)
 .debug_info    0x00000000000b78ae      0x886 /home/mritunjya/rooms/cryptography/crypto-hack/crackmes-one/glibc-2.34/build/elf/rtld-libc.a(rtld-errno.os)
 .debug_info    0x00000000000b8134      0xa7a /home/mritunjya/rooms/cryptography/crypto-hack/crackmes-one/glibc-2.34/build/elf/rtld-libc.a(rtld-closedir.os)
 .debug_info    0x00000000000b8bae      0xa04 /home/mritunjya/rooms/cryptography/crypto-hack/crackmes-one/glibc-2.34/build/elf/rtld-libc.a(rtld-rewinddir.os)
 .debug_info    0x00000000000b95b2      0xa9d /home/mritunjya/rooms/cryptography/crypto-hack/crackmes-one/glibc-2.34/build/elf/rtld-libc.a(rtld-readdir64.os)
 .debug_info    0x00000000000ba04f      0xc12 /home/mritunjya/rooms/cryptography/crypto-hack/crackmes-one/glibc-2.34/build/elf/rtld-libc.a(rtld-fdopendir.os)
 .debug_info    0x00000000000bac61      0x990 /home/mritunjya/rooms/cryptography/crypto-hack/crackmes-one/glibc-2.34/build/elf/rtld-libc.a(rtld-getdents64.os)
 .debug_info    0x00000000000bb5f1     0x13b6 /home/mritunjya/rooms/cryptography/crypto-hack/crackmes-one/glibc-2.34/build/elf/rtld-libc.a(rtld-dl-addr-obj.os)
 .debug_info    0x00000000000bc9a7      0xd1c /home/mritunjya/rooms/cryptography/crypto-hack/crackmes-one/glibc-2.34/build/elf/rtld-libc.a(rtld-profil.os)
 .debug_info    0x00000000000bd6c3     0x2cf8 /home/mritunjya/rooms/cryptography/crypto-hack/crackmes-one/glibc-2.34/build/elf/rtld-libc.a(rtld-prof-freq.os)
 .debug_info    0x00000000000c03bb      0x299 /home/mritunjya/rooms/cryptography/crypto-hack/crackmes-one/glibc-2.34/build/elf/rtld-libc.a(rtld-stat64.os)
 .debug_info    0x00000000000c0654      0x2c0 /home/mritunjya/rooms/cryptography/crypto-hack/crackmes-one/glibc-2.34/build/elf/rtld-libc.a(rtld-fstat64.os)
 .debug_info    0x00000000000c0914      0x29b /home/mritunjya/rooms/cryptography/crypto-hack/crackmes-one/glibc-2.34/build/elf/rtld-libc.a(rtld-lstat64.os)
 .debug_info    0x00000000000c0baf      0xc36 /home/mritunjya/rooms/cryptography/crypto-hack/crackmes-one/glibc-2.34/build/elf/rtld-libc.a(rtld-fstatat64.os)
 .debug_info    0x00000000000c17e5      0xb01 /home/mritunjya/rooms/cryptography/crypto-hack/crackmes-one/glibc-2.34/build/elf/rtld-libc.a(rtld-openat64.os)
 .debug_info    0x00000000000c22e6      0x9f6 /home/mritunjya/rooms/cryptography/crypto-hack/crackmes-one/glibc-2.34/build/elf/rtld-libc.a(rtld-lseek64.os)
 .debug_info    0x00000000000c2cdc      0x9bb /home/mritunjya/rooms/cryptography/crypto-hack/crackmes-one/glibc-2.34/build/elf/rtld-libc.a(rtld-access.os)
 .debug_info    0x00000000000c3697      0x98e /home/mritunjya/rooms/cryptography/crypto-hack/crackmes-one/glibc-2.34/build/elf/rtld-libc.a(rtld-close_nocancel.os)
 .debug_info    0x00000000000c4025      0xcbf /home/mritunjya/rooms/cryptography/crypto-hack/crackmes-one/glibc-2.34/build/elf/rtld-libc.a(rtld-fcntl_nocancel.os)
 .debug_info    0x00000000000c4ce4      0xab8 /home/mritunjya/rooms/cryptography/crypto-hack/crackmes-one/glibc-2.34/build/elf/rtld-libc.a(rtld-open64_nocancel.os)
 .debug_info    0x00000000000c579c      0xa06 /home/mritunjya/rooms/cryptography/crypto-hack/crackmes-one/glibc-2.34/build/elf/rtld-libc.a(rtld-read_nocancel.os)
 .debug_info    0x00000000000c61a2      0xa48 /home/mritunjya/rooms/cryptography/crypto-hack/crackmes-one/glibc-2.34/build/elf/rtld-libc.a(rtld-pread64_nocancel.os)
 .debug_info    0x00000000000c6bea      0xa0d /home/mritunjya/rooms/cryptography/crypto-hack/crackmes-one/glibc-2.34/build/elf/rtld-libc.a(rtld-write_nocancel.os)
 .debug_info    0x00000000000c75f7      0x501 /home/mritunjya/rooms/cryptography/crypto-hack/crackmes-one/glibc-2.34/build/elf/rtld-libc.a(rtld-scratch_buffer_set_array_size.os)
 .debug_info    0x00000000000c7af8     0x324a /home/mritunjya/rooms/cryptography/crypto-hack/crackmes-one/glibc-2.34/build/elf/rtld-libc.a(rtld-mmap64.os)
 .debug_info    0x00000000000cad42       0x2e /home/mritunjya/rooms/cryptography/crypto-hack/crackmes-one/glibc-2.34/build/elf/rtld-libc.a(rtld-munmap.os)
 .debug_info    0x00000000000cad70       0x2e /home/mritunjya/rooms/cryptography/crypto-hack/crackmes-one/glibc-2.34/build/elf/rtld-libc.a(rtld-mprotect.os)
 .debug_info    0x00000000000cad9e     0x14a7 /home/mritunjya/rooms/cryptography/crypto-hack/crackmes-one/glibc-2.34/build/elf/rtld-libc.a(rtld-lowlevellock.os)
 .debug_info    0x00000000000cc245       0x2e /home/mritunjya/rooms/cryptography/crypto-hack/crackmes-one/glibc-2.34/build/elf/rtld-libc.a(rtld-uname.os)
 .debug_info    0x00000000000cc273      0x9d3 /home/mritunjya/rooms/cryptography/crypto-hack/crackmes-one/glibc-2.34/build/elf/rtld-libc.a(rtld-_exit.os)
 .debug_info    0x00000000000ccc46       0x2e /home/mritunjya/rooms/cryptography/crypto-hack/crackmes-one/glibc-2.34/build/elf/rtld-libc.a(rtld-getpid.os)
 .debug_info    0x00000000000ccc74      0x103 /home/mritunjya/rooms/cryptography/crypto-hack/crackmes-one/glibc-2.34/build/elf/rtld-libc.a(rtld-environ.os)
 .debug_info    0x00000000000ccd77       0x2e /home/mritunjya/rooms/cryptography/crypto-hack/crackmes-one/glibc-2.34/build/elf/rtld-libc.a(rtld-setjmp.os)
 .debug_info    0x00000000000ccda5       0x2e /home/mritunjya/rooms/cryptography/crypto-hack/crackmes-one/glibc-2.34/build/elf/rtld-libc.a(rtld-__longjmp.os)
 .debug_info    0x00000000000ccdd3      0xe3f /home/mritunjya/rooms/cryptography/crypto-hack/crackmes-one/glibc-2.34/build/elf/rtld-libc.a(rtld-sigaction.os)
 .debug_info    0x00000000000cdc12      0xdcc /home/mritunjya/rooms/cryptography/crypto-hack/crackmes-one/glibc-2.34/build/elf/rtld-libc.a(rtld-libc_sigaction.os)
 .debug_info    0x00000000000ce9de      0x3b3 /home/mritunjya/rooms/cryptography/crypto-hack/crackmes-one/glibc-2.34/build/elf/rtld-libc.a(rtld-strdup.os)
 .debug_info    0x00000000000ced91       0x2e /home/mritunjya/rooms/cryptography/crypto-hack/crackmes-one/glibc-2.34/build/elf/rtld-libc.a(rtld-strcmp-sse2.os)
 .debug_info    0x00000000000cedbf       0x2e /home/mritunjya/rooms/cryptography/crypto-hack/crackmes-one/glibc-2.34/build/elf/rtld-libc.a(rtld-strncmp-sse2.os)
 .debug_info    0x00000000000ceded       0x2e /home/mritunjya/rooms/cryptography/crypto-hack/crackmes-one/glibc-2.34/build/elf/rtld-libc.a(rtld-memchr-sse2.os)
 .debug_info    0x00000000000cee1b       0x2e /home/mritunjya/rooms/cryptography/crypto-hack/crackmes-one/glibc-2.34/build/elf/rtld-libc.a(rtld-rawmemchr-sse2.os)
 .debug_info    0x00000000000cee49       0x2e /home/mritunjya/rooms/cryptography/crypto-hack/crackmes-one/glibc-2.34/build/elf/rtld-libc.a(rtld-memcmp-sse2.os)
 .debug_info    0x00000000000cee77       0x2e /home/mritunjya/rooms/cryptography/crypto-hack/crackmes-one/glibc-2.34/build/elf/rtld-libc.a(rtld-strchr-sse2.os)
 .debug_info    0x00000000000ceea5       0x2e /home/mritunjya/rooms/cryptography/crypto-hack/crackmes-one/glibc-2.34/build/elf/rtld-libc.a(rtld-strlen-sse2.os)
 .debug_info    0x00000000000ceed3       0x2e /home/mritunjya/rooms/cryptography/crypto-hack/crackmes-one/glibc-2.34/build/elf/rtld-libc.a(rtld-strnlen-sse2.os)
 .debug_info    0x00000000000cef01       0x2e /home/mritunjya/rooms/cryptography/crypto-hack/crackmes-one/glibc-2.34/build/elf/rtld-libc.a(rtld-stpcpy-sse2.os)
 .debug_info    0x00000000000cef2f       0x2e /home/mritunjya/rooms/cryptography/crypto-hack/crackmes-one/glibc-2.34/build/elf/rtld-libc.a(rtld-strcspn-sse2.os)
 .debug_info    0x00000000000cef5d       0x2e /home/mritunjya/rooms/cryptography/crypto-hack/crackmes-one/glibc-2.34/build/elf/rtld-libc.a(rtld-memmove-sse2-unaligned-erms.os)
 .debug_info    0x00000000000cef8b       0x2e /home/mritunjya/rooms/cryptography/crypto-hack/crackmes-one/glibc-2.34/build/elf/rtld-libc.a(rtld-memset-sse2-unaligned-erms.os)
 .debug_info    0x00000000000cefb9      0xa2b /home/mritunjya/rooms/cryptography/crypto-hack/crackmes-one/glibc-2.34/build/elf/rtld-libc.a(rtld-setitimer.os)

.debug_abbrev   0x0000000000000000    0x153c9
 *(.debug_abbrev)
 .debug_abbrev  0x0000000000000000    0x10f53 /home/mritunjya/rooms/cryptography/crypto-hack/crackmes-one/glibc-2.34/build/elf/dl-allobjs.os
 .debug_abbrev  0x0000000000010f53      0x27a /home/mritunjya/rooms/cryptography/crypto-hack/crackmes-one/glibc-2.34/build/elf/rtld-libc.a(rtld-check_fds.os)
 .debug_abbrev  0x00000000000111cd      0x163 /home/mritunjya/rooms/cryptography/crypto-hack/crackmes-one/glibc-2.34/build/elf/rtld-libc.a(rtld-errno.os)
 .debug_abbrev  0x0000000000011330      0x267 /home/mritunjya/rooms/cryptography/crypto-hack/crackmes-one/glibc-2.34/build/elf/rtld-libc.a(rtld-closedir.os)
 .debug_abbrev  0x0000000000011597      0x1fd /home/mritunjya/rooms/cryptography/crypto-hack/crackmes-one/glibc-2.34/build/elf/rtld-libc.a(rtld-rewinddir.os)
 .debug_abbrev  0x0000000000011794      0x23f /home/mritunjya/rooms/cryptography/crypto-hack/crackmes-one/glibc-2.34/build/elf/rtld-libc.a(rtld-readdir64.os)
 .debug_abbrev  0x00000000000119d3      0x231 /home/mritunjya/rooms/cryptography/crypto-hack/crackmes-one/glibc-2.34/build/elf/rtld-libc.a(rtld-fdopendir.os)
 .debug_abbrev  0x0000000000011c04      0x1ce /home/mritunjya/rooms/cryptography/crypto-hack/crackmes-one/glibc-2.34/build/elf/rtld-libc.a(rtld-getdents64.os)
 .debug_abbrev  0x0000000000011dd2      0x27d /home/mritunjya/rooms/cryptography/crypto-hack/crackmes-one/glibc-2.34/build/elf/rtld-libc.a(rtld-dl-addr-obj.os)
 .debug_abbrev  0x000000000001204f      0x32b /home/mritunjya/rooms/cryptography/crypto-hack/crackmes-one/glibc-2.34/build/elf/rtld-libc.a(rtld-profil.os)